Archive member included to satisfy reference by file (symbol)

c:/progra~2/gnuarm~1/102021~1.10/bin/../lib/gcc/arm-none-eabi/10.3.1/../../../../arm-none-eabi/lib/thumb/v7-m/nofp\libg.a(lib_a-errno.o)
                              CMakeFiles/RTOS_TEST.elf.dir/Core/Src/retarget.c.obj (__errno)
c:/progra~2/gnuarm~1/102021~1.10/bin/../lib/gcc/arm-none-eabi/10.3.1/../../../../arm-none-eabi/lib/thumb/v7-m/nofp\libg.a(lib_a-exit.o)
                              c:/progra~2/gnuarm~1/102021~1.10/bin/../lib/gcc/arm-none-eabi/10.3.1/../../../../arm-none-eabi/lib/thumb/v7-m/nofp/crt0.o (exit)
c:/progra~2/gnuarm~1/102021~1.10/bin/../lib/gcc/arm-none-eabi/10.3.1/../../../../arm-none-eabi/lib/thumb/v7-m/nofp\libg.a(lib_a-impure.o)
                              c:/progra~2/gnuarm~1/102021~1.10/bin/../lib/gcc/arm-none-eabi/10.3.1/../../../../arm-none-eabi/lib/thumb/v7-m/nofp\libg.a(lib_a-exit.o) (_global_impure_ptr)
c:/progra~2/gnuarm~1/102021~1.10/bin/../lib/gcc/arm-none-eabi/10.3.1/../../../../arm-none-eabi/lib/thumb/v7-m/nofp\libg.a(lib_a-init.o)
                              c:/progra~2/gnuarm~1/102021~1.10/bin/../lib/gcc/arm-none-eabi/10.3.1/../../../../arm-none-eabi/lib/thumb/v7-m/nofp/crt0.o (__libc_init_array)
c:/progra~2/gnuarm~1/102021~1.10/bin/../lib/gcc/arm-none-eabi/10.3.1/../../../../arm-none-eabi/lib/thumb/v7-m/nofp\libg.a(lib_a-memcpy.o)
                              CMakeFiles/RTOS_TEST.elf.dir/Core/SYSTEM/usart/usart.c.obj (memcpy)
c:/progra~2/gnuarm~1/102021~1.10/bin/../lib/gcc/arm-none-eabi/10.3.1/../../../../arm-none-eabi/lib/thumb/v7-m/nofp\libg.a(lib_a-memset.o)
                              c:/progra~2/gnuarm~1/102021~1.10/bin/../lib/gcc/arm-none-eabi/10.3.1/../../../../arm-none-eabi/lib/thumb/v7-m/nofp/crt0.o (memset)
c:/progra~2/gnuarm~1/102021~1.10/bin/../lib/gcc/arm-none-eabi/10.3.1/../../../../arm-none-eabi/lib/thumb/v7-m/nofp\libg.a(lib_a-setvbuf.o)
                              CMakeFiles/RTOS_TEST.elf.dir/Core/Src/retarget.c.obj (setvbuf)
c:/progra~2/gnuarm~1/102021~1.10/bin/../lib/gcc/arm-none-eabi/10.3.1/../../../../arm-none-eabi/lib/thumb/v7-m/nofp\libg.a(lib_a-__call_atexit.o)
                              c:/progra~2/gnuarm~1/102021~1.10/bin/../lib/gcc/arm-none-eabi/10.3.1/../../../../arm-none-eabi/lib/thumb/v7-m/nofp\libg.a(lib_a-exit.o) (__call_exitprocs)
c:/progra~2/gnuarm~1/102021~1.10/bin/../lib/gcc/arm-none-eabi/10.3.1/../../../../arm-none-eabi/lib/thumb/v7-m/nofp\libg.a(lib_a-atexit.o)
                              c:/progra~2/gnuarm~1/102021~1.10/bin/../lib/gcc/arm-none-eabi/10.3.1/../../../../arm-none-eabi/lib/thumb/v7-m/nofp\libg.a(lib_a-__call_atexit.o) (atexit)
c:/progra~2/gnuarm~1/102021~1.10/bin/../lib/gcc/arm-none-eabi/10.3.1/../../../../arm-none-eabi/lib/thumb/v7-m/nofp\libg.a(lib_a-fflush.o)
                              c:/progra~2/gnuarm~1/102021~1.10/bin/../lib/gcc/arm-none-eabi/10.3.1/../../../../arm-none-eabi/lib/thumb/v7-m/nofp\libg.a(lib_a-setvbuf.o) (_fflush_r)
c:/progra~2/gnuarm~1/102021~1.10/bin/../lib/gcc/arm-none-eabi/10.3.1/../../../../arm-none-eabi/lib/thumb/v7-m/nofp\libg.a(lib_a-findfp.o)
                              c:/progra~2/gnuarm~1/102021~1.10/bin/../lib/gcc/arm-none-eabi/10.3.1/../../../../arm-none-eabi/lib/thumb/v7-m/nofp\libg.a(lib_a-setvbuf.o) (__sinit)
c:/progra~2/gnuarm~1/102021~1.10/bin/../lib/gcc/arm-none-eabi/10.3.1/../../../../arm-none-eabi/lib/thumb/v7-m/nofp\libg.a(lib_a-fini.o)
                              c:/progra~2/gnuarm~1/102021~1.10/bin/../lib/gcc/arm-none-eabi/10.3.1/../../../../arm-none-eabi/lib/thumb/v7-m/nofp\libg.a(lib_a-__call_atexit.o) (__libc_fini_array)
c:/progra~2/gnuarm~1/102021~1.10/bin/../lib/gcc/arm-none-eabi/10.3.1/../../../../arm-none-eabi/lib/thumb/v7-m/nofp\libg.a(lib_a-freer.o)
                              c:/progra~2/gnuarm~1/102021~1.10/bin/../lib/gcc/arm-none-eabi/10.3.1/../../../../arm-none-eabi/lib/thumb/v7-m/nofp\libg.a(lib_a-setvbuf.o) (_free_r)
c:/progra~2/gnuarm~1/102021~1.10/bin/../lib/gcc/arm-none-eabi/10.3.1/../../../../arm-none-eabi/lib/thumb/v7-m/nofp\libg.a(lib_a-fwalk.o)
                              c:/progra~2/gnuarm~1/102021~1.10/bin/../lib/gcc/arm-none-eabi/10.3.1/../../../../arm-none-eabi/lib/thumb/v7-m/nofp\libg.a(lib_a-findfp.o) (_fwalk)
c:/progra~2/gnuarm~1/102021~1.10/bin/../lib/gcc/arm-none-eabi/10.3.1/../../../../arm-none-eabi/lib/thumb/v7-m/nofp\libg.a(lib_a-lock.o)
                              c:/progra~2/gnuarm~1/102021~1.10/bin/../lib/gcc/arm-none-eabi/10.3.1/../../../../arm-none-eabi/lib/thumb/v7-m/nofp\libg.a(lib_a-findfp.o) (__retarget_lock_init_recursive)
c:/progra~2/gnuarm~1/102021~1.10/bin/../lib/gcc/arm-none-eabi/10.3.1/../../../../arm-none-eabi/lib/thumb/v7-m/nofp\libg.a(lib_a-makebuf.o)
                              c:/progra~2/gnuarm~1/102021~1.10/bin/../lib/gcc/arm-none-eabi/10.3.1/../../../../arm-none-eabi/lib/thumb/v7-m/nofp\libg.a(lib_a-setvbuf.o) (__swhatbuf_r)
[...]
Memory Configuration

Name             Origin             Length             Attributes
RAM              0x20000000         0x00005000         xrw
FLASH            0x08000000         0x00010000         xr
*default*        0x00000000         0xffffffff

Linker script and memory map

LOAD c:/progra~2/gnuarm~1/102021~1.10/bin/../lib/gcc/arm-none-eabi/10.3.1/thumb/v7-m/nofp/crti.o
LOAD c:/progra~2/gnuarm~1/102021~1.10/bin/../lib/gcc/arm-none-eabi/10.3.1/thumb/v7-m/nofp/crtbegin.o
LOAD c:/progra~2/gnuarm~1/102021~1.10/bin/../lib/gcc/arm-none-eabi/10.3.1/../../../../arm-none-eabi/lib/thumb/v7-m/nofp/crt0.o
LOAD CMakeFiles/RTOS_TEST.elf.dir/Core/SYSTEM/delay/delay.c.obj
LOAD CMakeFiles/RTOS_TEST.elf.dir/Core/SYSTEM/sys/sys.c.obj
LOAD CMakeFiles/RTOS_TEST.elf.dir/Core/SYSTEM/usart/usart.c.obj
LOAD CMakeFiles/RTOS_TEST.elf.dir/Core/Src/adc.c.obj
LOAD CMakeFiles/RTOS_TEST.elf.dir/Core/Src/dma.c.obj
LOAD CMakeFiles/RTOS_TEST.elf.dir/Core/Src/freertos.c.obj
LOAD CMakeFiles/RTOS_TEST.elf.dir/Core/Src/gpio.c.obj
LOAD CMakeFiles/RTOS_TEST.elf.dir/Core/Src/main.c.obj
LOAD CMakeFiles/RTOS_TEST.elf.dir/Core/Src/retarget.c.obj
LOAD CMakeFiles/RTOS_TEST.elf.dir/Core/Src/spi.c.obj
LOAD CMakeFiles/RTOS_TEST.elf.dir/Core/Src/stm32f1xx_hal_msp.c.obj
LOAD CMakeFiles/RTOS_TEST.elf.dir/Core/Src/stm32f1xx_it.c.obj
LOAD CMakeFiles/RTOS_TEST.elf.dir/Core/Src/syscalls.c.obj
LOAD CMakeFiles/RTOS_TEST.elf.dir/Core/Src/system_stm32f1xx.c.obj
LOAD CMakeFiles/RTOS_TEST.elf.dir/Core/Src/tim.c.obj
LOAD CMakeFiles/RTOS_TEST.elf.dir/Drivers/STM32F1xx_HAL_Driver/Src/stm32f1xx_hal.c.obj
LOAD CMakeFiles/RTOS_TEST.elf.dir/Drivers/STM32F1xx_HAL_Driver/Src/stm32f1xx_hal_adc.c.obj
LOAD CMakeFiles/RTOS_TEST.elf.dir/Drivers/STM32F1xx_HAL_Driver/Src/stm32f1xx_hal_adc_ex.c.obj
LOAD CMakeFiles/RTOS_TEST.elf.dir/Drivers/STM32F1xx_HAL_Driver/Src/stm32f1xx_hal_cortex.c.obj
LOAD CMakeFiles/RTOS_TEST.elf.dir/Drivers/STM32F1xx_HAL_Driver/Src/stm32f1xx_hal_dma.c.obj
LOAD CMakeFiles/RTOS_TEST.elf.dir/Drivers/STM32F1xx_HAL_Driver/Src/stm32f1xx_hal_exti.c.obj
LOAD CMakeFiles/RTOS_TEST.elf.dir/Drivers/STM32F1xx_HAL_Driver/Src/stm32f1xx_hal_flash.c.obj
LOAD CMakeFiles/RTOS_TEST.elf.dir/Drivers/STM32F1xx_HAL_Driver/Src/stm32f1xx_hal_flash_ex.c.obj
LOAD CMakeFiles/RTOS_TEST.elf.dir/Drivers/STM32F1xx_HAL_Driver/Src/stm32f1xx_hal_gpio.c.obj
LOAD CMakeFiles/RTOS_TEST.elf.dir/Drivers/STM32F1xx_HAL_Driver/Src/stm32f1xx_hal_gpio_ex.c.obj
LOAD CMakeFiles/RTOS_TEST.elf.dir/Drivers/STM32F1xx_HAL_Driver/Src/stm32f1xx_hal_pwr.c.obj
LOAD CMakeFiles/RTOS_TEST.elf.dir/Drivers/STM32F1xx_HAL_Driver/Src/stm32f1xx_hal_rcc.c.obj
LOAD CMakeFiles/RTOS_TEST.elf.dir/Drivers/STM32F1xx_HAL_Driver/Src/stm32f1xx_hal_rcc_ex.c.obj
LOAD CMakeFiles/RTOS_TEST.elf.dir/Drivers/STM32F1xx_HAL_Driver/Src/stm32f1xx_hal_spi.c.obj
LOAD CMakeFiles/RTOS_TEST.elf.dir/Drivers/STM32F1xx_HAL_Driver/Src/stm32f1xx_hal_tim.c.obj
LOAD CMakeFiles/RTOS_TEST.elf.dir/Drivers/STM32F1xx_HAL_Driver/Src/stm32f1xx_hal_tim_ex.c.obj
LOAD CMakeFiles/RTOS_TEST.elf.dir/Drivers/STM32F1xx_HAL_Driver/Src/stm32f1xx_hal_uart.c.obj
LOAD CMakeFiles/RTOS_TEST.elf.dir/Middlewares/Third_Party/FreeRTOS/Source/CMSIS_RTOS/cmsis_os.c.obj
LOAD CMakeFiles/RTOS_TEST.elf.dir/Middlewares/Third_Party/FreeRTOS/Source/croutine.c.obj
LOAD CMakeFiles/RTOS_TEST.elf.dir/Middlewares/Third_Party/FreeRTOS/Source/event_groups.c.obj
LOAD CMakeFiles/RTOS_TEST.elf.dir/Middlewares/Third_Party/FreeRTOS/Source/list.c.obj
LOAD CMakeFiles/RTOS_TEST.elf.dir/Middlewares/Third_Party/FreeRTOS/Source/portable/GCC/ARM_CM3/port.c.obj
LOAD CMakeFiles/RTOS_TEST.elf.dir/Middlewares/Third_Party/FreeRTOS/Source/portable/MemMang/heap_4.c.obj
LOAD CMakeFiles/RTOS_TEST.elf.dir/Middlewares/Third_Party/FreeRTOS/Source/queue.c.obj
LOAD CMakeFiles/RTOS_TEST.elf.dir/Middlewares/Third_Party/FreeRTOS/Source/stream_buffer.c.obj
LOAD CMakeFiles/RTOS_TEST.elf.dir/Middlewares/Third_Party/FreeRTOS/Source/tasks.c.obj
LOAD CMakeFiles/RTOS_TEST.elf.dir/Middlewares/Third_Party/FreeRTOS/Source/timers.c.obj
LOAD CMakeFiles/RTOS_TEST.elf.dir/startup/startup_stm32f103xb.s.obj
START GROUP
LOAD c:/progra~2/gnuarm~1/102021~1.10/bin/../lib/gcc/arm-none-eabi/10.3.1/thumb/v7-m/nofp\libgcc.a
LOAD c:/progra~2/gnuarm~1/102021~1.10/bin/../lib/gcc/arm-none-eabi/10.3.1/../../../../arm-none-eabi/lib/thumb/v7-m/nofp\libg.a
LOAD c:/progra~2/gnuarm~1/102021~1.10/bin/../lib/gcc/arm-none-eabi/10.3.1/../../../../arm-none-eabi/lib/thumb/v7-m/nofp\libc.a
END GROUP
LOAD c:/progra~2/gnuarm~1/102021~1.10/bin/../lib/gcc/arm-none-eabi/10.3.1/thumb/v7-m/nofp/crtend.o
LOAD c:/progra~2/gnuarm~1/102021~1.10/bin/../lib/gcc/arm-none-eabi/10.3.1/thumb/v7-m/nofp/crtn.o
                0x20005000                _estack = 0x20005000
                0x00000200                _Min_Heap_Size = 0x200
                0x00000400                _Min_Stack_Size = 0x400

.isr_vector     0x08000000      0x10c
                0x08000000                . = ALIGN (0x4)
 *(.isr_vector)
 .isr_vector    0x08000000      0x10c CMakeFiles/RTOS_TEST.elf.dir/startup/startup_stm32f103xb.s.obj
                0x08000000                g_pfnVectors
                0x0800010c                . = ALIGN (0x4)

.text           0x08000110     0x481c
                0x08000110                . = ALIGN (0x4)
 *(.text)
 .text          0x08000110       0x40 c:/progra~2/gnuarm~1/102021~1.10/bin/../lib/gcc/arm-none-eabi/10.3.1/thumb/v7-m/nofp/crtbegin.o
 .text          0x08000150       0xec c:/progra~2/gnuarm~1/102021~1.10/bin/../lib/gcc/arm-none-eabi/10.3.1/../../../../arm-none-eabi/lib/thumb/v7-m/nofp\libg.a(lib_a-memcpy.o)
                0x08000150                memcpy
 *(.text*)
 .text.uart_init_1
                0x0800023c       0x40 CMakeFiles/RTOS_TEST.elf.dir/Core/SYSTEM/usart/usart.c.obj
                0x0800023c                uart_init_1
 .text.uart_init_2
                0x0800027c       0x40 CMakeFiles/RTOS_TEST.elf.dir/Core/SYSTEM/usart/usart.c.obj
                0x0800027c                uart_init_2
 .text.HAL_UART_MspInit
                0x080002bc      0x178 CMakeFiles/RTOS_TEST.elf.dir/Core/SYSTEM/usart/usart.c.obj
                0x080002bc                HAL_UART_MspInit
 .text.HAL_UART_RxCpltCallback
                0x08000434      0x108 CMakeFiles/RTOS_TEST.elf.dir/Core/SYSTEM/usart/usart.c.obj
                0x08000434                HAL_UART_RxCpltCallback
 .text.USART1_IRQHandler
                0x0800053c       0x2c CMakeFiles/RTOS_TEST.elf.dir/Core/SYSTEM/usart/usart.c.obj
                0x0800053c                USART1_IRQHandler
 .text.USART2_IRQHandler
                0x08000568       0x2c CMakeFiles/RTOS_TEST.elf.dir/Core/SYSTEM/usart/usart.c.obj
                0x08000568                USART2_IRQHandler
 .text.MX_ADC1_Init
                0x08000594      0x144 CMakeFiles/RTOS_TEST.elf.dir/Core/Src/adc.c.obj
                0x08000594                MX_ADC1_Init
 .text.HAL_ADC_MspInit
                0x080006d8       0xd0 CMakeFiles/RTOS_TEST.elf.dir/Core/Src/adc.c.obj
                0x080006d8                HAL_ADC_MspInit
 .text.MX_DMA_Init
                0x080007a8       0x54 CMakeFiles/RTOS_TEST.elf.dir/Core/Src/dma.c.obj
                0x080007a8                MX_DMA_Init
 .text.StartDefaultTask
                0x080007fc        0xa CMakeFiles/RTOS_TEST.elf.dir/Core/Src/freertos.c.obj
                0x080007fc                StartDefaultTask
 .text.adcTask1
                0x08000806        0xa CMakeFiles/RTOS_TEST.elf.dir/Core/Src/freertos.c.obj
                0x08000806                adcTask1
 .text.uartRxTask1
                0x08000810        0xa CMakeFiles/RTOS_TEST.elf.dir/Core/Src/freertos.c.obj
                0x08000810                uartRxTask1
 *fill*         0x0800081a        0x2 
 .text.ledTask1
                0x0800081c       0x30 CMakeFiles/RTOS_TEST.elf.dir/Core/Src/freertos.c.obj
                0x0800081c                ledTask1
 .text.vApplicationGetIdleTaskMemory
                0x0800084c       0x18 CMakeFiles/RTOS_TEST.elf.dir/Core/Src/freertos.c.obj
                0x0800084c                vApplicationGetIdleTaskMemory
 .text.MX_FREERTOS_Init
                0x08000864       0xac CMakeFiles/RTOS_TEST.elf.dir/Core/Src/freertos.c.obj
                0x08000864                MX_FREERTOS_Init
 .text.MX_GPIO_Init
                0x08000910       0x74 CMakeFiles/RTOS_TEST.elf.dir/Core/Src/gpio.c.obj
                0x08000910                MX_GPIO_Init
 .text.Error_Handler
                0x08000984        0x4 CMakeFiles/RTOS_TEST.elf.dir/Core/Src/main.c.obj
                0x08000984                Error_Handler
 .text.SystemClock_Config
                0x08000988       0x84 CMakeFiles/RTOS_TEST.elf.dir/Core/Src/main.c.obj
                0x08000988                SystemClock_Config
 .text.main     0x08000a0c       0x40 CMakeFiles/RTOS_TEST.elf.dir/Core/Src/main.c.obj
                0x08000a0c                main
 .text.RetargetInit
                0x08000a4c       0x20 CMakeFiles/RTOS_TEST.elf.dir/Core/Src/retarget.c.obj
                0x08000a4c                RetargetInit
 .text._write   0x08000a6c       0x34 CMakeFiles/RTOS_TEST.elf.dir/Core/Src/retarget.c.obj
                0x08000a6c                _write
 .text._read    0x08000aa0       0x30 CMakeFiles/RTOS_TEST.elf.dir/Core/Src/retarget.c.obj
                0x08000aa0                _read
 .text.HAL_MspInit
                0x08000ad0       0x54 CMakeFiles/RTOS_TEST.elf.dir/Core/Src/stm32f1xx_hal_msp.c.obj
                0x08000ad0                HAL_MspInit
 .text.NMI_Handler
                0x08000b24        0x2 CMakeFiles/RTOS_TEST.elf.dir/Core/Src/stm32f1xx_it.c.obj
                0x08000b24                NMI_Handler
 .text.HardFault_Handler
                0x08000b26        0x2 CMakeFiles/RTOS_TEST.elf.dir/Core/Src/stm32f1xx_it.c.obj
                0x08000b26                HardFault_Handler
 .text.MemManage_Handler
                0x08000b28        0x2 CMakeFiles/RTOS_TEST.elf.dir/Core/Src/stm32f1xx_it.c.obj
                0x08000b28                MemManage_Handler
 .text.BusFault_Handler
                0x08000b2a        0x2 CMakeFiles/RTOS_TEST.elf.dir/Core/Src/stm32f1xx_it.c.obj
                0x08000b2a                BusFault_Handler
 .text.UsageFault_Handler
                0x08000b2c        0x2 CMakeFiles/RTOS_TEST.elf.dir/Core/Src/stm32f1xx_it.c.obj
                0x08000b2c                UsageFault_Handler
 .text.DebugMon_Handler
                0x08000b2e        0x2 CMakeFiles/RTOS_TEST.elf.dir/Core/Src/stm32f1xx_it.c.obj
                0x08000b2e                DebugMon_Handler
 .text.SysTick_Handler
                0x08000b30       0x16 CMakeFiles/RTOS_TEST.elf.dir/Core/Src/stm32f1xx_it.c.obj
                0x08000b30                SysTick_Handler
 *fill*         0x08000b46        0x2 
 .text.DMA1_Channel1_IRQHandler
                0x08000b48       0x10 CMakeFiles/RTOS_TEST.elf.dir/Core/Src/stm32f1xx_it.c.obj
                0x08000b48                DMA1_Channel1_IRQHandler
 .text.DMA1_Channel4_IRQHandler
                0x08000b58       0x10 CMakeFiles/RTOS_TEST.elf.dir/Core/Src/stm32f1xx_it.c.obj
                0x08000b58                DMA1_Channel4_IRQHandler
 .text.DMA1_Channel5_IRQHandler
                0x08000b68       0x10 CMakeFiles/RTOS_TEST.elf.dir/Core/Src/stm32f1xx_it.c.obj
                0x08000b68                DMA1_Channel5_IRQHandler
 .text.ADC1_2_IRQHandler
                0x08000b78       0x10 CMakeFiles/RTOS_TEST.elf.dir/Core/Src/stm32f1xx_it.c.obj
                0x08000b78                ADC1_2_IRQHandler
 .text.TIM2_IRQHandler
                0x08000b88       0x10 CMakeFiles/RTOS_TEST.elf.dir/Core/Src/stm32f1xx_it.c.obj
                0x08000b88                TIM2_IRQHandler
 .text._sbrk    0x08000b98       0x3c CMakeFiles/RTOS_TEST.elf.dir/Core/Src/syscalls.c.obj
                0x08000b98                _sbrk
 .text._close   0x08000bd4        0x6 CMakeFiles/RTOS_TEST.elf.dir/Core/Src/syscalls.c.obj
                0x08000bd4                _close
 .text._fstat   0x08000bda        0xa CMakeFiles/RTOS_TEST.elf.dir/Core/Src/syscalls.c.obj
                0x08000bda                _fstat
 .text._lseek   0x08000be4        0x4 CMakeFiles/RTOS_TEST.elf.dir/Core/Src/syscalls.c.obj
                0x08000be4                _lseek
 .text.SystemInit
                0x08000be8        0x2 CMakeFiles/RTOS_TEST.elf.dir/Core/Src/system_stm32f1xx.c.obj
                0x08000be8                SystemInit
 *fill*         0x08000bea        0x2 
 .text.MX_TIM2_Init
                0x08000bec       0x80 CMakeFiles/RTOS_TEST.elf.dir/Core/Src/tim.c.obj
                0x08000bec                MX_TIM2_Init
 .text.HAL_TIM_PWM_MspInit
                0x08000c6c       0x3a CMakeFiles/RTOS_TEST.elf.dir/Core/Src/tim.c.obj
                0x08000c6c                HAL_TIM_PWM_MspInit
 *fill*         0x08000ca6        0x2 
 .text.HAL_InitTick
                0x08000ca8       0x4c CMakeFiles/RTOS_TEST.elf.dir/Drivers/STM32F1xx_HAL_Driver/Src/stm32f1xx_hal.c.obj
                0x08000ca8                HAL_InitTick
 .text.HAL_Init
                0x08000cf4       0x24 CMakeFiles/RTOS_TEST.elf.dir/Drivers/STM32F1xx_HAL_Driver/Src/stm32f1xx_hal.c.obj
                0x08000cf4                HAL_Init
 .text.HAL_IncTick
                0x08000d18       0x18 CMakeFiles/RTOS_TEST.elf.dir/Drivers/STM32F1xx_HAL_Driver/Src/stm32f1xx_hal.c.obj
                0x08000d18                HAL_IncTick
 .text.HAL_GetTick
                0x08000d30        0xc CMakeFiles/RTOS_TEST.elf.dir/Drivers/STM32F1xx_HAL_Driver/Src/stm32f1xx_hal.c.obj
                0x08000d30                HAL_GetTick
 .text.HAL_ADC_ConvCpltCallback
                0x08000d3c        0x2 CMakeFiles/RTOS_TEST.elf.dir/Drivers/STM32F1xx_HAL_Driver/Src/stm32f1xx_hal_adc.c.obj
                0x08000d3c                HAL_ADC_ConvCpltCallback
 .text.HAL_ADC_LevelOutOfWindowCallback
                0x08000d3e        0x2 CMakeFiles/RTOS_TEST.elf.dir/Drivers/STM32F1xx_HAL_Driver/Src/stm32f1xx_hal_adc.c.obj
                0x08000d3e                HAL_ADC_LevelOutOfWindowCallback
 .text.HAL_ADC_IRQHandler
                0x08000d40      0x10c CMakeFiles/RTOS_TEST.elf.dir/Drivers/STM32F1xx_HAL_Driver/Src/stm32f1xx_hal_adc.c.obj
                0x08000d40                HAL_ADC_IRQHandler
 .text.HAL_ADC_ConfigChannel
                0x08000e4c      0x144 CMakeFiles/RTOS_TEST.elf.dir/Drivers/STM32F1xx_HAL_Driver/Src/stm32f1xx_hal_adc.c.obj
                0x08000e4c                HAL_ADC_ConfigChannel
 .text.ADC_ConversionStop_Disable
                0x08000f90       0x56 CMakeFiles/RTOS_TEST.elf.dir/Drivers/STM32F1xx_HAL_Driver/Src/stm32f1xx_hal_adc.c.obj
                0x08000f90                ADC_ConversionStop_Disable
 *fill*         0x08000fe6        0x2 
 .text.HAL_ADC_Init
                0x08000fe8      0x108 CMakeFiles/RTOS_TEST.elf.dir/Drivers/STM32F1xx_HAL_Driver/Src/stm32f1xx_hal_adc.c.obj
                0x08000fe8                HAL_ADC_Init
 .text.HAL_ADCEx_InjectedConvCpltCallback
                0x080010f0        0x2 CMakeFiles/RTOS_TEST.elf.dir/Drivers/STM32F1xx_HAL_Driver/Src/stm32f1xx_hal_adc_ex.c.obj
                0x080010f0                HAL_ADCEx_InjectedConvCpltCallback
 *fill*         0x080010f2        0x2 
 .text.HAL_NVIC_SetPriorityGrouping
                0x080010f4       0x24 CMakeFiles/RTOS_TEST.elf.dir/Drivers/STM32F1xx_HAL_Driver/Src/stm32f1xx_hal_cortex.c.obj
                0x080010f4                HAL_NVIC_SetPriorityGrouping
 .text.HAL_NVIC_SetPriority
                0x08001118       0x70 CMakeFiles/RTOS_TEST.elf.dir/Drivers/STM32F1xx_HAL_Driver/Src/stm32f1xx_hal_cortex.c.obj
                0x08001118                HAL_NVIC_SetPriority
 .text.HAL_NVIC_EnableIRQ
                0x08001188       0x1c CMakeFiles/RTOS_TEST.elf.dir/Drivers/STM32F1xx_HAL_Driver/Src/stm32f1xx_hal_cortex.c.obj
                0x08001188                HAL_NVIC_EnableIRQ
 .text.HAL_SYSTICK_Config
                0x080011a4       0x28 CMakeFiles/RTOS_TEST.elf.dir/Drivers/STM32F1xx_HAL_Driver/Src/stm32f1xx_hal_cortex.c.obj
                0x080011a4                HAL_SYSTICK_Config
 .text.HAL_DMA_Init
                0x080011cc       0x6c CMakeFiles/RTOS_TEST.elf.dir/Drivers/STM32F1xx_HAL_Driver/Src/stm32f1xx_hal_dma.c.obj
                0x080011cc                HAL_DMA_Init
 .text.HAL_DMA_Abort
                0x08001238       0x44 CMakeFiles/RTOS_TEST.elf.dir/Drivers/STM32F1xx_HAL_Driver/Src/stm32f1xx_hal_dma.c.obj
                0x08001238                HAL_DMA_Abort
 .text.HAL_DMA_Abort_IT
                0x0800127c       0x98 CMakeFiles/RTOS_TEST.elf.dir/Drivers/STM32F1xx_HAL_Driver/Src/stm32f1xx_hal_dma.c.obj
                0x0800127c                HAL_DMA_Abort_IT
 .text.HAL_DMA_IRQHandler
                0x08001314      0x144 CMakeFiles/RTOS_TEST.elf.dir/Drivers/STM32F1xx_HAL_Driver/Src/stm32f1xx_hal_dma.c.obj
                0x08001314                HAL_DMA_IRQHandler
 .text.HAL_GPIO_Init
                0x08001458      0x224 CMakeFiles/RTOS_TEST.elf.dir/Drivers/STM32F1xx_HAL_Driver/Src/stm32f1xx_hal_gpio.c.obj
                0x08001458                HAL_GPIO_Init
 .text.HAL_GPIO_WritePin
                0x0800167c        0xc CMakeFiles/RTOS_TEST.elf.dir/Drivers/STM32F1xx_HAL_Driver/Src/stm32f1xx_hal_gpio.c.obj
                0x0800167c                HAL_GPIO_WritePin
 .text.RCC_Delay
                0x08001688       0x2c CMakeFiles/RTOS_TEST.elf.dir/Drivers/STM32F1xx_HAL_Driver/Src/stm32f1xx_hal_rcc.c.obj
 .text.HAL_RCC_OscConfig
                0x080016b4      0x410 CMakeFiles/RTOS_TEST.elf.dir/Drivers/STM32F1xx_HAL_Driver/Src/stm32f1xx_hal_rcc.c.obj
                0x080016b4                HAL_RCC_OscConfig
 .text.HAL_RCC_GetSysClockFreq
                0x08001ac4       0x70 CMakeFiles/RTOS_TEST.elf.dir/Drivers/STM32F1xx_HAL_Driver/Src/stm32f1xx_hal_rcc.c.obj
                0x08001ac4                HAL_RCC_GetSysClockFreq
 .text.HAL_RCC_ClockConfig
                0x08001b34      0x16c CMakeFiles/RTOS_TEST.elf.dir/Drivers/STM32F1xx_HAL_Driver/Src/stm32f1xx_hal_rcc.c.obj
                0x08001b34                HAL_RCC_ClockConfig
 .text.HAL_RCC_GetHCLKFreq
                0x08001ca0        0xc CMakeFiles/RTOS_TEST.elf.dir/Drivers/STM32F1xx_HAL_Driver/Src/stm32f1xx_hal_rcc.c.obj
                0x08001ca0                HAL_RCC_GetHCLKFreq
 .text.HAL_RCC_GetPCLK1Freq
                0x08001cac       0x20 CMakeFiles/RTOS_TEST.elf.dir/Drivers/STM32F1xx_HAL_Driver/Src/stm32f1xx_hal_rcc.c.obj
                0x08001cac                HAL_RCC_GetPCLK1Freq
 .text.HAL_RCC_GetPCLK2Freq
                0x08001ccc       0x20 CMakeFiles/RTOS_TEST.elf.dir/Drivers/STM32F1xx_HAL_Driver/Src/stm32f1xx_hal_rcc.c.obj
                0x08001ccc                HAL_RCC_GetPCLK2Freq
 .text.HAL_RCCEx_PeriphCLKConfig
                0x08001cec      0x118 CMakeFiles/RTOS_TEST.elf.dir/Drivers/STM32F1xx_HAL_Driver/Src/stm32f1xx_hal_rcc_ex.c.obj
                0x08001cec                HAL_RCCEx_PeriphCLKConfig
 .text.TIM_OC1_SetConfig
                0x08001e04       0x5c CMakeFiles/RTOS_TEST.elf.dir/Drivers/STM32F1xx_HAL_Driver/Src/stm32f1xx_hal_tim.c.obj
 .text.TIM_OC3_SetConfig
                0x08001e60       0x64 CMakeFiles/RTOS_TEST.elf.dir/Drivers/STM32F1xx_HAL_Driver/Src/stm32f1xx_hal_tim.c.obj
 .text.TIM_OC4_SetConfig
                0x08001ec4       0x48 CMakeFiles/RTOS_TEST.elf.dir/Drivers/STM32F1xx_HAL_Driver/Src/stm32f1xx_hal_tim.c.obj
 .text.HAL_TIM_PeriodElapsedCallback
                0x08001f0c        0x2 CMakeFiles/RTOS_TEST.elf.dir/Drivers/STM32F1xx_HAL_Driver/Src/stm32f1xx_hal_tim.c.obj
                0x08001f0c                HAL_TIM_PeriodElapsedCallback
 .text.HAL_TIM_OC_DelayElapsedCallback
                0x08001f0e        0x2 CMakeFiles/RTOS_TEST.elf.dir/Drivers/STM32F1xx_HAL_Driver/Src/stm32f1xx_hal_tim.c.obj
                0x08001f0e                HAL_TIM_OC_DelayElapsedCallback
 .text.HAL_TIM_IC_CaptureCallback
                0x08001f10        0x2 CMakeFiles/RTOS_TEST.elf.dir/Drivers/STM32F1xx_HAL_Driver/Src/stm32f1xx_hal_tim.c.obj
                0x08001f10                HAL_TIM_IC_CaptureCallback
 .text.HAL_TIM_PWM_PulseFinishedCallback
                0x08001f12        0x2 CMakeFiles/RTOS_TEST.elf.dir/Drivers/STM32F1xx_HAL_Driver/Src/stm32f1xx_hal_tim.c.obj
                0x08001f12                HAL_TIM_PWM_PulseFinishedCallback
 .text.HAL_TIM_TriggerCallback
                0x08001f14        0x2 CMakeFiles/RTOS_TEST.elf.dir/Drivers/STM32F1xx_HAL_Driver/Src/stm32f1xx_hal_tim.c.obj
                0x08001f14                HAL_TIM_TriggerCallback
 .text.HAL_TIM_IRQHandler
                0x08001f16      0x17a CMakeFiles/RTOS_TEST.elf.dir/Drivers/STM32F1xx_HAL_Driver/Src/stm32f1xx_hal_tim.c.obj
                0x08001f16                HAL_TIM_IRQHandler
 .text.TIM_Base_SetConfig
                0x08002090       0x74 CMakeFiles/RTOS_TEST.elf.dir/Drivers/STM32F1xx_HAL_Driver/Src/stm32f1xx_hal_tim.c.obj
                0x08002090                TIM_Base_SetConfig
 .text.HAL_TIM_PWM_Init
                0x08002104       0x58 CMakeFiles/RTOS_TEST.elf.dir/Drivers/STM32F1xx_HAL_Driver/Src/stm32f1xx_hal_tim.c.obj
                0x08002104                HAL_TIM_PWM_Init
 .text.TIM_OC2_SetConfig
                0x0800215c       0x64 CMakeFiles/RTOS_TEST.elf.dir/Drivers/STM32F1xx_HAL_Driver/Src/stm32f1xx_hal_tim.c.obj
                0x0800215c                TIM_OC2_SetConfig
 .text.HAL_TIM_PWM_ConfigChannel
                0x080021c0       0xd0 CMakeFiles/RTOS_TEST.elf.dir/Drivers/STM32F1xx_HAL_Driver/Src/stm32f1xx_hal_tim.c.obj
                0x080021c0                HAL_TIM_PWM_ConfigChannel
 .text.HAL_TIMEx_MasterConfigSynchronization
                0x08002290       0x6c CMakeFiles/RTOS_TEST.elf.dir/Drivers/STM32F1xx_HAL_Driver/Src/stm32f1xx_hal_tim_ex.c.obj
                0x08002290                HAL_TIMEx_MasterConfigSynchronization
 .text.HAL_TIMEx_CommutCallback
                0x080022fc        0x2 CMakeFiles/RTOS_TEST.elf.dir/Drivers/STM32F1xx_HAL_Driver/Src/stm32f1xx_hal_tim_ex.c.obj
                0x080022fc                HAL_TIMEx_CommutCallback
 .text.HAL_TIMEx_BreakCallback
                0x080022fe        0x2 CMakeFiles/RTOS_TEST.elf.dir/Drivers/STM32F1xx_HAL_Driver/Src/stm32f1xx_hal_tim_ex.c.obj
                0x080022fe                HAL_TIMEx_BreakCallback
 .text.UART_EndRxTransfer
                0x08002300       0x32 CMakeFiles/RTOS_TEST.elf.dir/Drivers/STM32F1xx_HAL_Driver/Src/stm32f1xx_hal_uart.c.obj
 .text.UART_Transmit_IT
                0x08002332       0x60 CMakeFiles/RTOS_TEST.elf.dir/Drivers/STM32F1xx_HAL_Driver/Src/stm32f1xx_hal_uart.c.obj
 *fill*         0x08002392        0x2 
 .text.UART_SetConfig
                0x08002394       0x94 CMakeFiles/RTOS_TEST.elf.dir/Drivers/STM32F1xx_HAL_Driver/Src/stm32f1xx_hal_uart.c.obj
 .text.UART_WaitOnFlagUntilTimeout
                0x08002428       0x6c CMakeFiles/RTOS_TEST.elf.dir/Drivers/STM32F1xx_HAL_Driver/Src/stm32f1xx_hal_uart.c.obj
 .text.HAL_UART_Init
                0x08002494       0x5e CMakeFiles/RTOS_TEST.elf.dir/Drivers/STM32F1xx_HAL_Driver/Src/stm32f1xx_hal_uart.c.obj
                0x08002494                HAL_UART_Init
 .text.HAL_UART_Transmit
                0x080024f2       0xd8 CMakeFiles/RTOS_TEST.elf.dir/Drivers/STM32F1xx_HAL_Driver/Src/stm32f1xx_hal_uart.c.obj
                0x080024f2                HAL_UART_Transmit
 .text.HAL_UART_Receive
                0x080025ca       0xe4 CMakeFiles/RTOS_TEST.elf.dir/Drivers/STM32F1xx_HAL_Driver/Src/stm32f1xx_hal_uart.c.obj
                0x080025ca                HAL_UART_Receive
 .text.HAL_UART_TxCpltCallback
                0x080026ae        0x2 CMakeFiles/RTOS_TEST.elf.dir/Drivers/STM32F1xx_HAL_Driver/Src/stm32f1xx_hal_uart.c.obj
                0x080026ae                HAL_UART_TxCpltCallback
 .text.UART_EndTransmit_IT
                0x080026b0       0x1a CMakeFiles/RTOS_TEST.elf.dir/Drivers/STM32F1xx_HAL_Driver/Src/stm32f1xx_hal_uart.c.obj
 .text.HAL_UART_ErrorCallback
                0x080026ca        0x2 CMakeFiles/RTOS_TEST.elf.dir/Drivers/STM32F1xx_HAL_Driver/Src/stm32f1xx_hal_uart.c.obj
                0x080026ca                HAL_UART_ErrorCallback
 .text.UART_DMAAbortOnError
                0x080026cc       0x10 CMakeFiles/RTOS_TEST.elf.dir/Drivers/STM32F1xx_HAL_Driver/Src/stm32f1xx_hal_uart.c.obj
 .text.HAL_UARTEx_RxEventCallback
                0x080026dc        0x2 CMakeFiles/RTOS_TEST.elf.dir/Drivers/STM32F1xx_HAL_Driver/Src/stm32f1xx_hal_uart.c.obj
                0x080026dc                HAL_UARTEx_RxEventCallback
 .text.UART_Receive_IT
                0x080026de       0xd4 CMakeFiles/RTOS_TEST.elf.dir/Drivers/STM32F1xx_HAL_Driver/Src/stm32f1xx_hal_uart.c.obj
 *fill*         0x080027b2        0x2 
 .text.HAL_UART_IRQHandler
                0x080027b4      0x204 CMakeFiles/RTOS_TEST.elf.dir/Drivers/STM32F1xx_HAL_Driver/Src/stm32f1xx_hal_uart.c.obj
                0x080027b4                HAL_UART_IRQHandler
 .text.HAL_UART_GetState
                0x080029b8        0xc CMakeFiles/RTOS_TEST.elf.dir/Drivers/STM32F1xx_HAL_Driver/Src/stm32f1xx_hal_uart.c.obj
                0x080029b8                HAL_UART_GetState
 .text.UART_Start_Receive_IT
                0x080029c4       0x36 CMakeFiles/RTOS_TEST.elf.dir/Drivers/STM32F1xx_HAL_Driver/Src/stm32f1xx_hal_uart.c.obj
                0x080029c4                UART_Start_Receive_IT
 .text.HAL_UART_Receive_IT
                0x080029fa       0x38 CMakeFiles/RTOS_TEST.elf.dir/Drivers/STM32F1xx_HAL_Driver/Src/stm32f1xx_hal_uart.c.obj
                0x080029fa                HAL_UART_Receive_IT
 .text.makeFreeRtosPriority
                0x08002a32        0xc CMakeFiles/RTOS_TEST.elf.dir/Middlewares/Third_Party/FreeRTOS/Source/CMSIS_RTOS/cmsis_os.c.obj
 .text.osKernelStart
                0x08002a3e        0xa CMakeFiles/RTOS_TEST.elf.dir/Middlewares/Third_Party/FreeRTOS/Source/CMSIS_RTOS/cmsis_os.c.obj
                0x08002a3e                osKernelStart
 .text.osThreadCreate
                0x08002a48       0x6a CMakeFiles/RTOS_TEST.elf.dir/Middlewares/Third_Party/FreeRTOS/Source/CMSIS_RTOS/cmsis_os.c.obj
                0x08002a48                osThreadCreate
 .text.osDelay  0x08002ab2        0xe CMakeFiles/RTOS_TEST.elf.dir/Middlewares/Third_Party/FreeRTOS/Source/CMSIS_RTOS/cmsis_os.c.obj
                0x08002ab2                osDelay
 .text.vListInitialise
                0x08002ac0       0x16 CMakeFiles/RTOS_TEST.elf.dir/Middlewares/Third_Party/FreeRTOS/Source/list.c.obj
                0x08002ac0                vListInitialise
 .text.vListInitialiseItem
                0x08002ad6        0x6 CMakeFiles/RTOS_TEST.elf.dir/Middlewares/Third_Party/FreeRTOS/Source/list.c.obj
                0x08002ad6                vListInitialiseItem
 .text.vListInsertEnd
                0x08002adc       0x16 CMakeFiles/RTOS_TEST.elf.dir/Middlewares/Third_Party/FreeRTOS/Source/list.c.obj
                0x08002adc                vListInsertEnd
 .text.vListInsert
                0x08002af2       0x32 CMakeFiles/RTOS_TEST.elf.dir/Middlewares/Third_Party/FreeRTOS/Source/list.c.obj
                0x08002af2                vListInsert
 .text.uxListRemove
                0x08002b24       0x26 CMakeFiles/RTOS_TEST.elf.dir/Middlewares/Third_Party/FreeRTOS/Source/list.c.obj
                0x08002b24                uxListRemove
 *fill*         0x08002b4a        0x2 
 .text.prvTaskExitError
                0x08002b4c       0x40 CMakeFiles/RTOS_TEST.elf.dir/Middlewares/Third_Party/FreeRTOS/Source/portable/GCC/ARM_CM3/port.c.obj
 .text.prvPortStartFirstTask
                0x08002b8c       0x20 CMakeFiles/RTOS_TEST.elf.dir/Middlewares/Third_Party/FreeRTOS/Source/portable/GCC/ARM_CM3/port.c.obj
 .text.pxPortInitialiseStack
                0x08002bac       0x24 CMakeFiles/RTOS_TEST.elf.dir/Middlewares/Third_Party/FreeRTOS/Source/portable/GCC/ARM_CM3/port.c.obj
                0x08002bac                pxPortInitialiseStack
 .text.SVC_Handler
                0x08002bd0       0x24 CMakeFiles/RTOS_TEST.elf.dir/Middlewares/Third_Party/FreeRTOS/Source/portable/GCC/ARM_CM3/port.c.obj
                0x08002bd0                SVC_Handler
 .text.vPortEnterCritical
                0x08002bf4       0x44 CMakeFiles/RTOS_TEST.elf.dir/Middlewares/Third_Party/FreeRTOS/Source/portable/GCC/ARM_CM3/port.c.obj
                0x08002bf4                vPortEnterCritical
 .text.vPortExitCritical
                0x08002c38       0x2c CMakeFiles/RTOS_TEST.elf.dir/Middlewares/Third_Party/FreeRTOS/Source/portable/GCC/ARM_CM3/port.c.obj
                0x08002c38                vPortExitCritical
 *fill*         0x08002c64        0xc 
 .text.PendSV_Handler
                0x08002c70       0x44 CMakeFiles/RTOS_TEST.elf.dir/Middlewares/Third_Party/FreeRTOS/Source/portable/GCC/ARM_CM3/port.c.obj
                0x08002c70                PendSV_Handler
 .text.xPortSysTickHandler
                0x08002cb4       0x2c CMakeFiles/RTOS_TEST.elf.dir/Middlewares/Third_Party/FreeRTOS/Source/portable/GCC/ARM_CM3/port.c.obj
                0x08002cb4                xPortSysTickHandler
 .text.vPortSetupTimerInterrupt
                0x08002ce0       0x28 CMakeFiles/RTOS_TEST.elf.dir/Middlewares/Third_Party/FreeRTOS/Source/portable/GCC/ARM_CM3/port.c.obj
                0x08002ce0                vPortSetupTimerInterrupt
 .text.xPortStartScheduler
                0x08002d08       0xc0 CMakeFiles/RTOS_TEST.elf.dir/Middlewares/Third_Party/FreeRTOS/Source/portable/GCC/ARM_CM3/port.c.obj
                0x08002d08                xPortStartScheduler
 .text.prvHeapInit
                0x08002dc8       0x64 CMakeFiles/RTOS_TEST.elf.dir/Middlewares/Third_Party/FreeRTOS/Source/portable/MemMang/heap_4.c.obj
 .text.prvInsertBlockIntoFreeList
                0x08002e2c       0x60 CMakeFiles/RTOS_TEST.elf.dir/Middlewares/Third_Party/FreeRTOS/Source/portable/MemMang/heap_4.c.obj
 .text.pvPortMalloc
                0x08002e8c       0xf0 CMakeFiles/RTOS_TEST.elf.dir/Middlewares/Third_Party/FreeRTOS/Source/portable/MemMang/heap_4.c.obj
                0x08002e8c                pvPortMalloc
 .text.vPortFree
                0x08002f7c       0x70 CMakeFiles/RTOS_TEST.elf.dir/Middlewares/Third_Party/FreeRTOS/Source/portable/MemMang/heap_4.c.obj
                0x08002f7c                vPortFree
 .text.prvResetNextTaskUnblockTime
                0x08002fec       0x2c CMakeFiles/RTOS_TEST.elf.dir/Middlewares/Third_Party/FreeRTOS/Source/tasks.c.obj
 .text.prvInitialiseNewTask
                0x08003018       0x94 CMakeFiles/RTOS_TEST.elf.dir/Middlewares/Third_Party/FreeRTOS/Source/tasks.c.obj
 .text.prvInitialiseTaskLists
                0x080030ac       0x68 CMakeFiles/RTOS_TEST.elf.dir/Middlewares/Third_Party/FreeRTOS/Source/tasks.c.obj
 .text.prvAddNewTaskToReadyList
                0x08003114       0xa8 CMakeFiles/RTOS_TEST.elf.dir/Middlewares/Third_Party/FreeRTOS/Source/tasks.c.obj
 .text.prvDeleteTCB
                0x080031bc       0x38 CMakeFiles/RTOS_TEST.elf.dir/Middlewares/Third_Party/FreeRTOS/Source/tasks.c.obj
 .text.prvCheckTasksWaitingTermination
                0x080031f4       0x4c CMakeFiles/RTOS_TEST.elf.dir/Middlewares/Third_Party/FreeRTOS/Source/tasks.c.obj
 .text.prvIdleTask
                0x08003240       0x28 CMakeFiles/RTOS_TEST.elf.dir/Middlewares/Third_Party/FreeRTOS/Source/tasks.c.obj
 .text.prvAddCurrentTaskToDelayedList
                0x08003268       0x98 CMakeFiles/RTOS_TEST.elf.dir/Middlewares/Third_Party/FreeRTOS/Source/tasks.c.obj
 .text.xTaskCreateStatic
                0x08003300       0x74 CMakeFiles/RTOS_TEST.elf.dir/Middlewares/Third_Party/FreeRTOS/Source/tasks.c.obj
                0x08003300                xTaskCreateStatic
 .text.xTaskCreate
                0x08003374       0x68 CMakeFiles/RTOS_TEST.elf.dir/Middlewares/Third_Party/FreeRTOS/Source/tasks.c.obj
                0x08003374                xTaskCreate
 .text.vTaskStartScheduler
                0x080033dc       0x74 CMakeFiles/RTOS_TEST.elf.dir/Middlewares/Third_Party/FreeRTOS/Source/tasks.c.obj
                0x080033dc                vTaskStartScheduler
 .text.vTaskSuspendAll
                0x08003450       0x10 CMakeFiles/RTOS_TEST.elf.dir/Middlewares/Third_Party/FreeRTOS/Source/tasks.c.obj
                0x08003450                vTaskSuspendAll
 .text.xTaskIncrementTick
                0x08003460      0x118 CMakeFiles/RTOS_TEST.elf.dir/Middlewares/Third_Party/FreeRTOS/Source/tasks.c.obj
                0x08003460                xTaskIncrementTick
 .text.xTaskResumeAll
                0x08003578       0xf8 CMakeFiles/RTOS_TEST.elf.dir/Middlewares/Third_Party/FreeRTOS/Source/tasks.c.obj
                0x08003578                xTaskResumeAll
 .text.vTaskDelay
                0x08003670       0x4c CMakeFiles/RTOS_TEST.elf.dir/Middlewares/Third_Party/FreeRTOS/Source/tasks.c.obj
                0x08003670                vTaskDelay
 .text.vTaskSwitchContext
                0x080036bc       0x98 CMakeFiles/RTOS_TEST.elf.dir/Middlewares/Third_Party/FreeRTOS/Source/tasks.c.obj
                0x080036bc                vTaskSwitchContext
 .text.xTaskGetSchedulerState
                0x08003754       0x20 CMakeFiles/RTOS_TEST.elf.dir/Middlewares/Third_Party/FreeRTOS/Source/tasks.c.obj
                0x08003754                xTaskGetSchedulerState
 .text.Reset_Handler
                0x08003774       0x48 CMakeFiles/RTOS_TEST.elf.dir/startup/startup_stm32f103xb.s.obj
                0x08003774                Reset_Handler
 .text.Default_Handler
                0x080037bc        0x2 CMakeFiles/RTOS_TEST.elf.dir/startup/startup_stm32f103xb.s.obj
                0x080037bc                RTC_Alarm_IRQHandler
                0x080037bc                EXTI2_IRQHandler
                0x080037bc                TIM1_CC_IRQHandler
                0x080037bc                PVD_IRQHandler
                0x080037bc                EXTI3_IRQHandler
                0x080037bc                EXTI0_IRQHandler
                0x080037bc                I2C2_EV_IRQHandler
                0x080037bc                SPI1_IRQHandler
                0x080037bc                TAMPER_IRQHandler
                0x080037bc                USART3_IRQHandler
                0x080037bc                RTC_IRQHandler
                0x080037bc                DMA1_Channel7_IRQHandler
                0x080037bc                CAN1_RX1_IRQHandler
                0x080037bc                TIM4_IRQHandler
                0x080037bc                I2C1_EV_IRQHandler
                0x080037bc                DMA1_Channel6_IRQHandler
                0x080037bc                TIM3_IRQHandler
                0x080037bc                RCC_IRQHandler
                0x080037bc                TIM1_TRG_COM_IRQHandler
                0x080037bc                Default_Handler
                0x080037bc                EXTI15_10_IRQHandler
                0x080037bc                EXTI9_5_IRQHandler
                0x080037bc                SPI2_IRQHandler
                0x080037bc                EXTI4_IRQHandler
                0x080037bc                USB_LP_CAN1_RX0_IRQHandler
                0x080037bc                USB_HP_CAN1_TX_IRQHandler
                0x080037bc                DMA1_Channel3_IRQHandler
                0x080037bc                TIM1_UP_IRQHandler
                0x080037bc                WWDG_IRQHandler
                0x080037bc                TIM1_BRK_IRQHandler
                0x080037bc                EXTI1_IRQHandler
                0x080037bc                I2C2_ER_IRQHandler
                0x080037bc                DMA1_Channel2_IRQHandler
                0x080037bc                CAN1_SCE_IRQHandler
                0x080037bc                FLASH_IRQHandler
                0x080037bc                I2C1_ER_IRQHandler
                0x080037bc                USBWakeUp_IRQHandler
 *fill*         0x080037be        0x2 
 .text.__errno  0x080037c0        0xc c:/progra~2/gnuarm~1/102021~1.10/bin/../lib/gcc/arm-none-eabi/10.3.1/../../../../arm-none-eabi/lib/thumb/v7-m/nofp\libg.a(lib_a-errno.o)
                0x080037c0                __errno
 .text.__libc_init_array
                0x080037cc       0x48 c:/progra~2/gnuarm~1/102021~1.10/bin/../lib/gcc/arm-none-eabi/10.3.1/../../../../arm-none-eabi/lib/thumb/v7-m/nofp\libg.a(lib_a-init.o)
                0x080037cc                __libc_init_array
 .text.memset   0x08003814       0xa4 c:/progra~2/gnuarm~1/102021~1.10/bin/../lib/gcc/arm-none-eabi/10.3.1/../../../../arm-none-eabi/lib/thumb/v7-m/nofp\libg.a(lib_a-memset.o)
                0x08003814                memset
 .text.setvbuf  0x080038b8      0x1b0 c:/progra~2/gnuarm~1/102021~1.10/bin/../lib/gcc/arm-none-eabi/10.3.1/../../../../arm-none-eabi/lib/thumb/v7-m/nofp\libg.a(lib_a-setvbuf.o)
                0x080038b8                setvbuf
 .text.startup.register_fini
                0x08003a68       0x14 c:/progra~2/gnuarm~1/102021~1.10/bin/../lib/gcc/arm-none-eabi/10.3.1/../../../../arm-none-eabi/lib/thumb/v7-m/nofp\libg.a(lib_a-__call_atexit.o)
 .text.atexit   0x08003a7c        0xc c:/progra~2/gnuarm~1/102021~1.10/bin/../lib/gcc/arm-none-eabi/10.3.1/../../../../arm-none-eabi/lib/thumb/v7-m/nofp\libg.a(lib_a-atexit.o)
                0x08003a7c                atexit
 .text.__sflush_r
                0x08003a88      0x124 c:/progra~2/gnuarm~1/102021~1.10/bin/../lib/gcc/arm-none-eabi/10.3.1/../../../../arm-none-eabi/lib/thumb/v7-m/nofp\libg.a(lib_a-fflush.o)
                0x08003a88                __sflush_r
 .text._fflush_r
                0x08003bac       0x5c c:/progra~2/gnuarm~1/102021~1.10/bin/../lib/gcc/arm-none-eabi/10.3.1/../../../../arm-none-eabi/lib/thumb/v7-m/nofp\libg.a(lib_a-fflush.o)
                0x08003bac                _fflush_r
 .text._cleanup_r
                0x08003c08        0xc c:/progra~2/gnuarm~1/102021~1.10/bin/../lib/gcc/arm-none-eabi/10.3.1/../../../../arm-none-eabi/lib/thumb/v7-m/nofp\libg.a(lib_a-findfp.o)
                0x08003c08                _cleanup_r
 .text.__sinit  0x08003c14      0x10c c:/progra~2/gnuarm~1/102021~1.10/bin/../lib/gcc/arm-none-eabi/10.3.1/../../../../arm-none-eabi/lib/thumb/v7-m/nofp\libg.a(lib_a-findfp.o)
                0x08003c14                __sinit
 .text.__sfp_lock_acquire
                0x08003d20        0xc c:/progra~2/gnuarm~1/102021~1.10/bin/../lib/gcc/arm-none-eabi/10.3.1/../../../../arm-none-eabi/lib/thumb/v7-m/nofp\libg.a(lib_a-findfp.o)
                0x08003d20                __sfp_lock_acquire
 .text.__sfp_lock_release
                0x08003d2c        0xc c:/progra~2/gnuarm~1/102021~1.10/bin/../lib/gcc/arm-none-eabi/10.3.1/../../../../arm-none-eabi/lib/thumb/v7-m/nofp\libg.a(lib_a-findfp.o)
                0x08003d2c                __sfp_lock_release
 .text.__libc_fini_array
                0x08003d38       0x2c c:/progra~2/gnuarm~1/102021~1.10/bin/../lib/gcc/arm-none-eabi/10.3.1/../../../../arm-none-eabi/lib/thumb/v7-m/nofp\libg.a(lib_a-fini.o)
                0x08003d38                __libc_fini_array
 .text._malloc_trim_r
                0x08003d64       0xa0 c:/progra~2/gnuarm~1/102021~1.10/bin/../lib/gcc/arm-none-eabi/10.3.1/../../../../arm-none-eabi/lib/thumb/v7-m/nofp\libg.a(lib_a-freer.o)
                0x08003d64                _malloc_trim_r
 .text._free_r  0x08003e04      0x200 c:/progra~2/gnuarm~1/102021~1.10/bin/../lib/gcc/arm-none-eabi/10.3.1/../../../../arm-none-eabi/lib/thumb/v7-m/nofp\libg.a(lib_a-freer.o)
                0x08003e04                _free_r
 .text._fwalk_reent
                0x08004004       0x48 c:/progra~2/gnuarm~1/102021~1.10/bin/../lib/gcc/arm-none-eabi/10.3.1/../../../../arm-none-eabi/lib/thumb/v7-m/nofp\libg.a(lib_a-fwalk.o)
                0x08004004                _fwalk_reent
 .text.__retarget_lock_init_recursive
                0x0800404c        0x4 c:/progra~2/gnuarm~1/102021~1.10/bin/../lib/gcc/arm-none-eabi/10.3.1/../../../../arm-none-eabi/lib/thumb/v7-m/nofp\libg.a(lib_a-lock.o)
                0x0800404c                __retarget_lock_init_recursive
 .text.__retarget_lock_close_recursive
                0x08004050        0x4 c:/progra~2/gnuarm~1/102021~1.10/bin/../lib/gcc/arm-none-eabi/10.3.1/../../../../arm-none-eabi/lib/thumb/v7-m/nofp\libg.a(lib_a-lock.o)
                0x08004050                __retarget_lock_close_recursive
 .text.__retarget_lock_acquire_recursive
                0x08004054        0x4 c:/progra~2/gnuarm~1/102021~1.10/bin/../lib/gcc/arm-none-eabi/10.3.1/../../../../arm-none-eabi/lib/thumb/v7-m/nofp\libg.a(lib_a-lock.o)
                0x08004054                __retarget_lock_acquire_recursive
 .text.__retarget_lock_release_recursive
                0x08004058        0x4 c:/progra~2/gnuarm~1/102021~1.10/bin/../lib/gcc/arm-none-eabi/10.3.1/../../../../arm-none-eabi/lib/thumb/v7-m/nofp\libg.a(lib_a-lock.o)
                0x08004058                __retarget_lock_release_recursive
 .text.__swhatbuf_r
                0x0800405c       0x60 c:/progra~2/gnuarm~1/102021~1.10/bin/../lib/gcc/arm-none-eabi/10.3.1/../../../../arm-none-eabi/lib/thumb/v7-m/nofp\libg.a(lib_a-makebuf.o)
                0x0800405c                __swhatbuf_r
 .text.malloc   0x080040bc       0x10 c:/progra~2/gnuarm~1/102021~1.10/bin/../lib/gcc/arm-none-eabi/10.3.1/../../../../arm-none-eabi/lib/thumb/v7-m/nofp\libg.a(lib_a-malloc.o)
                0x080040bc                malloc
 .text._malloc_r
                0x080040cc      0x558 c:/progra~2/gnuarm~1/102021~1.10/bin/../lib/gcc/arm-none-eabi/10.3.1/../../../../arm-none-eabi/lib/thumb/v7-m/nofp\libg.a(lib_a-mallocr.o)
                0x080040cc                _malloc_r
 .text.__malloc_lock
                0x08004624        0xc c:/progra~2/gnuarm~1/102021~1.10/bin/../lib/gcc/arm-none-eabi/10.3.1/../../../../arm-none-eabi/lib/thumb/v7-m/nofp\libg.a(lib_a-mlock.o)
                0x08004624                __malloc_lock
 .text.__malloc_unlock
                0x08004630        0xc c:/progra~2/gnuarm~1/102021~1.10/bin/../lib/gcc/arm-none-eabi/10.3.1/../../../../arm-none-eabi/lib/thumb/v7-m/nofp\libg.a(lib_a-mlock.o)
                0x08004630                __malloc_unlock
 .text._sbrk_r  0x0800463c       0x24 c:/progra~2/gnuarm~1/102021~1.10/bin/../lib/gcc/arm-none-eabi/10.3.1/../../../../arm-none-eabi/lib/thumb/v7-m/nofp\libg.a(lib_a-sbrkr.o)
                0x0800463c                _sbrk_r
 .text.__sread  0x08004660       0x24 c:/progra~2/gnuarm~1/102021~1.10/bin/../lib/gcc/arm-none-eabi/10.3.1/../../../../arm-none-eabi/lib/thumb/v7-m/nofp\libg.a(lib_a-stdio.o)
                0x08004660                __sread
 .text.__swrite
                0x08004684       0x40 c:/progra~2/gnuarm~1/102021~1.10/bin/../lib/gcc/arm-none-eabi/10.3.1/../../../../arm-none-eabi/lib/thumb/v7-m/nofp\libg.a(lib_a-stdio.o)
                0x08004684                __swrite
 .text.__sseek  0x080046c4       0x20 c:/progra~2/gnuarm~1/102021~1.10/bin/../lib/gcc/arm-none-eabi/10.3.1/../../../../arm-none-eabi/lib/thumb/v7-m/nofp\libg.a(lib_a-stdio.o)
                0x080046c4                __sseek
 .text.__sclose
                0x080046e4        0x8 c:/progra~2/gnuarm~1/102021~1.10/bin/../lib/gcc/arm-none-eabi/10.3.1/../../../../arm-none-eabi/lib/thumb/v7-m/nofp\libg.a(lib_a-stdio.o)
                0x080046e4                __sclose
 .text._write_r
                0x080046ec       0x2c c:/progra~2/gnuarm~1/102021~1.10/bin/../lib/gcc/arm-none-eabi/10.3.1/../../../../arm-none-eabi/lib/thumb/v7-m/nofp\libg.a(lib_a-writer.o)
                0x080046ec                _write_r
 .text.__register_exitproc
                0x08004718       0x8c c:/progra~2/gnuarm~1/102021~1.10/bin/../lib/gcc/arm-none-eabi/10.3.1/../../../../arm-none-eabi/lib/thumb/v7-m/nofp\libg.a(lib_a-__atexit.o)
                0x08004718                __register_exitproc
 .text._close_r
                0x080047a4       0x24 c:/progra~2/gnuarm~1/102021~1.10/bin/../lib/gcc/arm-none-eabi/10.3.1/../../../../arm-none-eabi/lib/thumb/v7-m/nofp\libg.a(lib_a-closer.o)
                0x080047a4                _close_r
 .text._fclose_r
                0x080047c8       0xcc c:/progra~2/gnuarm~1/102021~1.10/bin/../lib/gcc/arm-none-eabi/10.3.1/../../../../arm-none-eabi/lib/thumb/v7-m/nofp\libg.a(lib_a-fclose.o)
                0x080047c8                _fclose_r
 .text._fstat_r
                0x08004894       0x28 c:/progra~2/gnuarm~1/102021~1.10/bin/../lib/gcc/arm-none-eabi/10.3.1/../../../../arm-none-eabi/lib/thumb/v7-m/nofp\libg.a(lib_a-fstatr.o)
                0x08004894                _fstat_r
 .text._lseek_r
                0x080048bc       0x2c c:/progra~2/gnuarm~1/102021~1.10/bin/../lib/gcc/arm-none-eabi/10.3.1/../../../../arm-none-eabi/lib/thumb/v7-m/nofp\libg.a(lib_a-lseekr.o)
                0x080048bc                _lseek_r
 .text._read_r  0x080048e8       0x2c c:/progra~2/gnuarm~1/102021~1.10/bin/../lib/gcc/arm-none-eabi/10.3.1/../../../../arm-none-eabi/lib/thumb/v7-m/nofp\libg.a(lib_a-readr.o)
                0x080048e8                _read_r
 *(.glue_7)
 .glue_7        0x08004914        0x0 linker stubs
 *(.glue_7t)
 .glue_7t       0x08004914        0x0 linker stubs
 *(.eh_frame)
 .eh_frame      0x08004914        0x0 c:/progra~2/gnuarm~1/102021~1.10/bin/../lib/gcc/arm-none-eabi/10.3.1/thumb/v7-m/nofp/crtbegin.o
 *(.init)
 .init          0x08004914        0x4 c:/progra~2/gnuarm~1/102021~1.10/bin/../lib/gcc/arm-none-eabi/10.3.1/thumb/v7-m/nofp/crti.o
                0x08004914                _init
 .init          0x08004918        0x8 c:/progra~2/gnuarm~1/102021~1.10/bin/../lib/gcc/arm-none-eabi/10.3.1/thumb/v7-m/nofp/crtn.o
 *(.fini)
 .fini          0x08004920        0x4 c:/progra~2/gnuarm~1/102021~1.10/bin/../lib/gcc/arm-none-eabi/10.3.1/thumb/v7-m/nofp/crti.o
                0x08004920                _fini
 .fini          0x08004924        0x8 c:/progra~2/gnuarm~1/102021~1.10/bin/../lib/gcc/arm-none-eabi/10.3.1/thumb/v7-m/nofp/crtn.o
                0x0800492c                . = ALIGN (0x4)
                0x0800492c                _etext = .

.vfp11_veneer   0x0800492c        0x0
 .vfp11_veneer  0x0800492c        0x0 linker stubs

.v4_bx          0x0800492c        0x0
 .v4_bx         0x0800492c        0x0 linker stubs

.iplt           0x0800492c        0x0
 .iplt          0x0800492c        0x0 c:/progra~2/gnuarm~1/102021~1.10/bin/../lib/gcc/arm-none-eabi/10.3.1/thumb/v7-m/nofp/crtbegin.o

.rodata         0x0800492c       0xd0
                0x0800492c                . = ALIGN (0x4)
 *(.rodata)
 .rodata        0x0800492c       0x70 CMakeFiles/RTOS_TEST.elf.dir/Core/Src/freertos.c.obj
 *(.rodata*)
 .rodata.str1.4
                0x0800499c       0x27 CMakeFiles/RTOS_TEST.elf.dir/Core/Src/freertos.c.obj
 *fill*         0x080049c3        0x1 
 .rodata.AHBPrescTable
                0x080049c4       0x10 CMakeFiles/RTOS_TEST.elf.dir/Core/Src/system_stm32f1xx.c.obj
                0x080049c4                AHBPrescTable
 .rodata.APBPrescTable
                0x080049d4        0x8 CMakeFiles/RTOS_TEST.elf.dir/Core/Src/system_stm32f1xx.c.obj
                0x080049d4                APBPrescTable
 .rodata.HAL_RCC_GetSysClockFreq.str1.4
                0x080049dc       0x11 CMakeFiles/RTOS_TEST.elf.dir/Drivers/STM32F1xx_HAL_Driver/Src/stm32f1xx_hal_rcc.c.obj
 *fill*         0x080049ed        0x3 
 .rodata.vTaskStartScheduler.str1.4
                0x080049f0        0x5 CMakeFiles/RTOS_TEST.elf.dir/Middlewares/Third_Party/FreeRTOS/Source/tasks.c.obj
 *fill*         0x080049f5        0x3 
 .rodata._global_impure_ptr
                0x080049f8        0x4 c:/progra~2/gnuarm~1/102021~1.10/bin/../lib/gcc/arm-none-eabi/10.3.1/../../../../arm-none-eabi/lib/thumb/v7-m/nofp\libg.a(lib_a-impure.o)
                0x080049f8                _global_impure_ptr
                0x080049fc                . = ALIGN (0x4)

.rel.dyn        0x080049fc        0x0
 .rel.iplt      0x080049fc        0x0 c:/progra~2/gnuarm~1/102021~1.10/bin/../lib/gcc/arm-none-eabi/10.3.1/thumb/v7-m/nofp/crtbegin.o

.ARM.extab
 *(.ARM.extab* .gnu.linkonce.armextab.*)

.ARM            0x080049fc        0x0
                0x080049fc                __exidx_start = .
 *(.ARM.exidx*)
                0x080049fc                __exidx_end = .

.preinit_array  0x080049fc        0x0
                0x080049fc                PROVIDE (__preinit_array_start = .)
 *(.preinit_array*)
                0x080049fc                PROVIDE (__preinit_array_end = .)

.init_array     0x080049fc        0x8
                0x080049fc                PROVIDE (__init_array_start = .)
 *(SORT_BY_NAME(.init_array.*))
 .init_array.00000
                0x080049fc        0x4 c:/progra~2/gnuarm~1/102021~1.10/bin/../lib/gcc/arm-none-eabi/10.3.1/../../../../arm-none-eabi/lib/thumb/v7-m/nofp\libg.a(lib_a-__call_atexit.o)
 *(.init_array*)
 .init_array    0x08004a00        0x4 c:/progra~2/gnuarm~1/102021~1.10/bin/../lib/gcc/arm-none-eabi/10.3.1/thumb/v7-m/nofp/crtbegin.o
                0x08004a04                PROVIDE (__init_array_end = .)

.fini_array     0x08004a04        0x4
                0x08004a04                PROVIDE (__fini_array_start = .)
 *(SORT_BY_NAME(.fini_array.*))
 *(.fini_array*)
 .fini_array    0x08004a04        0x4 c:/progra~2/gnuarm~1/102021~1.10/bin/../lib/gcc/arm-none-eabi/10.3.1/thumb/v7-m/nofp/crtbegin.o
                0x08004a08                PROVIDE (__fini_array_end = .)
                0x08004a08                _sidata = LOADADDR (.data)

.data           0x20000000      0x854 load address 0x08004a08
                0x20000000                . = ALIGN (0x4)
                0x20000000                _sdata = .
 *(.data)
 *(.data*)
 .data.SystemCoreClock
                0x20000000        0x4 CMakeFiles/RTOS_TEST.elf.dir/Core/Src/system_stm32f1xx.c.obj
                0x20000000                SystemCoreClock
 .data.uwTickFreq
                0x20000004        0x1 CMakeFiles/RTOS_TEST.elf.dir/Drivers/STM32F1xx_HAL_Driver/Src/stm32f1xx_hal.c.obj
                0x20000004                uwTickFreq
 *fill*         0x20000005        0x3 
 .data.uwTickPrio
                0x20000008        0x4 CMakeFiles/RTOS_TEST.elf.dir/Drivers/STM32F1xx_HAL_Driver/Src/stm32f1xx_hal.c.obj
                0x20000008                uwTickPrio
 .data.uxCriticalNesting
                0x2000000c        0x4 CMakeFiles/RTOS_TEST.elf.dir/Middlewares/Third_Party/FreeRTOS/Source/portable/GCC/ARM_CM3/port.c.obj
 .data._impure_ptr
                0x20000010        0x4 c:/progra~2/gnuarm~1/102021~1.10/bin/../lib/gcc/arm-none-eabi/10.3.1/../../../../arm-none-eabi/lib/thumb/v7-m/nofp\libg.a(lib_a-impure.o)
                0x20000010                _impure_ptr
 *fill*         0x20000014        0x4 
 .data.impure_data
                0x20000018      0x428 c:/progra~2/gnuarm~1/102021~1.10/bin/../lib/gcc/arm-none-eabi/10.3.1/../../../../arm-none-eabi/lib/thumb/v7-m/nofp\libg.a(lib_a-impure.o)
 .data.__atexit_recursive_mutex
                0x20000440        0x4 c:/progra~2/gnuarm~1/102021~1.10/bin/../lib/gcc/arm-none-eabi/10.3.1/../../../../arm-none-eabi/lib/thumb/v7-m/nofp\libg.a(lib_a-__call_atexit.o)
                0x20000440                __atexit_recursive_mutex
 .data.__malloc_av_
                0x20000444      0x408 c:/progra~2/gnuarm~1/102021~1.10/bin/../lib/gcc/arm-none-eabi/10.3.1/../../../../arm-none-eabi/lib/thumb/v7-m/nofp\libg.a(lib_a-mallocr.o)
                0x20000444                __malloc_av_
 .data.__malloc_sbrk_base
                0x2000084c        0x4 c:/progra~2/gnuarm~1/102021~1.10/bin/../lib/gcc/arm-none-eabi/10.3.1/../../../../arm-none-eabi/lib/thumb/v7-m/nofp\libg.a(lib_a-mallocr.o)
                0x2000084c                __malloc_sbrk_base
 .data.__malloc_trim_threshold
                0x20000850        0x4 c:/progra~2/gnuarm~1/102021~1.10/bin/../lib/gcc/arm-none-eabi/10.3.1/../../../../arm-none-eabi/lib/thumb/v7-m/nofp\libg.a(lib_a-mallocr.o)
                0x20000850                __malloc_trim_threshold
                0x20000854                . = ALIGN (0x4)
                0x20000854                _edata = .

.igot.plt       0x20000854        0x0 load address 0x0800525c
 .igot.plt      0x20000854        0x0 c:/progra~2/gnuarm~1/102021~1.10/bin/../lib/gcc/arm-none-eabi/10.3.1/thumb/v7-m/nofp/crtbegin.o
                0x20000854                . = ALIGN (0x4)

.bss            0x20000854     0x1308 load address 0x0800525c
                0x20000854                _sbss = .
                0x20000854                __bss_start__ = _sbss
 *(.bss)
 .bss           0x20000854       0x1c c:/progra~2/gnuarm~1/102021~1.10/bin/../lib/gcc/arm-none-eabi/10.3.1/thumb/v7-m/nofp/crtbegin.o
 *(.bss*)
 .bss.RX_BUF_6050
                0x20000870       0x32 CMakeFiles/RTOS_TEST.elf.dir/Core/SYSTEM/usart/usart.c.obj
                0x20000870                RX_BUF_6050
 *fill*         0x200008a2        0x2 
 .bss.UART1_Handler
                0x200008a4       0x44 CMakeFiles/RTOS_TEST.elf.dir/Core/SYSTEM/usart/usart.c.obj
                0x200008a4                UART1_Handler
 .bss.UART2_Handler
                0x200008e8       0x44 CMakeFiles/RTOS_TEST.elf.dir/Core/SYSTEM/usart/usart.c.obj
                0x200008e8                UART2_Handler
 .bss.USART_RX_BUF
                0x2000092c       0xc8 CMakeFiles/RTOS_TEST.elf.dir/Core/SYSTEM/usart/usart.c.obj
                0x2000092c                USART_RX_BUF
 .bss.USART_RX_STA
                0x200009f4        0x2 CMakeFiles/RTOS_TEST.elf.dir/Core/SYSTEM/usart/usart.c.obj
                0x200009f4                USART_RX_STA
 *fill*         0x200009f6        0x2 
 .bss.aRxBuffer
                0x200009f8        0x1 CMakeFiles/RTOS_TEST.elf.dir/Core/SYSTEM/usart/usart.c.obj
                0x200009f8                aRxBuffer
 *fill*         0x200009f9        0x3 
 .bss.bRxBuffer
                0x200009fc        0x1 CMakeFiles/RTOS_TEST.elf.dir/Core/SYSTEM/usart/usart.c.obj
                0x200009fc                bRxBuffer
 *fill*         0x200009fd        0x3 
 .bss.hdma_usart1_rx
                0x20000a00       0x44 CMakeFiles/RTOS_TEST.elf.dir/Core/SYSTEM/usart/usart.c.obj
                0x20000a00                hdma_usart1_rx
 .bss.hdma_usart1_tx
                0x20000a44       0x44 CMakeFiles/RTOS_TEST.elf.dir/Core/SYSTEM/usart/usart.c.obj
                0x20000a44                hdma_usart1_tx
 .bss.i.1       0x20000a88        0x1 CMakeFiles/RTOS_TEST.elf.dir/Core/SYSTEM/usart/usart.c.obj
 *fill*         0x20000a89        0x3 
 .bss.rebuf.0   0x20000a8c        0xd CMakeFiles/RTOS_TEST.elf.dir/Core/SYSTEM/usart/usart.c.obj
 .bss.stata_6050
                0x20000a99        0x1 CMakeFiles/RTOS_TEST.elf.dir/Core/SYSTEM/usart/usart.c.obj
                0x20000a99                stata_6050
 *fill*         0x20000a9a        0x2 
 .bss.hadc1     0x20000a9c       0x30 CMakeFiles/RTOS_TEST.elf.dir/Core/Src/adc.c.obj
                0x20000a9c                hadc1
 .bss.hdma_adc1
                0x20000acc       0x44 CMakeFiles/RTOS_TEST.elf.dir/Core/Src/adc.c.obj
                0x20000acc                hdma_adc1
 .bss.adcTaskHandle
                0x20000b10        0x4 CMakeFiles/RTOS_TEST.elf.dir/Core/Src/freertos.c.obj
                0x20000b10                adcTaskHandle
 .bss.defaultTaskHandle
                0x20000b14        0x4 CMakeFiles/RTOS_TEST.elf.dir/Core/Src/freertos.c.obj
                0x20000b14                defaultTaskHandle
 .bss.ledTaskHandle
                0x20000b18        0x4 CMakeFiles/RTOS_TEST.elf.dir/Core/Src/freertos.c.obj
                0x20000b18                ledTaskHandle
 .bss.uartRxTaskHandle
                0x20000b1c        0x4 CMakeFiles/RTOS_TEST.elf.dir/Core/Src/freertos.c.obj
                0x20000b1c                uartRxTaskHandle
 .bss.xIdleStack
                0x20000b20      0x200 CMakeFiles/RTOS_TEST.elf.dir/Core/Src/freertos.c.obj
 .bss.xIdleTaskTCBBuffer
                0x20000d20       0x54 CMakeFiles/RTOS_TEST.elf.dir/Core/Src/freertos.c.obj
 .bss.gHuart    0x20000d74        0x4 CMakeFiles/RTOS_TEST.elf.dir/Core/Src/retarget.c.obj
                0x20000d74                gHuart
 .bss.heap_end.0
                0x20000d78        0x4 CMakeFiles/RTOS_TEST.elf.dir/Core/Src/syscalls.c.obj
 .bss.htim2     0x20000d7c       0x48 CMakeFiles/RTOS_TEST.elf.dir/Core/Src/tim.c.obj
                0x20000d7c                htim2
 .bss.uwTick    0x20000dc4        0x4 CMakeFiles/RTOS_TEST.elf.dir/Drivers/STM32F1xx_HAL_Driver/Src/stm32f1xx_hal.c.obj
                0x20000dc4                uwTick
 .bss.ucMaxSysCallPriority
                0x20000dc8        0x1 CMakeFiles/RTOS_TEST.elf.dir/Middlewares/Third_Party/FreeRTOS/Source/portable/GCC/ARM_CM3/port.c.obj
 *fill*         0x20000dc9        0x3 
 .bss.ulMaxPRIGROUPValue
                0x20000dcc        0x4 CMakeFiles/RTOS_TEST.elf.dir/Middlewares/Third_Party/FreeRTOS/Source/portable/GCC/ARM_CM3/port.c.obj
 .bss.pxEnd     0x20000dd0        0x4 CMakeFiles/RTOS_TEST.elf.dir/Middlewares/Third_Party/FreeRTOS/Source/portable/MemMang/heap_4.c.obj
 .bss.ucHeap    0x20000dd4      0xc00 CMakeFiles/RTOS_TEST.elf.dir/Middlewares/Third_Party/FreeRTOS/Source/portable/MemMang/heap_4.c.obj
 .bss.xBlockAllocatedBit
                0x200019d4        0x4 CMakeFiles/RTOS_TEST.elf.dir/Middlewares/Third_Party/FreeRTOS/Source/portable/MemMang/heap_4.c.obj
 .bss.xFreeBytesRemaining
                0x200019d8        0x4 CMakeFiles/RTOS_TEST.elf.dir/Middlewares/Third_Party/FreeRTOS/Source/portable/MemMang/heap_4.c.obj
 .bss.xMinimumEverFreeBytesRemaining
                0x200019dc        0x4 CMakeFiles/RTOS_TEST.elf.dir/Middlewares/Third_Party/FreeRTOS/Source/portable/MemMang/heap_4.c.obj
 .bss.xStart    0x200019e0        0x8 CMakeFiles/RTOS_TEST.elf.dir/Middlewares/Third_Party/FreeRTOS/Source/portable/MemMang/heap_4.c.obj
 .bss.pxCurrentTCB
                0x200019e8        0x4 CMakeFiles/RTOS_TEST.elf.dir/Middlewares/Third_Party/FreeRTOS/Source/tasks.c.obj
                0x200019e8                pxCurrentTCB
 .bss.pxDelayedTaskList
                0x200019ec        0x4 CMakeFiles/RTOS_TEST.elf.dir/Middlewares/Third_Party/FreeRTOS/Source/tasks.c.obj
 .bss.pxOverflowDelayedTaskList
                0x200019f0        0x4 CMakeFiles/RTOS_TEST.elf.dir/Middlewares/Third_Party/FreeRTOS/Source/tasks.c.obj
 .bss.pxReadyTasksLists
                0x200019f4       0x8c CMakeFiles/RTOS_TEST.elf.dir/Middlewares/Third_Party/FreeRTOS/Source/tasks.c.obj
 .bss.uxCurrentNumberOfTasks
                0x20001a80        0x4 CMakeFiles/RTOS_TEST.elf.dir/Middlewares/Third_Party/FreeRTOS/Source/tasks.c.obj
 .bss.uxDeletedTasksWaitingCleanUp
                0x20001a84        0x4 CMakeFiles/RTOS_TEST.elf.dir/Middlewares/Third_Party/FreeRTOS/Source/tasks.c.obj
 .bss.uxPendedTicks
                0x20001a88        0x4 CMakeFiles/RTOS_TEST.elf.dir/Middlewares/Third_Party/FreeRTOS/Source/tasks.c.obj
 .bss.uxSchedulerSuspended
                0x20001a8c        0x4 CMakeFiles/RTOS_TEST.elf.dir/Middlewares/Third_Party/FreeRTOS/Source/tasks.c.obj
 .bss.uxTaskNumber
                0x20001a90        0x4 CMakeFiles/RTOS_TEST.elf.dir/Middlewares/Third_Party/FreeRTOS/Source/tasks.c.obj
 .bss.uxTopReadyPriority
                0x20001a94        0x4 CMakeFiles/RTOS_TEST.elf.dir/Middlewares/Third_Party/FreeRTOS/Source/tasks.c.obj
 .bss.xDelayedTaskList1
                0x20001a98       0x14 CMakeFiles/RTOS_TEST.elf.dir/Middlewares/Third_Party/FreeRTOS/Source/tasks.c.obj
 .bss.xDelayedTaskList2
                0x20001aac       0x14 CMakeFiles/RTOS_TEST.elf.dir/Middlewares/Third_Party/FreeRTOS/Source/tasks.c.obj
 .bss.xIdleTaskHandle
                0x20001ac0        0x4 CMakeFiles/RTOS_TEST.elf.dir/Middlewares/Third_Party/FreeRTOS/Source/tasks.c.obj
 .bss.xNextTaskUnblockTime
                0x20001ac4        0x4 CMakeFiles/RTOS_TEST.elf.dir/Middlewares/Third_Party/FreeRTOS/Source/tasks.c.obj
 .bss.xNumOfOverflows
                0x20001ac8        0x4 CMakeFiles/RTOS_TEST.elf.dir/Middlewares/Third_Party/FreeRTOS/Source/tasks.c.obj
 .bss.xPendingReadyList
                0x20001acc       0x14 CMakeFiles/RTOS_TEST.elf.dir/Middlewares/Third_Party/FreeRTOS/Source/tasks.c.obj
 .bss.xSchedulerRunning
                0x20001ae0        0x4 CMakeFiles/RTOS_TEST.elf.dir/Middlewares/Third_Party/FreeRTOS/Source/tasks.c.obj
 .bss.xSuspendedTaskList
                0x20001ae4       0x14 CMakeFiles/RTOS_TEST.elf.dir/Middlewares/Third_Party/FreeRTOS/Source/tasks.c.obj
 .bss.xTasksWaitingTermination
                0x20001af8       0x14 CMakeFiles/RTOS_TEST.elf.dir/Middlewares/Third_Party/FreeRTOS/Source/tasks.c.obj
 .bss.xTickCount
                0x20001b0c        0x4 CMakeFiles/RTOS_TEST.elf.dir/Middlewares/Third_Party/FreeRTOS/Source/tasks.c.obj
 .bss.xYieldPending
                0x20001b10        0x4 CMakeFiles/RTOS_TEST.elf.dir/Middlewares/Third_Party/FreeRTOS/Source/tasks.c.obj
 .bss.__lock___atexit_recursive_mutex
                0x20001b14        0x1 c:/progra~2/gnuarm~1/102021~1.10/bin/../lib/gcc/arm-none-eabi/10.3.1/../../../../arm-none-eabi/lib/thumb/v7-m/nofp\libg.a(lib_a-lock.o)
                0x20001b14                __lock___atexit_recursive_mutex
 *fill*         0x20001b15        0x3 
 .bss.__lock___malloc_recursive_mutex
                0x20001b18        0x1 c:/progra~2/gnuarm~1/102021~1.10/bin/../lib/gcc/arm-none-eabi/10.3.1/../../../../arm-none-eabi/lib/thumb/v7-m/nofp\libg.a(lib_a-lock.o)
                0x20001b18                __lock___malloc_recursive_mutex
 *fill*         0x20001b19        0x3 
 .bss.__lock___sfp_recursive_mutex
                0x20001b1c        0x1 c:/progra~2/gnuarm~1/102021~1.10/bin/../lib/gcc/arm-none-eabi/10.3.1/../../../../arm-none-eabi/lib/thumb/v7-m/nofp\libg.a(lib_a-lock.o)
                0x20001b1c                __lock___sfp_recursive_mutex
 *fill*         0x20001b1d        0x3 
 .bss.__lock___sinit_recursive_mutex
                0x20001b20        0x1 c:/progra~2/gnuarm~1/102021~1.10/bin/../lib/gcc/arm-none-eabi/10.3.1/../../../../arm-none-eabi/lib/thumb/v7-m/nofp\libg.a(lib_a-lock.o)
                0x20001b20                __lock___sinit_recursive_mutex
 *fill*         0x20001b21        0x3 
 .bss.__malloc_current_mallinfo
                0x20001b24       0x28 c:/progra~2/gnuarm~1/102021~1.10/bin/../lib/gcc/arm-none-eabi/10.3.1/../../../../arm-none-eabi/lib/thumb/v7-m/nofp\libg.a(lib_a-mallocr.o)
                0x20001b24                __malloc_current_mallinfo
 .bss.__malloc_max_sbrked_mem
                0x20001b4c        0x4 c:/progra~2/gnuarm~1/102021~1.10/bin/../lib/gcc/arm-none-eabi/10.3.1/../../../../arm-none-eabi/lib/thumb/v7-m/nofp\libg.a(lib_a-mallocr.o)
                0x20001b4c                __malloc_max_sbrked_mem
 .bss.__malloc_max_total_mem
                0x20001b50        0x4 c:/progra~2/gnuarm~1/102021~1.10/bin/../lib/gcc/arm-none-eabi/10.3.1/../../../../arm-none-eabi/lib/thumb/v7-m/nofp\libg.a(lib_a-mallocr.o)
                0x20001b50                __malloc_max_total_mem
 .bss.__malloc_top_pad
                0x20001b54        0x4 c:/progra~2/gnuarm~1/102021~1.10/bin/../lib/gcc/arm-none-eabi/10.3.1/../../../../arm-none-eabi/lib/thumb/v7-m/nofp\libg.a(lib_a-mallocr.o)
                0x20001b54                __malloc_top_pad
 .bss.errno     0x20001b58        0x4 c:/progra~2/gnuarm~1/102021~1.10/bin/../lib/gcc/arm-none-eabi/10.3.1/../../../../arm-none-eabi/lib/thumb/v7-m/nofp\libg.a(lib_a-reent.o)
                0x20001b58                errno
 *(COMMON)
                0x20001b5c                . = ALIGN (0x4)
                0x20001b5c                _ebss = .
                0x20001b5c                __bss_end__ = _ebss

._user_heap_stack
                0x20001b5c      0x604 load address 0x0800525c
                0x20001b60                . = ALIGN (0x8)
 *fill*         0x20001b5c        0x4 
                0x20001b60                PROVIDE (end = .)
                [!provide]                PROVIDE (_end = .)
                0x20001d60                . = (. + _Min_Heap_Size)
 *fill*         0x20001b60      0x200 
                0x20002160                . = (. + _Min_Stack_Size)
 *fill*         0x20001d60      0x400 
                0x20002160                . = ALIGN (0x8)

/DISCARD/
 libc.a(*)
 libm.a(*)
 libgcc.a(*)

.ARM.attributes
                0x00000000       0x29
 *(.ARM.attributes)
 .ARM.attributes
                0x00000000       0x1d c:/progra~2/gnuarm~1/102021~1.10/bin/../lib/gcc/arm-none-eabi/10.3.1/thumb/v7-m/nofp/crti.o
 .ARM.attributes
                0x0000001d       0x2d c:/progra~2/gnuarm~1/102021~1.10/bin/../lib/gcc/arm-none-eabi/10.3.1/thumb/v7-m/nofp/crtbegin.o
 .ARM.attributes
                0x0000004a       0x2d CMakeFiles/RTOS_TEST.elf.dir/Core/SYSTEM/usart/usart.c.obj
 .ARM.attributes
                0x00000077       0x2d CMakeFiles/RTOS_TEST.elf.dir/Core/Src/adc.c.obj
 .ARM.attributes
                0x000000a4       0x2d CMakeFiles/RTOS_TEST.elf.dir/Core/Src/dma.c.obj
 .ARM.attributes
                0x000000d1       0x2d CMakeFiles/RTOS_TEST.elf.dir/Core/Src/freertos.c.obj
 .ARM.attributes
                0x000000fe       0x2d CMakeFiles/RTOS_TEST.elf.dir/Core/Src/gpio.c.obj
 .ARM.attributes
                0x0000012b       0x2d CMakeFiles/RTOS_TEST.elf.dir/Core/Src/main.c.obj
 .ARM.attributes
                0x00000158       0x2d CMakeFiles/RTOS_TEST.elf.dir/Core/Src/retarget.c.obj
 .ARM.attributes
                0x00000185       0x2d CMakeFiles/RTOS_TEST.elf.dir/Core/Src/stm32f1xx_hal_msp.c.obj
 .ARM.attributes
                0x000001b2       0x2d CMakeFiles/RTOS_TEST.elf.dir/Core/Src/stm32f1xx_it.c.obj
 .ARM.attributes
                0x000001df       0x2d CMakeFiles/RTOS_TEST.elf.dir/Core/Src/syscalls.c.obj
 .ARM.attributes
                0x0000020c       0x2d CMakeFiles/RTOS_TEST.elf.dir/Core/Src/system_stm32f1xx.c.obj
 .ARM.attributes
                0x00000239       0x2d CMakeFiles/RTOS_TEST.elf.dir/Core/Src/tim.c.obj
 .ARM.attributes
                0x00000266       0x2d CMakeFiles/RTOS_TEST.elf.dir/Drivers/STM32F1xx_HAL_Driver/Src/stm32f1xx_hal.c.obj
 .ARM.attributes
                0x00000293       0x2d CMakeFiles/RTOS_TEST.elf.dir/Drivers/STM32F1xx_HAL_Driver/Src/stm32f1xx_hal_adc.c.obj
 .ARM.attributes
                0x000002c0       0x2d CMakeFiles/RTOS_TEST.elf.dir/Drivers/STM32F1xx_HAL_Driver/Src/stm32f1xx_hal_adc_ex.c.obj
 .ARM.attributes
                0x000002ed       0x2d CMakeFiles/RTOS_TEST.elf.dir/Drivers/STM32F1xx_HAL_Driver/Src/stm32f1xx_hal_cortex.c.obj
 .ARM.attributes
                0x0000031a       0x2d CMakeFiles/RTOS_TEST.elf.dir/Drivers/STM32F1xx_HAL_Driver/Src/stm32f1xx_hal_dma.c.obj
 .ARM.attributes
                0x00000347       0x2d CMakeFiles/RTOS_TEST.elf.dir/Drivers/STM32F1xx_HAL_Driver/Src/stm32f1xx_hal_gpio.c.obj
 .ARM.attributes
                0x00000374       0x2d CMakeFiles/RTOS_TEST.elf.dir/Drivers/STM32F1xx_HAL_Driver/Src/stm32f1xx_hal_rcc.c.obj
 .ARM.attributes
                0x000003a1       0x2d CMakeFiles/RTOS_TEST.elf.dir/Drivers/STM32F1xx_HAL_Driver/Src/stm32f1xx_hal_rcc_ex.c.obj
 .ARM.attributes
                0x000003ce       0x2d CMakeFiles/RTOS_TEST.elf.dir/Drivers/STM32F1xx_HAL_Driver/Src/stm32f1xx_hal_tim.c.obj
 .ARM.attributes
                0x000003fb       0x2d CMakeFiles/RTOS_TEST.elf.dir/Drivers/STM32F1xx_HAL_Driver/Src/stm32f1xx_hal_tim_ex.c.obj
 .ARM.attributes
                0x00000428       0x2d CMakeFiles/RTOS_TEST.elf.dir/Drivers/STM32F1xx_HAL_Driver/Src/stm32f1xx_hal_uart.c.obj
 .ARM.attributes
                0x00000455       0x2d CMakeFiles/RTOS_TEST.elf.dir/Middlewares/Third_Party/FreeRTOS/Source/CMSIS_RTOS/cmsis_os.c.obj
 .ARM.attributes
                0x00000482       0x2d CMakeFiles/RTOS_TEST.elf.dir/Middlewares/Third_Party/FreeRTOS/Source/list.c.obj
 .ARM.attributes
                0x000004af       0x2d CMakeFiles/RTOS_TEST.elf.dir/Middlewares/Third_Party/FreeRTOS/Source/portable/GCC/ARM_CM3/port.c.obj
 .ARM.attributes
                0x000004dc       0x2d CMakeFiles/RTOS_TEST.elf.dir/Middlewares/Third_Party/FreeRTOS/Source/portable/MemMang/heap_4.c.obj
 .ARM.attributes
                0x00000509       0x2d CMakeFiles/RTOS_TEST.elf.dir/Middlewares/Third_Party/FreeRTOS/Source/tasks.c.obj
 .ARM.attributes
                0x00000536       0x21 CMakeFiles/RTOS_TEST.elf.dir/startup/startup_stm32f103xb.s.obj
 .ARM.attributes
                0x00000557       0x2d c:/progra~2/gnuarm~1/102021~1.10/bin/../lib/gcc/arm-none-eabi/10.3.1/../../../../arm-none-eabi/lib/thumb/v7-m/nofp\libg.a(lib_a-errno.o)
 .ARM.attributes
                0x00000584       0x2d c:/progra~2/gnuarm~1/102021~1.10/bin/../lib/gcc/arm-none-eabi/10.3.1/../../../../arm-none-eabi/lib/thumb/v7-m/nofp\libg.a(lib_a-impure.o)
 .ARM.attributes
                0x000005b1       0x2d c:/progra~2/gnuarm~1/102021~1.10/bin/../lib/gcc/arm-none-eabi/10.3.1/../../../../arm-none-eabi/lib/thumb/v7-m/nofp\libg.a(lib_a-init.o)
 .ARM.attributes
                0x000005de       0x1b c:/progra~2/gnuarm~1/102021~1.10/bin/../lib/gcc/arm-none-eabi/10.3.1/../../../../arm-none-eabi/lib/thumb/v7-m/nofp\libg.a(lib_a-memcpy.o)
 .ARM.attributes
                0x000005f9       0x2d c:/progra~2/gnuarm~1/102021~1.10/bin/../lib/gcc/arm-none-eabi/10.3.1/../../../../arm-none-eabi/lib/thumb/v7-m/nofp\libg.a(lib_a-memset.o)
 .ARM.attributes
                0x00000626       0x2d c:/progra~2/gnuarm~1/102021~1.10/bin/../lib/gcc/arm-none-eabi/10.3.1/../../../../arm-none-eabi/lib/thumb/v7-m/nofp\libg.a(lib_a-setvbuf.o)
 .ARM.attributes
                0x00000653       0x2d c:/progra~2/gnuarm~1/102021~1.10/bin/../lib/gcc/arm-none-eabi/10.3.1/../../../../arm-none-eabi/lib/thumb/v7-m/nofp\libg.a(lib_a-__call_atexit.o)
 .ARM.attributes
                0x00000680       0x2d c:/progra~2/gnuarm~1/102021~1.10/bin/../lib/gcc/arm-none-eabi/10.3.1/../../../../arm-none-eabi/lib/thumb/v7-m/nofp\libg.a(lib_a-atexit.o)
 .ARM.attributes
                0x000006ad       0x2d c:/progra~2/gnuarm~1/102021~1.10/bin/../lib/gcc/arm-none-eabi/10.3.1/../../../../arm-none-eabi/lib/thumb/v7-m/nofp\libg.a(lib_a-fflush.o)
 .ARM.attributes
                0x000006da       0x2d c:/progra~2/gnuarm~1/102021~1.10/bin/../lib/gcc/arm-none-eabi/10.3.1/../../../../arm-none-eabi/lib/thumb/v7-m/nofp\libg.a(lib_a-findfp.o)
 .ARM.attributes
                0x00000707       0x2d c:/progra~2/gnuarm~1/102021~1.10/bin/../lib/gcc/arm-none-eabi/10.3.1/../../../../arm-none-eabi/lib/thumb/v7-m/nofp\libg.a(lib_a-fini.o)
 .ARM.attributes
                0x00000734       0x2d c:/progra~2/gnuarm~1/102021~1.10/bin/../lib/gcc/arm-none-eabi/10.3.1/../../../../arm-none-eabi/lib/thumb/v7-m/nofp\libg.a(lib_a-freer.o)
 .ARM.attributes
                0x00000761       0x2d c:/progra~2/gnuarm~1/102021~1.10/bin/../lib/gcc/arm-none-eabi/10.3.1/../../../../arm-none-eabi/lib/thumb/v7-m/nofp\libg.a(lib_a-fwalk.o)
 .ARM.attributes
                0x0000078e       0x2d c:/progra~2/gnuarm~1/102021~1.10/bin/../lib/gcc/arm-none-eabi/10.3.1/../../../../arm-none-eabi/lib/thumb/v7-m/nofp\libg.a(lib_a-lock.o)
 .ARM.attributes
                0x000007bb       0x2d c:/progra~2/gnuarm~1/102021~1.10/bin/../lib/gcc/arm-none-eabi/10.3.1/../../../../arm-none-eabi/lib/thumb/v7-m/nofp\libg.a(lib_a-makebuf.o)
 .ARM.attributes
                0x000007e8       0x2d c:/progra~2/gnuarm~1/102021~1.10/bin/../lib/gcc/arm-none-eabi/10.3.1/../../../../arm-none-eabi/lib/thumb/v7-m/nofp\libg.a(lib_a-malloc.o)
 .ARM.attributes
                0x00000815       0x2d c:/progra~2/gnuarm~1/102021~1.10/bin/../lib/gcc/arm-none-eabi/10.3.1/../../../../arm-none-eabi/lib/thumb/v7-m/nofp\libg.a(lib_a-mallocr.o)
 .ARM.attributes
                0x00000842       0x2d c:/progra~2/gnuarm~1/102021~1.10/bin/../lib/gcc/arm-none-eabi/10.3.1/../../../../arm-none-eabi/lib/thumb/v7-m/nofp\libg.a(lib_a-mlock.o)
 .ARM.attributes
                0x0000086f       0x2d c:/progra~2/gnuarm~1/102021~1.10/bin/../lib/gcc/arm-none-eabi/10.3.1/../../../../arm-none-eabi/lib/thumb/v7-m/nofp\libg.a(lib_a-sbrkr.o)
 .ARM.attributes
                0x0000089c       0x2d c:/progra~2/gnuarm~1/102021~1.10/bin/../lib/gcc/arm-none-eabi/10.3.1/../../../../arm-none-eabi/lib/thumb/v7-m/nofp\libg.a(lib_a-stdio.o)
 .ARM.attributes
                0x000008c9       0x2d c:/progra~2/gnuarm~1/102021~1.10/bin/../lib/gcc/arm-none-eabi/10.3.1/../../../../arm-none-eabi/lib/thumb/v7-m/nofp\libg.a(lib_a-writer.o)
 .ARM.attributes
                0x000008f6       0x2d c:/progra~2/gnuarm~1/102021~1.10/bin/../lib/gcc/arm-none-eabi/10.3.1/../../../../arm-none-eabi/lib/thumb/v7-m/nofp\libg.a(lib_a-__atexit.o)
 .ARM.attributes
                0x00000923       0x2d c:/progra~2/gnuarm~1/102021~1.10/bin/../lib/gcc/arm-none-eabi/10.3.1/../../../../arm-none-eabi/lib/thumb/v7-m/nofp\libg.a(lib_a-closer.o)
 .ARM.attributes
                0x00000950       0x2d c:/progra~2/gnuarm~1/102021~1.10/bin/../lib/gcc/arm-none-eabi/10.3.1/../../../../arm-none-eabi/lib/thumb/v7-m/nofp\libg.a(lib_a-fclose.o)
 .ARM.attributes
                0x0000097d       0x2d c:/progra~2/gnuarm~1/102021~1.10/bin/../lib/gcc/arm-none-eabi/10.3.1/../../../../arm-none-eabi/lib/thumb/v7-m/nofp\libg.a(lib_a-fstatr.o)
 .ARM.attributes
                0x000009aa       0x2d c:/progra~2/gnuarm~1/102021~1.10/bin/../lib/gcc/arm-none-eabi/10.3.1/../../../../arm-none-eabi/lib/thumb/v7-m/nofp\libg.a(lib_a-lseekr.o)
 .ARM.attributes
                0x000009d7       0x2d c:/progra~2/gnuarm~1/102021~1.10/bin/../lib/gcc/arm-none-eabi/10.3.1/../../../../arm-none-eabi/lib/thumb/v7-m/nofp\libg.a(lib_a-readr.o)
 .ARM.attributes
                0x00000a04       0x2d c:/progra~2/gnuarm~1/102021~1.10/bin/../lib/gcc/arm-none-eabi/10.3.1/../../../../arm-none-eabi/lib/thumb/v7-m/nofp\libg.a(lib_a-reent.o)
 .ARM.attributes
                0x00000a31       0x1d c:/progra~2/gnuarm~1/102021~1.10/bin/../lib/gcc/arm-none-eabi/10.3.1/thumb/v7-m/nofp/crtn.o
OUTPUT(RTOS_TEST.elf elf32-littlearm)
LOAD linker stubs
LOAD c:/progra~2/gnuarm~1/102021~1.10/bin/../lib/gcc/arm-none-eabi/10.3.1/../../../../arm-none-eabi/lib/thumb/v7-m/nofp\libc.a
LOAD c:/progra~2/gnuarm~1/102021~1.10/bin/../lib/gcc/arm-none-eabi/10.3.1/../../../../arm-none-eabi/lib/thumb/v7-m/nofp\libm.a
LOAD c:/progra~2/gnuarm~1/102021~1.10/bin/../lib/gcc/arm-none-eabi/10.3.1/thumb/v7-m/nofp\libgcc.a

.debug_info     0x00000000    0x17c58
 .debug_info    0x00000000     0x1254 CMakeFiles/RTOS_TEST.elf.dir/Core/SYSTEM/usart/usart.c.obj
 .debug_info    0x00001254      0xc12 CMakeFiles/RTOS_TEST.elf.dir/Core/Src/adc.c.obj
 .debug_info    0x00001e66      0x354 CMakeFiles/RTOS_TEST.elf.dir/Core/Src/dma.c.obj
 .debug_info    0x000021ba      0x6a9 CMakeFiles/RTOS_TEST.elf.dir/Core/Src/freertos.c.obj
 .debug_info    0x00002863      0x2f3 CMakeFiles/RTOS_TEST.elf.dir/Core/Src/gpio.c.obj
 .debug_info    0x00002b56      0x902 CMakeFiles/RTOS_TEST.elf.dir/Core/Src/main.c.obj
 .debug_info    0x00003458      0xf9e CMakeFiles/RTOS_TEST.elf.dir/Core/Src/retarget.c.obj
 .debug_info    0x000043f6      0x387 CMakeFiles/RTOS_TEST.elf.dir/Core/Src/stm32f1xx_hal_msp.c.obj
 .debug_info    0x0000477d      0x9fc CMakeFiles/RTOS_TEST.elf.dir/Core/Src/stm32f1xx_it.c.obj
 .debug_info    0x00005179      0x835 CMakeFiles/RTOS_TEST.elf.dir/Core/Src/syscalls.c.obj
 .debug_info    0x000059ae      0x248 CMakeFiles/RTOS_TEST.elf.dir/Core/Src/system_stm32f1xx.c.obj
 .debug_info    0x00005bf6      0xa83 CMakeFiles/RTOS_TEST.elf.dir/Core/Src/tim.c.obj
 .debug_info    0x00006679      0x7a8 CMakeFiles/RTOS_TEST.elf.dir/Drivers/STM32F1xx_HAL_Driver/Src/stm32f1xx_hal.c.obj
 .debug_info    0x00006e21      0xf10 CMakeFiles/RTOS_TEST.elf.dir/Drivers/STM32F1xx_HAL_Driver/Src/stm32f1xx_hal_adc.c.obj
 .debug_info    0x00007d31      0xc3b CMakeFiles/RTOS_TEST.elf.dir/Drivers/STM32F1xx_HAL_Driver/Src/stm32f1xx_hal_adc_ex.c.obj
 .debug_info    0x0000896c      0xd8a CMakeFiles/RTOS_TEST.elf.dir/Drivers/STM32F1xx_HAL_Driver/Src/stm32f1xx_hal_cortex.c.obj
 .debug_info    0x000096f6      0x846 CMakeFiles/RTOS_TEST.elf.dir/Drivers/STM32F1xx_HAL_Driver/Src/stm32f1xx_hal_dma.c.obj
 .debug_info    0x00009f3c      0x66f CMakeFiles/RTOS_TEST.elf.dir/Drivers/STM32F1xx_HAL_Driver/Src/stm32f1xx_hal_gpio.c.obj
 .debug_info    0x0000a5ab      0xa36 CMakeFiles/RTOS_TEST.elf.dir/Drivers/STM32F1xx_HAL_Driver/Src/stm32f1xx_hal_rcc.c.obj
 .debug_info    0x0000afe1      0x443 CMakeFiles/RTOS_TEST.elf.dir/Drivers/STM32F1xx_HAL_Driver/Src/stm32f1xx_hal_rcc_ex.c.obj
 .debug_info    0x0000b424     0x3b00 CMakeFiles/RTOS_TEST.elf.dir/Drivers/STM32F1xx_HAL_Driver/Src/stm32f1xx_hal_tim.c.obj
 .debug_info    0x0000ef24     0x19e9 CMakeFiles/RTOS_TEST.elf.dir/Drivers/STM32F1xx_HAL_Driver/Src/stm32f1xx_hal_tim_ex.c.obj
 .debug_info    0x0001090d     0x1c8b CMakeFiles/RTOS_TEST.elf.dir/Drivers/STM32F1xx_HAL_Driver/Src/stm32f1xx_hal_uart.c.obj
 .debug_info    0x00012598     0x220a CMakeFiles/RTOS_TEST.elf.dir/Middlewares/Third_Party/FreeRTOS/Source/CMSIS_RTOS/cmsis_os.c.obj
 .debug_info    0x000147a2      0x2da CMakeFiles/RTOS_TEST.elf.dir/Middlewares/Third_Party/FreeRTOS/Source/list.c.obj
 .debug_info    0x00014a7c      0x52b CMakeFiles/RTOS_TEST.elf.dir/Middlewares/Third_Party/FreeRTOS/Source/portable/GCC/ARM_CM3/port.c.obj
 .debug_info    0x00014fa7      0x471 CMakeFiles/RTOS_TEST.elf.dir/Middlewares/Third_Party/FreeRTOS/Source/portable/MemMang/heap_4.c.obj
 .debug_info    0x00015418     0x281e CMakeFiles/RTOS_TEST.elf.dir/Middlewares/Third_Party/FreeRTOS/Source/tasks.c.obj
 .debug_info    0x00017c36       0x22 CMakeFiles/RTOS_TEST.elf.dir/startup/startup_stm32f103xb.s.obj

.debug_abbrev   0x00000000     0x39d1
 .debug_abbrev  0x00000000      0x2e3 CMakeFiles/RTOS_TEST.elf.dir/Core/SYSTEM/usart/usart.c.obj
 .debug_abbrev  0x000002e3      0x1dd CMakeFiles/RTOS_TEST.elf.dir/Core/Src/adc.c.obj
 .debug_abbrev  0x000004c0      0x114 CMakeFiles/RTOS_TEST.elf.dir/Core/Src/dma.c.obj
 .debug_abbrev  0x000005d4      0x1ac CMakeFiles/RTOS_TEST.elf.dir/Core/Src/freertos.c.obj
 .debug_abbrev  0x00000780      0x13c CMakeFiles/RTOS_TEST.elf.dir/Core/Src/gpio.c.obj
 .debug_abbrev  0x000008bc      0x1cd CMakeFiles/RTOS_TEST.elf.dir/Core/Src/main.c.obj
 .debug_abbrev  0x00000a89      0x2b4 CMakeFiles/RTOS_TEST.elf.dir/Core/Src/retarget.c.obj
 .debug_abbrev  0x00000d3d      0x12d CMakeFiles/RTOS_TEST.elf.dir/Core/Src/stm32f1xx_hal_msp.c.obj
 .debug_abbrev  0x00000e6a      0x19d CMakeFiles/RTOS_TEST.elf.dir/Core/Src/stm32f1xx_it.c.obj
 .debug_abbrev  0x00001007      0x1da CMakeFiles/RTOS_TEST.elf.dir/Core/Src/syscalls.c.obj
 .debug_abbrev  0x000011e1      0x13e CMakeFiles/RTOS_TEST.elf.dir/Core/Src/system_stm32f1xx.c.obj
 .debug_abbrev  0x0000131f      0x1de CMakeFiles/RTOS_TEST.elf.dir/Core/Src/tim.c.obj
 .debug_abbrev  0x000014fd      0x1f4 CMakeFiles/RTOS_TEST.elf.dir/Drivers/STM32F1xx_HAL_Driver/Src/stm32f1xx_hal.c.obj
 .debug_abbrev  0x000016f1      0x1fc CMakeFiles/RTOS_TEST.elf.dir/Drivers/STM32F1xx_HAL_Driver/Src/stm32f1xx_hal_adc.c.obj
 .debug_abbrev  0x000018ed      0x248 CMakeFiles/RTOS_TEST.elf.dir/Drivers/STM32F1xx_HAL_Driver/Src/stm32f1xx_hal_adc_ex.c.obj
 .debug_abbrev  0x00001b35      0x341 CMakeFiles/RTOS_TEST.elf.dir/Drivers/STM32F1xx_HAL_Driver/Src/stm32f1xx_hal_cortex.c.obj
 .debug_abbrev  0x00001e76      0x223 CMakeFiles/RTOS_TEST.elf.dir/Drivers/STM32F1xx_HAL_Driver/Src/stm32f1xx_hal_dma.c.obj
 .debug_abbrev  0x00002099      0x1e6 CMakeFiles/RTOS_TEST.elf.dir/Drivers/STM32F1xx_HAL_Driver/Src/stm32f1xx_hal_gpio.c.obj
 .debug_abbrev  0x0000227f      0x27a CMakeFiles/RTOS_TEST.elf.dir/Drivers/STM32F1xx_HAL_Driver/Src/stm32f1xx_hal_rcc.c.obj
 .debug_abbrev  0x000024f9      0x1d2 CMakeFiles/RTOS_TEST.elf.dir/Drivers/STM32F1xx_HAL_Driver/Src/stm32f1xx_hal_rcc_ex.c.obj
 .debug_abbrev  0x000026cb      0x23e CMakeFiles/RTOS_TEST.elf.dir/Drivers/STM32F1xx_HAL_Driver/Src/stm32f1xx_hal_tim.c.obj
 .debug_abbrev  0x00002909      0x241 CMakeFiles/RTOS_TEST.elf.dir/Drivers/STM32F1xx_HAL_Driver/Src/stm32f1xx_hal_tim_ex.c.obj
 .debug_abbrev  0x00002b4a      0x254 CMakeFiles/RTOS_TEST.elf.dir/Drivers/STM32F1xx_HAL_Driver/Src/stm32f1xx_hal_uart.c.obj
 .debug_abbrev  0x00002d9e      0x352 CMakeFiles/RTOS_TEST.elf.dir/Middlewares/Third_Party/FreeRTOS/Source/CMSIS_RTOS/cmsis_os.c.obj
 .debug_abbrev  0x000030f0      0x106 CMakeFiles/RTOS_TEST.elf.dir/Middlewares/Third_Party/FreeRTOS/Source/list.c.obj
 .debug_abbrev  0x000031f6      0x27e CMakeFiles/RTOS_TEST.elf.dir/Middlewares/Third_Party/FreeRTOS/Source/portable/GCC/ARM_CM3/port.c.obj
 .debug_abbrev  0x00003474      0x238 CMakeFiles/RTOS_TEST.elf.dir/Middlewares/Third_Party/FreeRTOS/Source/portable/MemMang/heap_4.c.obj
 .debug_abbrev  0x000036ac      0x313 CMakeFiles/RTOS_TEST.elf.dir/Middlewares/Third_Party/FreeRTOS/Source/tasks.c.obj
 .debug_abbrev  0x000039bf       0x12 CMakeFiles/RTOS_TEST.elf.dir/startup/startup_stm32f103xb.s.obj

.debug_loc      0x00000000     0xf866
 .debug_loc     0x00000000      0x5d9 CMakeFiles/RTOS_TEST.elf.dir/Core/SYSTEM/usart/usart.c.obj
 .debug_loc     0x000005d9       0x71 CMakeFiles/RTOS_TEST.elf.dir/Core/Src/adc.c.obj
 .debug_loc     0x0000064a       0x94 CMakeFiles/RTOS_TEST.elf.dir/Core/Src/freertos.c.obj
 .debug_loc     0x000006de      0x212 CMakeFiles/RTOS_TEST.elf.dir/Core/Src/retarget.c.obj
 .debug_loc     0x000008f0       0x15 CMakeFiles/RTOS_TEST.elf.dir/Core/Src/stm32f1xx_hal_msp.c.obj
 .debug_loc     0x00000905      0x436 CMakeFiles/RTOS_TEST.elf.dir/Core/Src/syscalls.c.obj
 .debug_loc     0x00000d3b       0xff CMakeFiles/RTOS_TEST.elf.dir/Core/Src/system_stm32f1xx.c.obj
 .debug_loc     0x00000e3a       0x67 CMakeFiles/RTOS_TEST.elf.dir/Core/Src/tim.c.obj
 .debug_loc     0x00000ea1      0x141 CMakeFiles/RTOS_TEST.elf.dir/Drivers/STM32F1xx_HAL_Driver/Src/stm32f1xx_hal.c.obj
 .debug_loc     0x00000fe2      0xad9 CMakeFiles/RTOS_TEST.elf.dir/Drivers/STM32F1xx_HAL_Driver/Src/stm32f1xx_hal_adc.c.obj
 .debug_loc     0x00001abb      0x801 CMakeFiles/RTOS_TEST.elf.dir/Drivers/STM32F1xx_HAL_Driver/Src/stm32f1xx_hal_adc_ex.c.obj
 .debug_loc     0x000022bc      0x71f CMakeFiles/RTOS_TEST.elf.dir/Drivers/STM32F1xx_HAL_Driver/Src/stm32f1xx_hal_cortex.c.obj
 .debug_loc     0x000029db      0x7d1 CMakeFiles/RTOS_TEST.elf.dir/Drivers/STM32F1xx_HAL_Driver/Src/stm32f1xx_hal_dma.c.obj
 .debug_loc     0x000031ac      0x47d CMakeFiles/RTOS_TEST.elf.dir/Drivers/STM32F1xx_HAL_Driver/Src/stm32f1xx_hal_gpio.c.obj
 .debug_loc     0x00003629      0x63e CMakeFiles/RTOS_TEST.elf.dir/Drivers/STM32F1xx_HAL_Driver/Src/stm32f1xx_hal_rcc.c.obj
 .debug_loc     0x00003c67      0x3c8 CMakeFiles/RTOS_TEST.elf.dir/Drivers/STM32F1xx_HAL_Driver/Src/stm32f1xx_hal_rcc_ex.c.obj
 .debug_loc     0x0000402f     0x47a8 CMakeFiles/RTOS_TEST.elf.dir/Drivers/STM32F1xx_HAL_Driver/Src/stm32f1xx_hal_tim.c.obj
 .debug_loc     0x000087d7     0x1ade CMakeFiles/RTOS_TEST.elf.dir/Drivers/STM32F1xx_HAL_Driver/Src/stm32f1xx_hal_tim_ex.c.obj
 .debug_loc     0x0000a2b5     0x2037 CMakeFiles/RTOS_TEST.elf.dir/Drivers/STM32F1xx_HAL_Driver/Src/stm32f1xx_hal_uart.c.obj
 .debug_loc     0x0000c2ec     0x12e6 CMakeFiles/RTOS_TEST.elf.dir/Middlewares/Third_Party/FreeRTOS/Source/CMSIS_RTOS/cmsis_os.c.obj
 .debug_loc     0x0000d5d2       0xad CMakeFiles/RTOS_TEST.elf.dir/Middlewares/Third_Party/FreeRTOS/Source/list.c.obj
 .debug_loc     0x0000d67f       0xe8 CMakeFiles/RTOS_TEST.elf.dir/Middlewares/Third_Party/FreeRTOS/Source/portable/GCC/ARM_CM3/port.c.obj
 .debug_loc     0x0000d767      0x331 CMakeFiles/RTOS_TEST.elf.dir/Middlewares/Third_Party/FreeRTOS/Source/portable/MemMang/heap_4.c.obj
 .debug_loc     0x0000da98     0x1dce CMakeFiles/RTOS_TEST.elf.dir/Middlewares/Third_Party/FreeRTOS/Source/tasks.c.obj

.debug_aranges  0x00000000     0x1398
 .debug_aranges
                0x00000000       0x80 CMakeFiles/RTOS_TEST.elf.dir/Core/SYSTEM/usart/usart.c.obj
 .debug_aranges
                0x00000080       0x30 CMakeFiles/RTOS_TEST.elf.dir/Core/Src/adc.c.obj
 .debug_aranges
                0x000000b0       0x20 CMakeFiles/RTOS_TEST.elf.dir/Core/Src/dma.c.obj
 .debug_aranges
                0x000000d0       0x48 CMakeFiles/RTOS_TEST.elf.dir/Core/Src/freertos.c.obj
 .debug_aranges
                0x00000118       0x20 CMakeFiles/RTOS_TEST.elf.dir/Core/Src/gpio.c.obj
 .debug_aranges
                0x00000138       0x30 CMakeFiles/RTOS_TEST.elf.dir/Core/Src/main.c.obj
 .debug_aranges
                0x00000168       0x30 CMakeFiles/RTOS_TEST.elf.dir/Core/Src/retarget.c.obj
 .debug_aranges
                0x00000198       0x20 CMakeFiles/RTOS_TEST.elf.dir/Core/Src/stm32f1xx_hal_msp.c.obj
 .debug_aranges
                0x000001b8       0x78 CMakeFiles/RTOS_TEST.elf.dir/Core/Src/stm32f1xx_it.c.obj
 .debug_aranges
                0x00000230       0xb0 CMakeFiles/RTOS_TEST.elf.dir/Core/Src/syscalls.c.obj
 .debug_aranges
                0x000002e0       0x28 CMakeFiles/RTOS_TEST.elf.dir/Core/Src/system_stm32f1xx.c.obj
 .debug_aranges
                0x00000308       0x30 CMakeFiles/RTOS_TEST.elf.dir/Core/Src/tim.c.obj
 .debug_aranges
                0x00000338       0xe0 CMakeFiles/RTOS_TEST.elf.dir/Drivers/STM32F1xx_HAL_Driver/Src/stm32f1xx_hal.c.obj
 .debug_aranges
                0x00000418       0xf0 CMakeFiles/RTOS_TEST.elf.dir/Drivers/STM32F1xx_HAL_Driver/Src/stm32f1xx_hal_adc.c.obj
 .debug_aranges
                0x00000508       0x80 CMakeFiles/RTOS_TEST.elf.dir/Drivers/STM32F1xx_HAL_Driver/Src/stm32f1xx_hal_adc_ex.c.obj
 .debug_aranges
                0x00000588       0x90 CMakeFiles/RTOS_TEST.elf.dir/Drivers/STM32F1xx_HAL_Driver/Src/stm32f1xx_hal_cortex.c.obj
 .debug_aranges
                0x00000618       0x80 CMakeFiles/RTOS_TEST.elf.dir/Drivers/STM32F1xx_HAL_Driver/Src/stm32f1xx_hal_dma.c.obj
 .debug_aranges
                0x00000698       0x58 CMakeFiles/RTOS_TEST.elf.dir/Drivers/STM32F1xx_HAL_Driver/Src/stm32f1xx_hal_gpio.c.obj
 .debug_aranges
                0x000006f0       0x90 CMakeFiles/RTOS_TEST.elf.dir/Drivers/STM32F1xx_HAL_Driver/Src/stm32f1xx_hal_rcc.c.obj
 .debug_aranges
                0x00000780       0x30 CMakeFiles/RTOS_TEST.elf.dir/Drivers/STM32F1xx_HAL_Driver/Src/stm32f1xx_hal_rcc_ex.c.obj
 .debug_aranges
                0x000007b0      0x3d0 CMakeFiles/RTOS_TEST.elf.dir/Drivers/STM32F1xx_HAL_Driver/Src/stm32f1xx_hal_tim.c.obj
 .debug_aranges
                0x00000b80      0x168 CMakeFiles/RTOS_TEST.elf.dir/Drivers/STM32F1xx_HAL_Driver/Src/stm32f1xx_hal_tim_ex.c.obj
 .debug_aranges
                0x00000ce8      0x200 CMakeFiles/RTOS_TEST.elf.dir/Drivers/STM32F1xx_HAL_Driver/Src/stm32f1xx_hal_uart.c.obj
 .debug_aranges
                0x00000ee8      0x1d8 CMakeFiles/RTOS_TEST.elf.dir/Middlewares/Third_Party/FreeRTOS/Source/CMSIS_RTOS/cmsis_os.c.obj
 .debug_aranges
                0x000010c0       0x40 CMakeFiles/RTOS_TEST.elf.dir/Middlewares/Third_Party/FreeRTOS/Source/list.c.obj
 .debug_aranges
                0x00001100       0x78 CMakeFiles/RTOS_TEST.elf.dir/Middlewares/Third_Party/FreeRTOS/Source/portable/GCC/ARM_CM3/port.c.obj
 .debug_aranges
                0x00001178       0x50 CMakeFiles/RTOS_TEST.elf.dir/Middlewares/Third_Party/FreeRTOS/Source/portable/MemMang/heap_4.c.obj
 .debug_aranges
                0x000011c8      0x1a8 CMakeFiles/RTOS_TEST.elf.dir/Middlewares/Third_Party/FreeRTOS/Source/tasks.c.obj
 .debug_aranges
                0x00001370       0x28 CMakeFiles/RTOS_TEST.elf.dir/startup/startup_stm32f103xb.s.obj

.debug_ranges   0x00000000     0x1338
 .debug_ranges  0x00000000       0x70 CMakeFiles/RTOS_TEST.elf.dir/Core/SYSTEM/usart/usart.c.obj
 .debug_ranges  0x00000070       0x20 CMakeFiles/RTOS_TEST.elf.dir/Core/Src/adc.c.obj
 .debug_ranges  0x00000090       0x10 CMakeFiles/RTOS_TEST.elf.dir/Core/Src/dma.c.obj
 .debug_ranges  0x000000a0       0x38 CMakeFiles/RTOS_TEST.elf.dir/Core/Src/freertos.c.obj
 .debug_ranges  0x000000d8       0x10 CMakeFiles/RTOS_TEST.elf.dir/Core/Src/gpio.c.obj
 .debug_ranges  0x000000e8       0x20 CMakeFiles/RTOS_TEST.elf.dir/Core/Src/main.c.obj
 .debug_ranges  0x00000108       0x20 CMakeFiles/RTOS_TEST.elf.dir/Core/Src/retarget.c.obj
 .debug_ranges  0x00000128       0x10 CMakeFiles/RTOS_TEST.elf.dir/Core/Src/stm32f1xx_hal_msp.c.obj
 .debug_ranges  0x00000138       0x68 CMakeFiles/RTOS_TEST.elf.dir/Core/Src/stm32f1xx_it.c.obj
 .debug_ranges  0x000001a0       0xa0 CMakeFiles/RTOS_TEST.elf.dir/Core/Src/syscalls.c.obj
 .debug_ranges  0x00000240       0x18 CMakeFiles/RTOS_TEST.elf.dir/Core/Src/system_stm32f1xx.c.obj
 .debug_ranges  0x00000258       0x20 CMakeFiles/RTOS_TEST.elf.dir/Core/Src/tim.c.obj
 .debug_ranges  0x00000278       0xd0 CMakeFiles/RTOS_TEST.elf.dir/Drivers/STM32F1xx_HAL_Driver/Src/stm32f1xx_hal.c.obj
 .debug_ranges  0x00000348       0xe0 CMakeFiles/RTOS_TEST.elf.dir/Drivers/STM32F1xx_HAL_Driver/Src/stm32f1xx_hal_adc.c.obj
 .debug_ranges  0x00000428       0x70 CMakeFiles/RTOS_TEST.elf.dir/Drivers/STM32F1xx_HAL_Driver/Src/stm32f1xx_hal_adc_ex.c.obj
 .debug_ranges  0x00000498       0xe0 CMakeFiles/RTOS_TEST.elf.dir/Drivers/STM32F1xx_HAL_Driver/Src/stm32f1xx_hal_cortex.c.obj
 .debug_ranges  0x00000578       0x70 CMakeFiles/RTOS_TEST.elf.dir/Drivers/STM32F1xx_HAL_Driver/Src/stm32f1xx_hal_dma.c.obj
 .debug_ranges  0x000005e8       0x48 CMakeFiles/RTOS_TEST.elf.dir/Drivers/STM32F1xx_HAL_Driver/Src/stm32f1xx_hal_gpio.c.obj
 .debug_ranges  0x00000630       0xa0 CMakeFiles/RTOS_TEST.elf.dir/Drivers/STM32F1xx_HAL_Driver/Src/stm32f1xx_hal_rcc.c.obj
 .debug_ranges  0x000006d0       0x38 CMakeFiles/RTOS_TEST.elf.dir/Drivers/STM32F1xx_HAL_Driver/Src/stm32f1xx_hal_rcc_ex.c.obj
 .debug_ranges  0x00000708      0x3c0 CMakeFiles/RTOS_TEST.elf.dir/Drivers/STM32F1xx_HAL_Driver/Src/stm32f1xx_hal_tim.c.obj
 .debug_ranges  0x00000ac8      0x158 CMakeFiles/RTOS_TEST.elf.dir/Drivers/STM32F1xx_HAL_Driver/Src/stm32f1xx_hal_tim_ex.c.obj
 .debug_ranges  0x00000c20      0x1f0 CMakeFiles/RTOS_TEST.elf.dir/Drivers/STM32F1xx_HAL_Driver/Src/stm32f1xx_hal_uart.c.obj
 .debug_ranges  0x00000e10      0x1c8 CMakeFiles/RTOS_TEST.elf.dir/Middlewares/Third_Party/FreeRTOS/Source/CMSIS_RTOS/cmsis_os.c.obj
 .debug_ranges  0x00000fd8       0x30 CMakeFiles/RTOS_TEST.elf.dir/Middlewares/Third_Party/FreeRTOS/Source/list.c.obj
 .debug_ranges  0x00001008       0x68 CMakeFiles/RTOS_TEST.elf.dir/Middlewares/Third_Party/FreeRTOS/Source/portable/GCC/ARM_CM3/port.c.obj
 .debug_ranges  0x00001070       0x40 CMakeFiles/RTOS_TEST.elf.dir/Middlewares/Third_Party/FreeRTOS/Source/portable/MemMang/heap_4.c.obj
 .debug_ranges  0x000010b0      0x268 CMakeFiles/RTOS_TEST.elf.dir/Middlewares/Third_Party/FreeRTOS/Source/tasks.c.obj
 .debug_ranges  0x00001318       0x20 CMakeFiles/RTOS_TEST.elf.dir/startup/startup_stm32f103xb.s.obj

.debug_line     0x00000000    0x1417c
 .debug_line    0x00000000      0x9a9 CMakeFiles/RTOS_TEST.elf.dir/Core/SYSTEM/usart/usart.c.obj
 .debug_line    0x000009a9      0x4da CMakeFiles/RTOS_TEST.elf.dir/Core/Src/adc.c.obj
 .debug_line    0x00000e83      0x1cf CMakeFiles/RTOS_TEST.elf.dir/Core/Src/dma.c.obj
 .debug_line    0x00001052      0x428 CMakeFiles/RTOS_TEST.elf.dir/Core/Src/freertos.c.obj
 .debug_line    0x0000147a      0x1fe CMakeFiles/RTOS_TEST.elf.dir/Core/Src/gpio.c.obj
 .debug_line    0x00001678      0x4e3 CMakeFiles/RTOS_TEST.elf.dir/Core/Src/main.c.obj
 .debug_line    0x00001b5b      0x39a CMakeFiles/RTOS_TEST.elf.dir/Core/Src/retarget.c.obj
 .debug_line    0x00001ef5      0x1e5 CMakeFiles/RTOS_TEST.elf.dir/Core/Src/stm32f1xx_hal_msp.c.obj
 .debug_line    0x000020da      0x49d CMakeFiles/RTOS_TEST.elf.dir/Core/Src/stm32f1xx_it.c.obj
 .debug_line    0x00002577      0x450 CMakeFiles/RTOS_TEST.elf.dir/Core/Src/syscalls.c.obj
 .debug_line    0x000029c7      0x24e CMakeFiles/RTOS_TEST.elf.dir/Core/Src/system_stm32f1xx.c.obj
 .debug_line    0x00002c15      0x35c CMakeFiles/RTOS_TEST.elf.dir/Core/Src/tim.c.obj
 .debug_line    0x00002f71      0x57e CMakeFiles/RTOS_TEST.elf.dir/Drivers/STM32F1xx_HAL_Driver/Src/stm32f1xx_hal.c.obj
 .debug_line    0x000034ef      0xf18 CMakeFiles/RTOS_TEST.elf.dir/Drivers/STM32F1xx_HAL_Driver/Src/stm32f1xx_hal_adc.c.obj
 .debug_line    0x00004407      0xbee CMakeFiles/RTOS_TEST.elf.dir/Drivers/STM32F1xx_HAL_Driver/Src/stm32f1xx_hal_adc_ex.c.obj
 .debug_line    0x00004ff5      0x665 CMakeFiles/RTOS_TEST.elf.dir/Drivers/STM32F1xx_HAL_Driver/Src/stm32f1xx_hal_cortex.c.obj
 .debug_line    0x0000565a      0xa7f CMakeFiles/RTOS_TEST.elf.dir/Drivers/STM32F1xx_HAL_Driver/Src/stm32f1xx_hal_dma.c.obj
 .debug_line    0x000060d9      0x60f CMakeFiles/RTOS_TEST.elf.dir/Drivers/STM32F1xx_HAL_Driver/Src/stm32f1xx_hal_gpio.c.obj
 .debug_line    0x000066e8      0xc58 CMakeFiles/RTOS_TEST.elf.dir/Drivers/STM32F1xx_HAL_Driver/Src/stm32f1xx_hal_rcc.c.obj
 .debug_line    0x00007340      0x4ca CMakeFiles/RTOS_TEST.elf.dir/Drivers/STM32F1xx_HAL_Driver/Src/stm32f1xx_hal_rcc_ex.c.obj
 .debug_line    0x0000780a     0x468a CMakeFiles/RTOS_TEST.elf.dir/Drivers/STM32F1xx_HAL_Driver/Src/stm32f1xx_hal_tim.c.obj
 .debug_line    0x0000be94     0x1b8a CMakeFiles/RTOS_TEST.elf.dir/Drivers/STM32F1xx_HAL_Driver/Src/stm32f1xx_hal_tim_ex.c.obj
 .debug_line    0x0000da1e     0x20e7 CMakeFiles/RTOS_TEST.elf.dir/Drivers/STM32F1xx_HAL_Driver/Src/stm32f1xx_hal_uart.c.obj
 .debug_line    0x0000fb05     0x11f5 CMakeFiles/RTOS_TEST.elf.dir/Middlewares/Third_Party/FreeRTOS/Source/CMSIS_RTOS/cmsis_os.c.obj
 .debug_line    0x00010cfa      0x3a0 CMakeFiles/RTOS_TEST.elf.dir/Middlewares/Third_Party/FreeRTOS/Source/list.c.obj
 .debug_line    0x0001109a      0x651 CMakeFiles/RTOS_TEST.elf.dir/Middlewares/Third_Party/FreeRTOS/Source/portable/GCC/ARM_CM3/port.c.obj
 .debug_line    0x000116eb      0x68a CMakeFiles/RTOS_TEST.elf.dir/Middlewares/Third_Party/FreeRTOS/Source/portable/MemMang/heap_4.c.obj
 .debug_line    0x00011d75     0x2366 CMakeFiles/RTOS_TEST.elf.dir/Middlewares/Third_Party/FreeRTOS/Source/tasks.c.obj
 .debug_line    0x000140db       0xa1 CMakeFiles/RTOS_TEST.elf.dir/startup/startup_stm32f103xb.s.obj

.debug_str      0x00000000     0x66c6
 .debug_str     0x00000000      0xb3c CMakeFiles/RTOS_TEST.elf.dir/Core/SYSTEM/usart/usart.c.obj
                                0xc08 (size before relaxing)
 .debug_str     0x00000b3c      0x1d2 CMakeFiles/RTOS_TEST.elf.dir/Core/Src/adc.c.obj
                                0x996 (size before relaxing)
 .debug_str     0x00000d0e       0x3f CMakeFiles/RTOS_TEST.elf.dir/Core/Src/dma.c.obj
                                0x520 (size before relaxing)
 .debug_str     0x00000d4d      0x384 CMakeFiles/RTOS_TEST.elf.dir/Core/Src/freertos.c.obj
                                0x598 (size before relaxing)
 .debug_str     0x000010d1       0x5d CMakeFiles/RTOS_TEST.elf.dir/Core/Src/gpio.c.obj
                                0x2bd (size before relaxing)
 .debug_str     0x0000112e      0x24d CMakeFiles/RTOS_TEST.elf.dir/Core/Src/main.c.obj
                                0x86b (size before relaxing)