Archive member included to satisfy reference by file (symbol)

c:/progra~2/gnuarm~1/102021~1.10/bin/../lib/gcc/arm-none-eabi/10.3.1/../../../../arm-none-eabi/lib/thumb/v7-m/nofp\libg.a(lib_a-errno.o)
                              CMakeFiles/RTOS_TEST.elf.dir/Core/Src/retarget.c.obj (__errno)
c:/progra~2/gnuarm~1/102021~1.10/bin/../lib/gcc/arm-none-eabi/10.3.1/../../../../arm-none-eabi/lib/thumb/v7-m/nofp\libg.a(lib_a-exit.o)
                              c:/progra~2/gnuarm~1/102021~1.10/bin/../lib/gcc/arm-none-eabi/10.3.1/../../../../arm-none-eabi/lib/thumb/v7-m/nofp/crt0.o (exit)
c:/progra~2/gnuarm~1/102021~1.10/bin/../lib/gcc/arm-none-eabi/10.3.1/../../../../arm-none-eabi/lib/thumb/v7-m/nofp\libg.a(lib_a-impure.o)
                              c:/progra~2/gnuarm~1/102021~1.10/bin/../lib/gcc/arm-none-eabi/10.3.1/../../../../arm-none-eabi/lib/thumb/v7-m/nofp\libg.a(lib_a-exit.o) (_global_impure_ptr)
c:/progra~2/gnuarm~1/102021~1.10/bin/../lib/gcc/arm-none-eabi/10.3.1/../../../../arm-none-eabi/lib/thumb/v7-m/nofp\libg.a(lib_a-init.o)
                              c:/progra~2/gnuarm~1/102021~1.10/bin/../lib/gcc/arm-none-eabi/10.3.1/../../../../arm-none-eabi/lib/thumb/v7-m/nofp/crt0.o (__libc_init_array)
c:/progra~2/gnuarm~1/102021~1.10/bin/../lib/gcc/arm-none-eabi/10.3.1/../../../../arm-none-eabi/lib/thumb/v7-m/nofp\libg.a(lib_a-memcpy.o)
                              CMakeFiles/RTOS_TEST.elf.dir/Core/SYSTEM/usart/usart.c.obj (memcpy)
c:/progra~2/gnuarm~1/102021~1.10/bin/../lib/gcc/arm-none-eabi/10.3.1/../../../../arm-none-eabi/lib/thumb/v7-m/nofp\libg.a(lib_a-memset.o)
                              c:/progra~2/gnuarm~1/102021~1.10/bin/../lib/gcc/arm-none-eabi/10.3.1/../../../../arm-none-eabi/lib/thumb/v7-m/nofp/crt0.o (memset)
c:/progra~2/gnuarm~1/102021~1.10/bin/../lib/gcc/arm-none-eabi/10.3.1/../../../../arm-none-eabi/lib/thumb/v7-m/nofp\libg.a(lib_a-printf.o)
                              CMakeFiles/RTOS_TEST.elf.dir/Middlewares/Third_Party/FreeRTOS/Source/event_groups.c.obj (printf)
c:/progra~2/gnuarm~1/102021~1.10/bin/../lib/gcc/arm-none-eabi/10.3.1/../../../../arm-none-eabi/lib/thumb/v7-m/nofp\libg.a(lib_a-setvbuf.o)
                              CMakeFiles/RTOS_TEST.elf.dir/Core/Src/retarget.c.obj (setvbuf)
c:/progra~2/gnuarm~1/102021~1.10/bin/../lib/gcc/arm-none-eabi/10.3.1/../../../../arm-none-eabi/lib/thumb/v7-m/nofp\libg.a(lib_a-vfprintf.o)
                              c:/progra~2/gnuarm~1/102021~1.10/bin/../lib/gcc/arm-none-eabi/10.3.1/../../../../arm-none-eabi/lib/thumb/v7-m/nofp\libg.a(lib_a-printf.o) (_vfprintf_r)
c:/progra~2/gnuarm~1/102021~1.10/bin/../lib/gcc/arm-none-eabi/10.3.1/../../../../arm-none-eabi/lib/thumb/v7-m/nofp\libg.a(lib_a-wsetup.o)
                              c:/progra~2/gnuarm~1/102021~1.10/bin/../lib/gcc/arm-none-eabi/10.3.1/../../../../arm-none-eabi/lib/thumb/v7-m/nofp\libg.a(lib_a-vfprintf.o) (__swsetup_r)
c:/progra~2/gnuarm~1/102021~1.10/bin/../lib/gcc/arm-none-eabi/10.3.1/../../../../arm-none-eabi/lib/thumb/v7-m/nofp\libg.a(lib_a-__call_atexit.o)
                              c:/progra~2/gnuarm~1/102021~1.10/bin/../lib/gcc/arm-none-eabi/10.3.1/../../../../arm-none-eabi/lib/thumb/v7-m/nofp\libg.a(lib_a-exit.o) (__call_exitprocs)
c:/progra~2/gnuarm~1/102021~1.10/bin/../lib/gcc/arm-none-eabi/10.3.1/../../../../arm-none-eabi/lib/thumb/v7-m/nofp\libg.a(lib_a-atexit.o)
                              c:/progra~2/gnuarm~1/102021~1.10/bin/../lib/gcc/arm-none-eabi/10.3.1/../../../../arm-none-eabi/lib/thumb/v7-m/nofp\libg.a(lib_a-__call_atexit.o) (atexit)
c:/progra~2/gnuarm~1/102021~1.10/bin/../lib/gcc/arm-none-eabi/10.3.1/../../../../arm-none-eabi/lib/thumb/v7-m/nofp\libg.a(lib_a-dtoa.o)
                              c:/progra~2/gnuarm~1/102021~1.10/bin/../lib/gcc/arm-none-eabi/10.3.1/../../../../arm-none-eabi/lib/thumb/v7-m/nofp\libg.a(lib_a-vfprintf.o) (_dtoa_r)
c:/progra~2/gnuarm~1/102021~1.10/bin/../lib/gcc/arm-none-eabi/10.3.1/../../../../arm-none-eabi/lib/thumb/v7-m/nofp\libg.a(lib_a-fflush.o)
                              c:/progra~2/gnuarm~1/102021~1.10/bin/../lib/gcc/arm-none-eabi/10.3.1/../../../../arm-none-eabi/lib/thumb/v7-m/nofp\libg.a(lib_a-setvbuf.o) (_fflush_r)
c:/progra~2/gnuarm~1/102021~1.10/bin/../lib/gcc/arm-none-eabi/10.3.1/../../../../arm-none-eabi/lib/thumb/v7-m/nofp\libg.a(lib_a-findfp.o)
                              c:/progra~2/gnuarm~1/102021~1.10/bin/../lib/gcc/arm-none-eabi/10.3.1/../../../../arm-none-eabi/lib/thumb/v7-m/nofp\libg.a(lib_a-setvbuf.o) (__sinit)
c:/progra~2/gnuarm~1/102021~1.10/bin/../lib/gcc/arm-none-eabi/10.3.1/../../../../arm-none-eabi/lib/thumb/v7-m/nofp\libg.a(lib_a-fini.o)
                              c:/progra~2/gnuarm~1/102021~1.10/bin/../lib/gcc/arm-none-eabi/10.3.1/../../../../arm-none-eabi/lib/thumb/v7-m/nofp\libg.a(lib_a-__call_atexit.o) (__libc_fini_array)
c:/progra~2/gnuarm~1/102021~1.10/bin/../lib/gcc/arm-none-eabi/10.3.1/../../../../arm-none-eabi/lib/thumb/v7-m/nofp\libg.a(lib_a-freer.o)
[...]
Memory Configuration

Name             Origin             Length             Attributes
RAM              0x20000000         0x00005000         xrw
FLASH            0x08000000         0x00010000         xr
*default*        0x00000000         0xffffffff

Linker script and memory map

LOAD c:/progra~2/gnuarm~1/102021~1.10/bin/../lib/gcc/arm-none-eabi/10.3.1/thumb/v7-m/nofp/crti.o
LOAD c:/progra~2/gnuarm~1/102021~1.10/bin/../lib/gcc/arm-none-eabi/10.3.1/thumb/v7-m/nofp/crtbegin.o
LOAD c:/progra~2/gnuarm~1/102021~1.10/bin/../lib/gcc/arm-none-eabi/10.3.1/../../../../arm-none-eabi/lib/thumb/v7-m/nofp/crt0.o
LOAD CMakeFiles/RTOS_TEST.elf.dir/Core/SYSTEM/delay/delay.c.obj
LOAD CMakeFiles/RTOS_TEST.elf.dir/Core/SYSTEM/sys/sys.c.obj
LOAD CMakeFiles/RTOS_TEST.elf.dir/Core/SYSTEM/usart/usart.c.obj
LOAD CMakeFiles/RTOS_TEST.elf.dir/Core/Src/adc.c.obj
LOAD CMakeFiles/RTOS_TEST.elf.dir/Core/Src/dma.c.obj
LOAD CMakeFiles/RTOS_TEST.elf.dir/Core/Src/freertos.c.obj
LOAD CMakeFiles/RTOS_TEST.elf.dir/Core/Src/gpio.c.obj
LOAD CMakeFiles/RTOS_TEST.elf.dir/Core/Src/main.c.obj
LOAD CMakeFiles/RTOS_TEST.elf.dir/Core/Src/retarget.c.obj
LOAD CMakeFiles/RTOS_TEST.elf.dir/Core/Src/stm32f1xx_hal_msp.c.obj
LOAD CMakeFiles/RTOS_TEST.elf.dir/Core/Src/stm32f1xx_it.c.obj
LOAD CMakeFiles/RTOS_TEST.elf.dir/Core/Src/syscalls.c.obj
LOAD CMakeFiles/RTOS_TEST.elf.dir/Core/Src/system_stm32f1xx.c.obj
LOAD CMakeFiles/RTOS_TEST.elf.dir/Core/Src/tim.c.obj
LOAD CMakeFiles/RTOS_TEST.elf.dir/Drivers/STM32F1xx_HAL_Driver/Src/stm32f1xx_hal.c.obj
LOAD CMakeFiles/RTOS_TEST.elf.dir/Drivers/STM32F1xx_HAL_Driver/Src/stm32f1xx_hal_adc.c.obj
LOAD CMakeFiles/RTOS_TEST.elf.dir/Drivers/STM32F1xx_HAL_Driver/Src/stm32f1xx_hal_adc_ex.c.obj
LOAD CMakeFiles/RTOS_TEST.elf.dir/Drivers/STM32F1xx_HAL_Driver/Src/stm32f1xx_hal_cortex.c.obj
LOAD CMakeFiles/RTOS_TEST.elf.dir/Drivers/STM32F1xx_HAL_Driver/Src/stm32f1xx_hal_dma.c.obj
LOAD CMakeFiles/RTOS_TEST.elf.dir/Drivers/STM32F1xx_HAL_Driver/Src/stm32f1xx_hal_exti.c.obj
LOAD CMakeFiles/RTOS_TEST.elf.dir/Drivers/STM32F1xx_HAL_Driver/Src/stm32f1xx_hal_flash.c.obj
LOAD CMakeFiles/RTOS_TEST.elf.dir/Drivers/STM32F1xx_HAL_Driver/Src/stm32f1xx_hal_flash_ex.c.obj
LOAD CMakeFiles/RTOS_TEST.elf.dir/Drivers/STM32F1xx_HAL_Driver/Src/stm32f1xx_hal_gpio.c.obj
LOAD CMakeFiles/RTOS_TEST.elf.dir/Drivers/STM32F1xx_HAL_Driver/Src/stm32f1xx_hal_gpio_ex.c.obj
LOAD CMakeFiles/RTOS_TEST.elf.dir/Drivers/STM32F1xx_HAL_Driver/Src/stm32f1xx_hal_pwr.c.obj
LOAD CMakeFiles/RTOS_TEST.elf.dir/Drivers/STM32F1xx_HAL_Driver/Src/stm32f1xx_hal_rcc.c.obj
LOAD CMakeFiles/RTOS_TEST.elf.dir/Drivers/STM32F1xx_HAL_Driver/Src/stm32f1xx_hal_rcc_ex.c.obj
LOAD CMakeFiles/RTOS_TEST.elf.dir/Drivers/STM32F1xx_HAL_Driver/Src/stm32f1xx_hal_tim.c.obj
LOAD CMakeFiles/RTOS_TEST.elf.dir/Drivers/STM32F1xx_HAL_Driver/Src/stm32f1xx_hal_tim_ex.c.obj
LOAD CMakeFiles/RTOS_TEST.elf.dir/Drivers/STM32F1xx_HAL_Driver/Src/stm32f1xx_hal_uart.c.obj
LOAD CMakeFiles/RTOS_TEST.elf.dir/Middlewares/Third_Party/FreeRTOS/Source/CMSIS_RTOS/cmsis_os.c.obj
LOAD CMakeFiles/RTOS_TEST.elf.dir/Middlewares/Third_Party/FreeRTOS/Source/croutine.c.obj
LOAD CMakeFiles/RTOS_TEST.elf.dir/Middlewares/Third_Party/FreeRTOS/Source/event_groups.c.obj
LOAD CMakeFiles/RTOS_TEST.elf.dir/Middlewares/Third_Party/FreeRTOS/Source/list.c.obj
LOAD CMakeFiles/RTOS_TEST.elf.dir/Middlewares/Third_Party/FreeRTOS/Source/portable/GCC/ARM_CM3/port.c.obj
LOAD CMakeFiles/RTOS_TEST.elf.dir/Middlewares/Third_Party/FreeRTOS/Source/portable/MemMang/heap_4.c.obj
LOAD CMakeFiles/RTOS_TEST.elf.dir/Middlewares/Third_Party/FreeRTOS/Source/queue.c.obj
LOAD CMakeFiles/RTOS_TEST.elf.dir/Middlewares/Third_Party/FreeRTOS/Source/stream_buffer.c.obj
LOAD CMakeFiles/RTOS_TEST.elf.dir/Middlewares/Third_Party/FreeRTOS/Source/tasks.c.obj
LOAD CMakeFiles/RTOS_TEST.elf.dir/Middlewares/Third_Party/FreeRTOS/Source/timers.c.obj
LOAD CMakeFiles/RTOS_TEST.elf.dir/startup/startup_stm32f103xb.s.obj
START GROUP
LOAD c:/progra~2/gnuarm~1/102021~1.10/bin/../lib/gcc/arm-none-eabi/10.3.1/thumb/v7-m/nofp\libgcc.a
LOAD c:/progra~2/gnuarm~1/102021~1.10/bin/../lib/gcc/arm-none-eabi/10.3.1/../../../../arm-none-eabi/lib/thumb/v7-m/nofp\libg.a
LOAD c:/progra~2/gnuarm~1/102021~1.10/bin/../lib/gcc/arm-none-eabi/10.3.1/../../../../arm-none-eabi/lib/thumb/v7-m/nofp\libc.a
END GROUP
LOAD c:/progra~2/gnuarm~1/102021~1.10/bin/../lib/gcc/arm-none-eabi/10.3.1/thumb/v7-m/nofp/crtend.o
LOAD c:/progra~2/gnuarm~1/102021~1.10/bin/../lib/gcc/arm-none-eabi/10.3.1/thumb/v7-m/nofp/crtn.o
                0x20005000                _estack = 0x20005000
                0x00000200                _Min_Heap_Size = 0x200
                0x00000400                _Min_Stack_Size = 0x400

.isr_vector     0x08000000      0x10c
                0x08000000                . = ALIGN (0x4)
 *(.isr_vector)
 .isr_vector    0x08000000      0x10c CMakeFiles/RTOS_TEST.elf.dir/startup/startup_stm32f103xb.s.obj
                0x08000000                g_pfnVectors
                0x0800010c                . = ALIGN (0x4)

.text           0x08000110     0xa4f4
                0x08000110                . = ALIGN (0x4)
 *(.text)
 .text          0x08000110       0x40 c:/progra~2/gnuarm~1/102021~1.10/bin/../lib/gcc/arm-none-eabi/10.3.1/thumb/v7-m/nofp/crtbegin.o
 .text          0x08000150       0xec c:/progra~2/gnuarm~1/102021~1.10/bin/../lib/gcc/arm-none-eabi/10.3.1/../../../../arm-none-eabi/lib/thumb/v7-m/nofp\libg.a(lib_a-memcpy.o)
                0x08000150                memcpy
 .text          0x0800023c      0x378 c:/progra~2/gnuarm~1/102021~1.10/bin/../lib/gcc/arm-none-eabi/10.3.1/thumb/v7-m/nofp\libgcc.a(_arm_addsubdf3.o)
                0x0800023c                __aeabi_drsub
                0x08000244                __aeabi_dsub
                0x08000244                __subdf3
                0x08000248                __aeabi_dadd
                0x08000248                __adddf3
                0x080004c0                __floatunsidf
                0x080004c0                __aeabi_ui2d
                0x080004e0                __floatsidf
                0x080004e0                __aeabi_i2d
                0x08000504                __aeabi_f2d
                0x08000504                __extendsfdf2
                0x08000548                __floatundidf
                0x08000548                __aeabi_ul2d
                0x08000558                __floatdidf
                0x08000558                __aeabi_l2d
 .text          0x080005b4      0x424 c:/progra~2/gnuarm~1/102021~1.10/bin/../lib/gcc/arm-none-eabi/10.3.1/thumb/v7-m/nofp\libgcc.a(_arm_muldivdf3.o)
                0x080005b4                __aeabi_dmul
                0x080005b4                __muldf3
                0x08000808                __divdf3
                0x08000808                __aeabi_ddiv
 .text          0x080009d8      0x110 c:/progra~2/gnuarm~1/102021~1.10/bin/../lib/gcc/arm-none-eabi/10.3.1/thumb/v7-m/nofp\libgcc.a(_arm_cmpdf2.o)
                0x080009d8                __gtdf2
                0x080009d8                __gedf2
                0x080009e0                __ltdf2
                0x080009e0                __ledf2
                0x080009e8                __nedf2
                0x080009e8                __eqdf2
                0x080009e8                __cmpdf2
                0x08000a64                __aeabi_cdrcmple
                0x08000a74                __aeabi_cdcmpeq
                0x08000a74                __aeabi_cdcmple
                0x08000a84                __aeabi_dcmpeq
                0x08000a98                __aeabi_dcmplt
                0x08000aac                __aeabi_dcmple
                0x08000ac0                __aeabi_dcmpge
                0x08000ad4                __aeabi_dcmpgt
 .text          0x08000ae8       0x2c c:/progra~2/gnuarm~1/102021~1.10/bin/../lib/gcc/arm-none-eabi/10.3.1/thumb/v7-m/nofp\libgcc.a(_arm_unorddf2.o)
                0x08000ae8                __unorddf2
                0x08000ae8                __aeabi_dcmpun
 .text          0x08000b14       0x50 c:/progra~2/gnuarm~1/102021~1.10/bin/../lib/gcc/arm-none-eabi/10.3.1/thumb/v7-m/nofp\libgcc.a(_arm_fixdfsi.o)
                0x08000b14                __aeabi_d2iz
                0x08000b14                __fixdfsi
 .text          0x08000b64       0x30 c:/progra~2/gnuarm~1/102021~1.10/bin/../lib/gcc/arm-none-eabi/10.3.1/thumb/v7-m/nofp\libgcc.a(_aeabi_uldivmod.o)
                0x08000b64                __aeabi_uldivmod
 .text          0x08000b94      0x2d4 c:/progra~2/gnuarm~1/102021~1.10/bin/../lib/gcc/arm-none-eabi/10.3.1/thumb/v7-m/nofp\libgcc.a(_udivmoddi4.o)
                0x08000b94                __udivmoddi4
 .text          0x08000e68        0x4 c:/progra~2/gnuarm~1/102021~1.10/bin/../lib/gcc/arm-none-eabi/10.3.1/thumb/v7-m/nofp\libgcc.a(_dvmd_tls.o)
                0x08000e68                __aeabi_idiv0
                0x08000e68                __aeabi_ldiv0
 *(.text*)
 .text.uart_init_1
                0x08000e6c       0x40 CMakeFiles/RTOS_TEST.elf.dir/Core/SYSTEM/usart/usart.c.obj
                0x08000e6c                uart_init_1
 .text.uart_init_2
                0x08000eac       0x40 CMakeFiles/RTOS_TEST.elf.dir/Core/SYSTEM/usart/usart.c.obj
                0x08000eac                uart_init_2
 .text.HAL_UART_MspInit
                0x08000eec      0x178 CMakeFiles/RTOS_TEST.elf.dir/Core/SYSTEM/usart/usart.c.obj
                0x08000eec                HAL_UART_MspInit
 .text.HAL_UART_RxCpltCallback
                0x08001064      0x108 CMakeFiles/RTOS_TEST.elf.dir/Core/SYSTEM/usart/usart.c.obj
                0x08001064                HAL_UART_RxCpltCallback
 .text.USART1_IRQHandler
                0x0800116c       0x2c CMakeFiles/RTOS_TEST.elf.dir/Core/SYSTEM/usart/usart.c.obj
                0x0800116c                USART1_IRQHandler
 .text.USART2_IRQHandler
                0x08001198       0x2c CMakeFiles/RTOS_TEST.elf.dir/Core/SYSTEM/usart/usart.c.obj
                0x08001198                USART2_IRQHandler
 .text.MX_ADC1_Init
                0x080011c4      0x144 CMakeFiles/RTOS_TEST.elf.dir/Core/Src/adc.c.obj
                0x080011c4                MX_ADC1_Init
 .text.HAL_ADC_MspInit
                0x08001308       0xd0 CMakeFiles/RTOS_TEST.elf.dir/Core/Src/adc.c.obj
                0x08001308                HAL_ADC_MspInit
 .text.MX_DMA_Init
                0x080013d8       0x54 CMakeFiles/RTOS_TEST.elf.dir/Core/Src/dma.c.obj
                0x080013d8                MX_DMA_Init
 .text.StartDefaultTask
                0x0800142c        0xa CMakeFiles/RTOS_TEST.elf.dir/Core/Src/freertos.c.obj
                0x0800142c                StartDefaultTask
 .text.adcTask1
                0x08001436        0xa CMakeFiles/RTOS_TEST.elf.dir/Core/Src/freertos.c.obj
                0x08001436                adcTask1
 .text.uartRxTask1
                0x08001440        0xa CMakeFiles/RTOS_TEST.elf.dir/Core/Src/freertos.c.obj
                0x08001440                uartRxTask1
 *fill*         0x0800144a        0x2 
 .text.ledTask1
                0x0800144c       0x30 CMakeFiles/RTOS_TEST.elf.dir/Core/Src/freertos.c.obj
                0x0800144c                ledTask1
 .text.MX_FREERTOS_Init
                0x0800147c       0xac CMakeFiles/RTOS_TEST.elf.dir/Core/Src/freertos.c.obj
                0x0800147c                MX_FREERTOS_Init
 .text.MX_GPIO_Init
                0x08001528       0x74 CMakeFiles/RTOS_TEST.elf.dir/Core/Src/gpio.c.obj
                0x08001528                MX_GPIO_Init
 .text.Error_Handler
                0x0800159c        0x4 CMakeFiles/RTOS_TEST.elf.dir/Core/Src/main.c.obj
                0x0800159c                Error_Handler
 .text.SystemClock_Config
                0x080015a0       0x84 CMakeFiles/RTOS_TEST.elf.dir/Core/Src/main.c.obj
                0x080015a0                SystemClock_Config
 .text.main     0x08001624       0x40 CMakeFiles/RTOS_TEST.elf.dir/Core/Src/main.c.obj
                0x08001624                main
 .text.RetargetInit
                0x08001664       0x20 CMakeFiles/RTOS_TEST.elf.dir/Core/Src/retarget.c.obj
                0x08001664                RetargetInit
 .text._write   0x08001684       0x34 CMakeFiles/RTOS_TEST.elf.dir/Core/Src/retarget.c.obj
                0x08001684                _write
 .text._read    0x080016b8       0x30 CMakeFiles/RTOS_TEST.elf.dir/Core/Src/retarget.c.obj
                0x080016b8                _read
 .text.HAL_MspInit
                0x080016e8       0x54 CMakeFiles/RTOS_TEST.elf.dir/Core/Src/stm32f1xx_hal_msp.c.obj
                0x080016e8                HAL_MspInit
 .text.NMI_Handler
                0x0800173c        0x2 CMakeFiles/RTOS_TEST.elf.dir/Core/Src/stm32f1xx_it.c.obj
                0x0800173c                NMI_Handler
 .text.HardFault_Handler
                0x0800173e        0x2 CMakeFiles/RTOS_TEST.elf.dir/Core/Src/stm32f1xx_it.c.obj
                0x0800173e                HardFault_Handler
 .text.MemManage_Handler
                0x08001740        0x2 CMakeFiles/RTOS_TEST.elf.dir/Core/Src/stm32f1xx_it.c.obj
                0x08001740                MemManage_Handler
 .text.BusFault_Handler
                0x08001742        0x2 CMakeFiles/RTOS_TEST.elf.dir/Core/Src/stm32f1xx_it.c.obj
                0x08001742                BusFault_Handler
 .text.UsageFault_Handler
                0x08001744        0x2 CMakeFiles/RTOS_TEST.elf.dir/Core/Src/stm32f1xx_it.c.obj
                0x08001744                UsageFault_Handler
 .text.DebugMon_Handler
                0x08001746        0x2 CMakeFiles/RTOS_TEST.elf.dir/Core/Src/stm32f1xx_it.c.obj
                0x08001746                DebugMon_Handler
 .text.SysTick_Handler
                0x08001748       0x16 CMakeFiles/RTOS_TEST.elf.dir/Core/Src/stm32f1xx_it.c.obj
                0x08001748                SysTick_Handler
 *fill*         0x0800175e        0x2 
 .text.DMA1_Channel1_IRQHandler
                0x08001760       0x10 CMakeFiles/RTOS_TEST.elf.dir/Core/Src/stm32f1xx_it.c.obj
                0x08001760                DMA1_Channel1_IRQHandler
 .text.DMA1_Channel4_IRQHandler
                0x08001770       0x10 CMakeFiles/RTOS_TEST.elf.dir/Core/Src/stm32f1xx_it.c.obj
                0x08001770                DMA1_Channel4_IRQHandler
 .text.DMA1_Channel5_IRQHandler
                0x08001780       0x10 CMakeFiles/RTOS_TEST.elf.dir/Core/Src/stm32f1xx_it.c.obj
                0x08001780                DMA1_Channel5_IRQHandler
 .text.ADC1_2_IRQHandler
                0x08001790       0x10 CMakeFiles/RTOS_TEST.elf.dir/Core/Src/stm32f1xx_it.c.obj
                0x08001790                ADC1_2_IRQHandler
 .text.TIM2_IRQHandler
                0x080017a0       0x10 CMakeFiles/RTOS_TEST.elf.dir/Core/Src/stm32f1xx_it.c.obj
                0x080017a0                TIM2_IRQHandler
 .text._getpid  0x080017b0        0x4 CMakeFiles/RTOS_TEST.elf.dir/Core/Src/syscalls.c.obj
                0x080017b0                _getpid
 .text._kill    0x080017b4       0x10 CMakeFiles/RTOS_TEST.elf.dir/Core/Src/syscalls.c.obj
                0x080017b4                _kill
 .text._exit    0x080017c4        0xc CMakeFiles/RTOS_TEST.elf.dir/Core/Src/syscalls.c.obj
                0x080017c4                _exit
 .text._sbrk    0x080017d0       0x3c CMakeFiles/RTOS_TEST.elf.dir/Core/Src/syscalls.c.obj
                0x080017d0                _sbrk
 .text._close   0x0800180c        0x6 CMakeFiles/RTOS_TEST.elf.dir/Core/Src/syscalls.c.obj
                0x0800180c                _close
 .text._fstat   0x08001812        0xa CMakeFiles/RTOS_TEST.elf.dir/Core/Src/syscalls.c.obj
                0x08001812                _fstat
 .text._isatty  0x0800181c        0x4 CMakeFiles/RTOS_TEST.elf.dir/Core/Src/syscalls.c.obj
                0x0800181c                _isatty
 .text._lseek   0x08001820        0x4 CMakeFiles/RTOS_TEST.elf.dir/Core/Src/syscalls.c.obj
                0x08001820                _lseek
 .text.SystemInit
                0x08001824        0x2 CMakeFiles/RTOS_TEST.elf.dir/Core/Src/system_stm32f1xx.c.obj
                0x08001824                SystemInit
 *fill*         0x08001826        0x2 
 .text.MX_TIM2_Init
                0x08001828       0x80 CMakeFiles/RTOS_TEST.elf.dir/Core/Src/tim.c.obj
                0x08001828                MX_TIM2_Init
 .text.HAL_TIM_PWM_MspInit
                0x080018a8       0x3a CMakeFiles/RTOS_TEST.elf.dir/Core/Src/tim.c.obj
                0x080018a8                HAL_TIM_PWM_MspInit
 *fill*         0x080018e2        0x2 
 .text.HAL_InitTick
                0x080018e4       0x4c CMakeFiles/RTOS_TEST.elf.dir/Drivers/STM32F1xx_HAL_Driver/Src/stm32f1xx_hal.c.obj
                0x080018e4                HAL_InitTick
 .text.HAL_Init
                0x08001930       0x24 CMakeFiles/RTOS_TEST.elf.dir/Drivers/STM32F1xx_HAL_Driver/Src/stm32f1xx_hal.c.obj
                0x08001930                HAL_Init
 .text.HAL_IncTick
                0x08001954       0x18 CMakeFiles/RTOS_TEST.elf.dir/Drivers/STM32F1xx_HAL_Driver/Src/stm32f1xx_hal.c.obj
                0x08001954                HAL_IncTick
 .text.HAL_GetTick
                0x0800196c        0xc CMakeFiles/RTOS_TEST.elf.dir/Drivers/STM32F1xx_HAL_Driver/Src/stm32f1xx_hal.c.obj
                0x0800196c                HAL_GetTick
 .text.HAL_ADC_ConvCpltCallback
                0x08001978        0x2 CMakeFiles/RTOS_TEST.elf.dir/Drivers/STM32F1xx_HAL_Driver/Src/stm32f1xx_hal_adc.c.obj
                0x08001978                HAL_ADC_ConvCpltCallback
 .text.HAL_ADC_LevelOutOfWindowCallback
                0x0800197a        0x2 CMakeFiles/RTOS_TEST.elf.dir/Drivers/STM32F1xx_HAL_Driver/Src/stm32f1xx_hal_adc.c.obj
                0x0800197a                HAL_ADC_LevelOutOfWindowCallback
 .text.HAL_ADC_IRQHandler
                0x0800197c      0x10c CMakeFiles/RTOS_TEST.elf.dir/Drivers/STM32F1xx_HAL_Driver/Src/stm32f1xx_hal_adc.c.obj
                0x0800197c                HAL_ADC_IRQHandler
 .text.HAL_ADC_ConfigChannel
                0x08001a88      0x144 CMakeFiles/RTOS_TEST.elf.dir/Drivers/STM32F1xx_HAL_Driver/Src/stm32f1xx_hal_adc.c.obj
                0x08001a88                HAL_ADC_ConfigChannel
 .text.ADC_ConversionStop_Disable
                0x08001bcc       0x56 CMakeFiles/RTOS_TEST.elf.dir/Drivers/STM32F1xx_HAL_Driver/Src/stm32f1xx_hal_adc.c.obj
                0x08001bcc                ADC_ConversionStop_Disable
 *fill*         0x08001c22        0x2 
 .text.HAL_ADC_Init
                0x08001c24      0x108 CMakeFiles/RTOS_TEST.elf.dir/Drivers/STM32F1xx_HAL_Driver/Src/stm32f1xx_hal_adc.c.obj
                0x08001c24                HAL_ADC_Init
 .text.HAL_ADCEx_InjectedConvCpltCallback
                0x08001d2c        0x2 CMakeFiles/RTOS_TEST.elf.dir/Drivers/STM32F1xx_HAL_Driver/Src/stm32f1xx_hal_adc_ex.c.obj
                0x08001d2c                HAL_ADCEx_InjectedConvCpltCallback
 *fill*         0x08001d2e        0x2 
 .text.HAL_NVIC_SetPriorityGrouping
                0x08001d30       0x24 CMakeFiles/RTOS_TEST.elf.dir/Drivers/STM32F1xx_HAL_Driver/Src/stm32f1xx_hal_cortex.c.obj
                0x08001d30                HAL_NVIC_SetPriorityGrouping
 .text.HAL_NVIC_SetPriority
                0x08001d54       0x70 CMakeFiles/RTOS_TEST.elf.dir/Drivers/STM32F1xx_HAL_Driver/Src/stm32f1xx_hal_cortex.c.obj
                0x08001d54                HAL_NVIC_SetPriority
 .text.HAL_NVIC_EnableIRQ
                0x08001dc4       0x1c CMakeFiles/RTOS_TEST.elf.dir/Drivers/STM32F1xx_HAL_Driver/Src/stm32f1xx_hal_cortex.c.obj
                0x08001dc4                HAL_NVIC_EnableIRQ
 .text.HAL_SYSTICK_Config
                0x08001de0       0x28 CMakeFiles/RTOS_TEST.elf.dir/Drivers/STM32F1xx_HAL_Driver/Src/stm32f1xx_hal_cortex.c.obj
                0x08001de0                HAL_SYSTICK_Config
 .text.HAL_DMA_Init
                0x08001e08       0x6c CMakeFiles/RTOS_TEST.elf.dir/Drivers/STM32F1xx_HAL_Driver/Src/stm32f1xx_hal_dma.c.obj
                0x08001e08                HAL_DMA_Init
 .text.HAL_DMA_Abort
                0x08001e74       0x44 CMakeFiles/RTOS_TEST.elf.dir/Drivers/STM32F1xx_HAL_Driver/Src/stm32f1xx_hal_dma.c.obj
                0x08001e74                HAL_DMA_Abort
 .text.HAL_DMA_Abort_IT
                0x08001eb8       0x98 CMakeFiles/RTOS_TEST.elf.dir/Drivers/STM32F1xx_HAL_Driver/Src/stm32f1xx_hal_dma.c.obj
                0x08001eb8                HAL_DMA_Abort_IT
 .text.HAL_DMA_IRQHandler
                0x08001f50      0x144 CMakeFiles/RTOS_TEST.elf.dir/Drivers/STM32F1xx_HAL_Driver/Src/stm32f1xx_hal_dma.c.obj
                0x08001f50                HAL_DMA_IRQHandler
 .text.HAL_GPIO_Init
                0x08002094      0x224 CMakeFiles/RTOS_TEST.elf.dir/Drivers/STM32F1xx_HAL_Driver/Src/stm32f1xx_hal_gpio.c.obj
                0x08002094                HAL_GPIO_Init
 .text.HAL_GPIO_WritePin
                0x080022b8        0xc CMakeFiles/RTOS_TEST.elf.dir/Drivers/STM32F1xx_HAL_Driver/Src/stm32f1xx_hal_gpio.c.obj
                0x080022b8                HAL_GPIO_WritePin
 .text.RCC_Delay
                0x080022c4       0x2c CMakeFiles/RTOS_TEST.elf.dir/Drivers/STM32F1xx_HAL_Driver/Src/stm32f1xx_hal_rcc.c.obj
 .text.HAL_RCC_OscConfig
                0x080022f0      0x410 CMakeFiles/RTOS_TEST.elf.dir/Drivers/STM32F1xx_HAL_Driver/Src/stm32f1xx_hal_rcc.c.obj
                0x080022f0                HAL_RCC_OscConfig
 .text.HAL_RCC_GetSysClockFreq
                0x08002700       0x70 CMakeFiles/RTOS_TEST.elf.dir/Drivers/STM32F1xx_HAL_Driver/Src/stm32f1xx_hal_rcc.c.obj
                0x08002700                HAL_RCC_GetSysClockFreq
 .text.HAL_RCC_ClockConfig
                0x08002770      0x16c CMakeFiles/RTOS_TEST.elf.dir/Drivers/STM32F1xx_HAL_Driver/Src/stm32f1xx_hal_rcc.c.obj
                0x08002770                HAL_RCC_ClockConfig
 .text.HAL_RCC_GetHCLKFreq
                0x080028dc        0xc CMakeFiles/RTOS_TEST.elf.dir/Drivers/STM32F1xx_HAL_Driver/Src/stm32f1xx_hal_rcc.c.obj
                0x080028dc                HAL_RCC_GetHCLKFreq
 .text.HAL_RCC_GetPCLK1Freq
                0x080028e8       0x20 CMakeFiles/RTOS_TEST.elf.dir/Drivers/STM32F1xx_HAL_Driver/Src/stm32f1xx_hal_rcc.c.obj
                0x080028e8                HAL_RCC_GetPCLK1Freq
 .text.HAL_RCC_GetPCLK2Freq
                0x08002908       0x20 CMakeFiles/RTOS_TEST.elf.dir/Drivers/STM32F1xx_HAL_Driver/Src/stm32f1xx_hal_rcc.c.obj
                0x08002908                HAL_RCC_GetPCLK2Freq
 .text.HAL_RCCEx_PeriphCLKConfig
                0x08002928      0x118 CMakeFiles/RTOS_TEST.elf.dir/Drivers/STM32F1xx_HAL_Driver/Src/stm32f1xx_hal_rcc_ex.c.obj
                0x08002928                HAL_RCCEx_PeriphCLKConfig
 .text.TIM_OC1_SetConfig
                0x08002a40       0x5c CMakeFiles/RTOS_TEST.elf.dir/Drivers/STM32F1xx_HAL_Driver/Src/stm32f1xx_hal_tim.c.obj
 .text.TIM_OC3_SetConfig
                0x08002a9c       0x64 CMakeFiles/RTOS_TEST.elf.dir/Drivers/STM32F1xx_HAL_Driver/Src/stm32f1xx_hal_tim.c.obj
 .text.TIM_OC4_SetConfig
                0x08002b00       0x48 CMakeFiles/RTOS_TEST.elf.dir/Drivers/STM32F1xx_HAL_Driver/Src/stm32f1xx_hal_tim.c.obj
 .text.HAL_TIM_PeriodElapsedCallback
                0x08002b48        0x2 CMakeFiles/RTOS_TEST.elf.dir/Drivers/STM32F1xx_HAL_Driver/Src/stm32f1xx_hal_tim.c.obj
                0x08002b48                HAL_TIM_PeriodElapsedCallback
 .text.HAL_TIM_OC_DelayElapsedCallback
                0x08002b4a        0x2 CMakeFiles/RTOS_TEST.elf.dir/Drivers/STM32F1xx_HAL_Driver/Src/stm32f1xx_hal_tim.c.obj
                0x08002b4a                HAL_TIM_OC_DelayElapsedCallback
 .text.HAL_TIM_IC_CaptureCallback
                0x08002b4c        0x2 CMakeFiles/RTOS_TEST.elf.dir/Drivers/STM32F1xx_HAL_Driver/Src/stm32f1xx_hal_tim.c.obj
                0x08002b4c                HAL_TIM_IC_CaptureCallback
 .text.HAL_TIM_PWM_PulseFinishedCallback
                0x08002b4e        0x2 CMakeFiles/RTOS_TEST.elf.dir/Drivers/STM32F1xx_HAL_Driver/Src/stm32f1xx_hal_tim.c.obj
                0x08002b4e                HAL_TIM_PWM_PulseFinishedCallback
 .text.HAL_TIM_TriggerCallback
                0x08002b50        0x2 CMakeFiles/RTOS_TEST.elf.dir/Drivers/STM32F1xx_HAL_Driver/Src/stm32f1xx_hal_tim.c.obj
                0x08002b50                HAL_TIM_TriggerCallback
 .text.HAL_TIM_IRQHandler
                0x08002b52      0x17a CMakeFiles/RTOS_TEST.elf.dir/Drivers/STM32F1xx_HAL_Driver/Src/stm32f1xx_hal_tim.c.obj
                0x08002b52                HAL_TIM_IRQHandler
 .text.TIM_Base_SetConfig
                0x08002ccc       0x74 CMakeFiles/RTOS_TEST.elf.dir/Drivers/STM32F1xx_HAL_Driver/Src/stm32f1xx_hal_tim.c.obj
                0x08002ccc                TIM_Base_SetConfig
 .text.HAL_TIM_PWM_Init
                0x08002d40       0x58 CMakeFiles/RTOS_TEST.elf.dir/Drivers/STM32F1xx_HAL_Driver/Src/stm32f1xx_hal_tim.c.obj
                0x08002d40                HAL_TIM_PWM_Init
 .text.TIM_OC2_SetConfig
                0x08002d98       0x64 CMakeFiles/RTOS_TEST.elf.dir/Drivers/STM32F1xx_HAL_Driver/Src/stm32f1xx_hal_tim.c.obj
                0x08002d98                TIM_OC2_SetConfig
 .text.HAL_TIM_PWM_ConfigChannel
                0x08002dfc       0xd0 CMakeFiles/RTOS_TEST.elf.dir/Drivers/STM32F1xx_HAL_Driver/Src/stm32f1xx_hal_tim.c.obj
                0x08002dfc                HAL_TIM_PWM_ConfigChannel
 .text.HAL_TIMEx_MasterConfigSynchronization
                0x08002ecc       0x6c CMakeFiles/RTOS_TEST.elf.dir/Drivers/STM32F1xx_HAL_Driver/Src/stm32f1xx_hal_tim_ex.c.obj
                0x08002ecc                HAL_TIMEx_MasterConfigSynchronization
 .text.HAL_TIMEx_CommutCallback
                0x08002f38        0x2 CMakeFiles/RTOS_TEST.elf.dir/Drivers/STM32F1xx_HAL_Driver/Src/stm32f1xx_hal_tim_ex.c.obj
                0x08002f38                HAL_TIMEx_CommutCallback
 .text.HAL_TIMEx_BreakCallback
                0x08002f3a        0x2 CMakeFiles/RTOS_TEST.elf.dir/Drivers/STM32F1xx_HAL_Driver/Src/stm32f1xx_hal_tim_ex.c.obj
                0x08002f3a                HAL_TIMEx_BreakCallback
 .text.UART_EndRxTransfer
                0x08002f3c       0x32 CMakeFiles/RTOS_TEST.elf.dir/Drivers/STM32F1xx_HAL_Driver/Src/stm32f1xx_hal_uart.c.obj
 .text.UART_Transmit_IT
                0x08002f6e       0x60 CMakeFiles/RTOS_TEST.elf.dir/Drivers/STM32F1xx_HAL_Driver/Src/stm32f1xx_hal_uart.c.obj
 *fill*         0x08002fce        0x2 
 .text.UART_SetConfig
                0x08002fd0       0x94 CMakeFiles/RTOS_TEST.elf.dir/Drivers/STM32F1xx_HAL_Driver/Src/stm32f1xx_hal_uart.c.obj
 .text.UART_WaitOnFlagUntilTimeout
                0x08003064       0x6c CMakeFiles/RTOS_TEST.elf.dir/Drivers/STM32F1xx_HAL_Driver/Src/stm32f1xx_hal_uart.c.obj
 .text.HAL_UART_Init
                0x080030d0       0x5e CMakeFiles/RTOS_TEST.elf.dir/Drivers/STM32F1xx_HAL_Driver/Src/stm32f1xx_hal_uart.c.obj
                0x080030d0                HAL_UART_Init
 .text.HAL_UART_Transmit
                0x0800312e       0xd8 CMakeFiles/RTOS_TEST.elf.dir/Drivers/STM32F1xx_HAL_Driver/Src/stm32f1xx_hal_uart.c.obj
                0x0800312e                HAL_UART_Transmit
 .text.HAL_UART_Receive
                0x08003206       0xe4 CMakeFiles/RTOS_TEST.elf.dir/Drivers/STM32F1xx_HAL_Driver/Src/stm32f1xx_hal_uart.c.obj
                0x08003206                HAL_UART_Receive
 .text.HAL_UART_TxCpltCallback
                0x080032ea        0x2 CMakeFiles/RTOS_TEST.elf.dir/Drivers/STM32F1xx_HAL_Driver/Src/stm32f1xx_hal_uart.c.obj
                0x080032ea                HAL_UART_TxCpltCallback
 .text.UART_EndTransmit_IT
                0x080032ec       0x1a CMakeFiles/RTOS_TEST.elf.dir/Drivers/STM32F1xx_HAL_Driver/Src/stm32f1xx_hal_uart.c.obj
 .text.HAL_UART_ErrorCallback
                0x08003306        0x2 CMakeFiles/RTOS_TEST.elf.dir/Drivers/STM32F1xx_HAL_Driver/Src/stm32f1xx_hal_uart.c.obj
                0x08003306                HAL_UART_ErrorCallback
 .text.UART_DMAAbortOnError
                0x08003308       0x10 CMakeFiles/RTOS_TEST.elf.dir/Drivers/STM32F1xx_HAL_Driver/Src/stm32f1xx_hal_uart.c.obj
 .text.HAL_UARTEx_RxEventCallback
                0x08003318        0x2 CMakeFiles/RTOS_TEST.elf.dir/Drivers/STM32F1xx_HAL_Driver/Src/stm32f1xx_hal_uart.c.obj
                0x08003318                HAL_UARTEx_RxEventCallback
 .text.UART_Receive_IT
                0x0800331a       0xd4 CMakeFiles/RTOS_TEST.elf.dir/Drivers/STM32F1xx_HAL_Driver/Src/stm32f1xx_hal_uart.c.obj
 *fill*         0x080033ee        0x2 
 .text.HAL_UART_IRQHandler
                0x080033f0      0x204 CMakeFiles/RTOS_TEST.elf.dir/Drivers/STM32F1xx_HAL_Driver/Src/stm32f1xx_hal_uart.c.obj
                0x080033f0                HAL_UART_IRQHandler
 .text.HAL_UART_GetState
                0x080035f4        0xc CMakeFiles/RTOS_TEST.elf.dir/Drivers/STM32F1xx_HAL_Driver/Src/stm32f1xx_hal_uart.c.obj
                0x080035f4                HAL_UART_GetState
 .text.UART_Start_Receive_IT
                0x08003600       0x36 CMakeFiles/RTOS_TEST.elf.dir/Drivers/STM32F1xx_HAL_Driver/Src/stm32f1xx_hal_uart.c.obj
                0x08003600                UART_Start_Receive_IT
 .text.HAL_UART_Receive_IT
                0x08003636       0x38 CMakeFiles/RTOS_TEST.elf.dir/Drivers/STM32F1xx_HAL_Driver/Src/stm32f1xx_hal_uart.c.obj
                0x08003636                HAL_UART_Receive_IT
 .text.makeFreeRtosPriority
                0x0800366e        0xc CMakeFiles/RTOS_TEST.elf.dir/Middlewares/Third_Party/FreeRTOS/Source/CMSIS_RTOS/cmsis_os.c.obj
 .text.osKernelStart
                0x0800367a        0xa CMakeFiles/RTOS_TEST.elf.dir/Middlewares/Third_Party/FreeRTOS/Source/CMSIS_RTOS/cmsis_os.c.obj
                0x0800367a                osKernelStart
 .text.osThreadCreate
                0x08003684       0x34 CMakeFiles/RTOS_TEST.elf.dir/Middlewares/Third_Party/FreeRTOS/Source/CMSIS_RTOS/cmsis_os.c.obj
                0x08003684                osThreadCreate
 .text.osDelay  0x080036b8        0xe CMakeFiles/RTOS_TEST.elf.dir/Middlewares/Third_Party/FreeRTOS/Source/CMSIS_RTOS/cmsis_os.c.obj
                0x080036b8                osDelay
 .text.vListInitialise
                0x080036c6       0x16 CMakeFiles/RTOS_TEST.elf.dir/Middlewares/Third_Party/FreeRTOS/Source/list.c.obj
                0x080036c6                vListInitialise
 .text.vListInitialiseItem
                0x080036dc        0x6 CMakeFiles/RTOS_TEST.elf.dir/Middlewares/Third_Party/FreeRTOS/Source/list.c.obj
                0x080036dc                vListInitialiseItem
 .text.vListInsertEnd
                0x080036e2       0x16 CMakeFiles/RTOS_TEST.elf.dir/Middlewares/Third_Party/FreeRTOS/Source/list.c.obj
                0x080036e2                vListInsertEnd
 .text.vListInsert
                0x080036f8       0x32 CMakeFiles/RTOS_TEST.elf.dir/Middlewares/Third_Party/FreeRTOS/Source/list.c.obj
                0x080036f8                vListInsert
 .text.uxListRemove
                0x0800372a       0x26 CMakeFiles/RTOS_TEST.elf.dir/Middlewares/Third_Party/FreeRTOS/Source/list.c.obj
                0x0800372a                uxListRemove
 .text.prvPortStartFirstTask
                0x08003750       0x20 CMakeFiles/RTOS_TEST.elf.dir/Middlewares/Third_Party/FreeRTOS/Source/portable/GCC/ARM_CM3/port.c.obj
 .text.prvTaskExitError
                0x08003770       0x48 CMakeFiles/RTOS_TEST.elf.dir/Middlewares/Third_Party/FreeRTOS/Source/portable/GCC/ARM_CM3/port.c.obj
 .text.pxPortInitialiseStack
                0x080037b8       0x24 CMakeFiles/RTOS_TEST.elf.dir/Middlewares/Third_Party/FreeRTOS/Source/portable/GCC/ARM_CM3/port.c.obj
                0x080037b8                pxPortInitialiseStack
 *fill*         0x080037dc        0x4 
 .text.SVC_Handler
                0x080037e0       0x24 CMakeFiles/RTOS_TEST.elf.dir/Middlewares/Third_Party/FreeRTOS/Source/portable/GCC/ARM_CM3/port.c.obj
                0x080037e0                SVC_Handler
 .text.vPortEnterCritical
                0x08003804       0x48 CMakeFiles/RTOS_TEST.elf.dir/Middlewares/Third_Party/FreeRTOS/Source/portable/GCC/ARM_CM3/port.c.obj
                0x08003804                vPortEnterCritical
 .text.vPortExitCritical
                0x0800384c       0x34 CMakeFiles/RTOS_TEST.elf.dir/Middlewares/Third_Party/FreeRTOS/Source/portable/GCC/ARM_CM3/port.c.obj
                0x0800384c                vPortExitCritical
 .text.PendSV_Handler
                0x08003880       0x44 CMakeFiles/RTOS_TEST.elf.dir/Middlewares/Third_Party/FreeRTOS/Source/portable/GCC/ARM_CM3/port.c.obj
                0x08003880                PendSV_Handler
 .text.xPortSysTickHandler
                0x080038c4       0x2c CMakeFiles/RTOS_TEST.elf.dir/Middlewares/Third_Party/FreeRTOS/Source/portable/GCC/ARM_CM3/port.c.obj
                0x080038c4                xPortSysTickHandler
 .text.vPortSetupTimerInterrupt
                0x080038f0       0x28 CMakeFiles/RTOS_TEST.elf.dir/Middlewares/Third_Party/FreeRTOS/Source/portable/GCC/ARM_CM3/port.c.obj
                0x080038f0                vPortSetupTimerInterrupt
 .text.xPortStartScheduler
                0x08003918       0xdc CMakeFiles/RTOS_TEST.elf.dir/Middlewares/Third_Party/FreeRTOS/Source/portable/GCC/ARM_CM3/port.c.obj
                0x08003918                xPortStartScheduler
 .text.prvHeapInit
                0x080039f4       0x64 CMakeFiles/RTOS_TEST.elf.dir/Middlewares/Third_Party/FreeRTOS/Source/portable/MemMang/heap_4.c.obj
 .text.prvInsertBlockIntoFreeList
                0x08003a58       0x60 CMakeFiles/RTOS_TEST.elf.dir/Middlewares/Third_Party/FreeRTOS/Source/portable/MemMang/heap_4.c.obj
 .text.pvPortMalloc
                0x08003ab8       0xf4 CMakeFiles/RTOS_TEST.elf.dir/Middlewares/Third_Party/FreeRTOS/Source/portable/MemMang/heap_4.c.obj
                0x08003ab8                pvPortMalloc
 .text.vPortFree
                0x08003bac       0x84 CMakeFiles/RTOS_TEST.elf.dir/Middlewares/Third_Party/FreeRTOS/Source/portable/MemMang/heap_4.c.obj
                0x08003bac                vPortFree
 .text.prvResetNextTaskUnblockTime
                0x08003c30       0x2c CMakeFiles/RTOS_TEST.elf.dir/Middlewares/Third_Party/FreeRTOS/Source/tasks.c.obj
 .text.prvDeleteTCB
                0x08003c5c       0x12 CMakeFiles/RTOS_TEST.elf.dir/Middlewares/Third_Party/FreeRTOS/Source/tasks.c.obj
 .text.prvInitialiseNewTask
                0x08003c6e       0x94 CMakeFiles/RTOS_TEST.elf.dir/Middlewares/Third_Party/FreeRTOS/Source/tasks.c.obj
 *fill*         0x08003d02        0x2 
 .text.prvInitialiseTaskLists
                0x08003d04       0x68 CMakeFiles/RTOS_TEST.elf.dir/Middlewares/Third_Party/FreeRTOS/Source/tasks.c.obj
 .text.prvAddNewTaskToReadyList
                0x08003d6c       0xa8 CMakeFiles/RTOS_TEST.elf.dir/Middlewares/Third_Party/FreeRTOS/Source/tasks.c.obj
 .text.prvCheckTasksWaitingTermination
                0x08003e14       0x4c CMakeFiles/RTOS_TEST.elf.dir/Middlewares/Third_Party/FreeRTOS/Source/tasks.c.obj
 .text.prvIdleTask
                0x08003e60       0x28 CMakeFiles/RTOS_TEST.elf.dir/Middlewares/Third_Party/FreeRTOS/Source/tasks.c.obj
 .text.prvAddCurrentTaskToDelayedList
                0x08003e88       0x98 CMakeFiles/RTOS_TEST.elf.dir/Middlewares/Third_Party/FreeRTOS/Source/tasks.c.obj
 .text.xTaskCreate
                0x08003f20       0x64 CMakeFiles/RTOS_TEST.elf.dir/Middlewares/Third_Party/FreeRTOS/Source/tasks.c.obj
                0x08003f20                xTaskCreate
 .text.vTaskStartScheduler
                0x08003f84       0x80 CMakeFiles/RTOS_TEST.elf.dir/Middlewares/Third_Party/FreeRTOS/Source/tasks.c.obj
                0x08003f84                vTaskStartScheduler
 .text.vTaskSuspendAll
                0x08004004       0x10 CMakeFiles/RTOS_TEST.elf.dir/Middlewares/Third_Party/FreeRTOS/Source/tasks.c.obj
                0x08004004                vTaskSuspendAll
 .text.xTaskIncrementTick
                0x08004014      0x11c CMakeFiles/RTOS_TEST.elf.dir/Middlewares/Third_Party/FreeRTOS/Source/tasks.c.obj
                0x08004014                xTaskIncrementTick
 .text.xTaskResumeAll
                0x08004130       0xfc CMakeFiles/RTOS_TEST.elf.dir/Middlewares/Third_Party/FreeRTOS/Source/tasks.c.obj
                0x08004130                xTaskResumeAll
 .text.vTaskDelay
                0x0800422c       0x50 CMakeFiles/RTOS_TEST.elf.dir/Middlewares/Third_Party/FreeRTOS/Source/tasks.c.obj
                0x0800422c                vTaskDelay
 .text.vTaskSwitchContext
                0x0800427c       0x98 CMakeFiles/RTOS_TEST.elf.dir/Middlewares/Third_Party/FreeRTOS/Source/tasks.c.obj
                0x0800427c                vTaskSwitchContext
 .text.xTaskGetSchedulerState
                0x08004314       0x20 CMakeFiles/RTOS_TEST.elf.dir/Middlewares/Third_Party/FreeRTOS/Source/tasks.c.obj
                0x08004314                xTaskGetSchedulerState
 .text.Reset_Handler
                0x08004334       0x48 CMakeFiles/RTOS_TEST.elf.dir/startup/startup_stm32f103xb.s.obj
                0x08004334                Reset_Handler
 .text.Default_Handler
                0x0800437c        0x2 CMakeFiles/RTOS_TEST.elf.dir/startup/startup_stm32f103xb.s.obj
                0x0800437c                RTC_Alarm_IRQHandler
                0x0800437c                EXTI2_IRQHandler
                0x0800437c                TIM1_CC_IRQHandler
                0x0800437c                PVD_IRQHandler
                0x0800437c                EXTI3_IRQHandler
                0x0800437c                EXTI0_IRQHandler
                0x0800437c                I2C2_EV_IRQHandler
                0x0800437c                SPI1_IRQHandler
                0x0800437c                TAMPER_IRQHandler
                0x0800437c                USART3_IRQHandler
                0x0800437c                RTC_IRQHandler
                0x0800437c                DMA1_Channel7_IRQHandler
                0x0800437c                CAN1_RX1_IRQHandler
                0x0800437c                TIM4_IRQHandler
                0x0800437c                I2C1_EV_IRQHandler
                0x0800437c                DMA1_Channel6_IRQHandler
                0x0800437c                TIM3_IRQHandler
                0x0800437c                RCC_IRQHandler
                0x0800437c                TIM1_TRG_COM_IRQHandler
                0x0800437c                Default_Handler
                0x0800437c                EXTI15_10_IRQHandler
                0x0800437c                EXTI9_5_IRQHandler
                0x0800437c                SPI2_IRQHandler
                0x0800437c                EXTI4_IRQHandler
                0x0800437c                USB_LP_CAN1_RX0_IRQHandler
                0x0800437c                USB_HP_CAN1_TX_IRQHandler
                0x0800437c                DMA1_Channel3_IRQHandler
                0x0800437c                TIM1_UP_IRQHandler
                0x0800437c                WWDG_IRQHandler
                0x0800437c                TIM1_BRK_IRQHandler
                0x0800437c                EXTI1_IRQHandler
                0x0800437c                I2C2_ER_IRQHandler
                0x0800437c                DMA1_Channel2_IRQHandler
                0x0800437c                CAN1_SCE_IRQHandler
                0x0800437c                FLASH_IRQHandler
                0x0800437c                I2C1_ER_IRQHandler
                0x0800437c                USBWakeUp_IRQHandler
 *fill*         0x0800437e        0x2 
 .text.__errno  0x08004380        0xc c:/progra~2/gnuarm~1/102021~1.10/bin/../lib/gcc/arm-none-eabi/10.3.1/../../../../arm-none-eabi/lib/thumb/v7-m/nofp\libg.a(lib_a-errno.o)
                0x08004380                __errno
 .text.__libc_init_array
                0x0800438c       0x48 c:/progra~2/gnuarm~1/102021~1.10/bin/../lib/gcc/arm-none-eabi/10.3.1/../../../../arm-none-eabi/lib/thumb/v7-m/nofp\libg.a(lib_a-init.o)
                0x0800438c                __libc_init_array
 .text.memset   0x080043d4       0xa4 c:/progra~2/gnuarm~1/102021~1.10/bin/../lib/gcc/arm-none-eabi/10.3.1/../../../../arm-none-eabi/lib/thumb/v7-m/nofp\libg.a(lib_a-memset.o)
                0x080043d4                memset
 .text.printf   0x08004478       0x28 c:/progra~2/gnuarm~1/102021~1.10/bin/../lib/gcc/arm-none-eabi/10.3.1/../../../../arm-none-eabi/lib/thumb/v7-m/nofp\libg.a(lib_a-printf.o)
                0x08004478                printf
 .text.setvbuf  0x080044a0      0x1b0 c:/progra~2/gnuarm~1/102021~1.10/bin/../lib/gcc/arm-none-eabi/10.3.1/../../../../arm-none-eabi/lib/thumb/v7-m/nofp\libg.a(lib_a-setvbuf.o)
                0x080044a0                setvbuf
 .text._vfprintf_r
                0x08004650     0x1b58 c:/progra~2/gnuarm~1/102021~1.10/bin/../lib/gcc/arm-none-eabi/10.3.1/../../../../arm-none-eabi/lib/thumb/v7-m/nofp\libg.a(lib_a-vfprintf.o)
                0x08004650                _vfprintf_r
 .text.__sbprintf
                0x080061a8       0x84 c:/progra~2/gnuarm~1/102021~1.10/bin/../lib/gcc/arm-none-eabi/10.3.1/../../../../arm-none-eabi/lib/thumb/v7-m/nofp\libg.a(lib_a-vfprintf.o)
 .text.__swsetup_r
                0x0800622c       0xd4 c:/progra~2/gnuarm~1/102021~1.10/bin/../lib/gcc/arm-none-eabi/10.3.1/../../../../arm-none-eabi/lib/thumb/v7-m/nofp\libg.a(lib_a-wsetup.o)
                0x0800622c                __swsetup_r
 .text.startup.register_fini
                0x08006300       0x14 c:/progra~2/gnuarm~1/102021~1.10/bin/../lib/gcc/arm-none-eabi/10.3.1/../../../../arm-none-eabi/lib/thumb/v7-m/nofp\libg.a(lib_a-__call_atexit.o)
 .text.atexit   0x08006314        0xc c:/progra~2/gnuarm~1/102021~1.10/bin/../lib/gcc/arm-none-eabi/10.3.1/../../../../arm-none-eabi/lib/thumb/v7-m/nofp\libg.a(lib_a-atexit.o)
                0x08006314                atexit
 .text.quorem   0x08006320      0x12c c:/progra~2/gnuarm~1/102021~1.10/bin/../lib/gcc/arm-none-eabi/10.3.1/../../../../arm-none-eabi/lib/thumb/v7-m/nofp\libg.a(lib_a-dtoa.o)
 *fill*         0x0800644c        0x4 
 .text._dtoa_r  0x08006450      0xecc c:/progra~2/gnuarm~1/102021~1.10/bin/../lib/gcc/arm-none-eabi/10.3.1/../../../../arm-none-eabi/lib/thumb/v7-m/nofp\libg.a(lib_a-dtoa.o)
                0x08006450                _dtoa_r
 .text.__sflush_r
                0x0800731c      0x124 c:/progra~2/gnuarm~1/102021~1.10/bin/../lib/gcc/arm-none-eabi/10.3.1/../../../../arm-none-eabi/lib/thumb/v7-m/nofp\libg.a(lib_a-fflush.o)
                0x0800731c                __sflush_r
 .text._fflush_r
                0x08007440       0x5c c:/progra~2/gnuarm~1/102021~1.10/bin/../lib/gcc/arm-none-eabi/10.3.1/../../../../arm-none-eabi/lib/thumb/v7-m/nofp\libg.a(lib_a-fflush.o)
                0x08007440                _fflush_r
 .text._cleanup_r
                0x0800749c        0xc c:/progra~2/gnuarm~1/102021~1.10/bin/../lib/gcc/arm-none-eabi/10.3.1/../../../../arm-none-eabi/lib/thumb/v7-m/nofp\libg.a(lib_a-findfp.o)
                0x0800749c                _cleanup_r
 .text.__sinit  0x080074a8      0x10c c:/progra~2/gnuarm~1/102021~1.10/bin/../lib/gcc/arm-none-eabi/10.3.1/../../../../arm-none-eabi/lib/thumb/v7-m/nofp\libg.a(lib_a-findfp.o)
                0x080074a8                __sinit
 .text.__sfp_lock_acquire
                0x080075b4        0xc c:/progra~2/gnuarm~1/102021~1.10/bin/../lib/gcc/arm-none-eabi/10.3.1/../../../../arm-none-eabi/lib/thumb/v7-m/nofp\libg.a(lib_a-findfp.o)
                0x080075b4                __sfp_lock_acquire
 .text.__sfp_lock_release
                0x080075c0        0xc c:/progra~2/gnuarm~1/102021~1.10/bin/../lib/gcc/arm-none-eabi/10.3.1/../../../../arm-none-eabi/lib/thumb/v7-m/nofp\libg.a(lib_a-findfp.o)
                0x080075c0                __sfp_lock_release
 .text.__libc_fini_array
                0x080075cc       0x2c c:/progra~2/gnuarm~1/102021~1.10/bin/../lib/gcc/arm-none-eabi/10.3.1/../../../../arm-none-eabi/lib/thumb/v7-m/nofp\libg.a(lib_a-fini.o)
                0x080075cc                __libc_fini_array
 .text._malloc_trim_r
                0x080075f8       0xa0 c:/progra~2/gnuarm~1/102021~1.10/bin/../lib/gcc/arm-none-eabi/10.3.1/../../../../arm-none-eabi/lib/thumb/v7-m/nofp\libg.a(lib_a-freer.o)
                0x080075f8                _malloc_trim_r
 .text._free_r  0x08007698      0x200 c:/progra~2/gnuarm~1/102021~1.10/bin/../lib/gcc/arm-none-eabi/10.3.1/../../../../arm-none-eabi/lib/thumb/v7-m/nofp\libg.a(lib_a-freer.o)
                0x08007698                _free_r
 .text._fwalk_reent
                0x08007898       0x48 c:/progra~2/gnuarm~1/102021~1.10/bin/../lib/gcc/arm-none-eabi/10.3.1/../../../../arm-none-eabi/lib/thumb/v7-m/nofp\libg.a(lib_a-fwalk.o)
                0x08007898                _fwalk_reent
 .text._localeconv_r
                0x080078e0        0x8 c:/progra~2/gnuarm~1/102021~1.10/bin/../lib/gcc/arm-none-eabi/10.3.1/../../../../arm-none-eabi/lib/thumb/v7-m/nofp\libg.a(lib_a-localeconv.o)
                0x080078e0                _localeconv_r
 .text.__retarget_lock_init_recursive
                0x080078e8        0x4 c:/progra~2/gnuarm~1/102021~1.10/bin/../lib/gcc/arm-none-eabi/10.3.1/../../../../arm-none-eabi/lib/thumb/v7-m/nofp\libg.a(lib_a-lock.o)
                0x080078e8                __retarget_lock_init_recursive
 .text.__retarget_lock_close_recursive
                0x080078ec        0x4 c:/progra~2/gnuarm~1/102021~1.10/bin/../lib/gcc/arm-none-eabi/10.3.1/../../../../arm-none-eabi/lib/thumb/v7-m/nofp\libg.a(lib_a-lock.o)
                0x080078ec                __retarget_lock_close_recursive
 .text.__retarget_lock_acquire_recursive
                0x080078f0        0x4 c:/progra~2/gnuarm~1/102021~1.10/bin/../lib/gcc/arm-none-eabi/10.3.1/../../../../arm-none-eabi/lib/thumb/v7-m/nofp\libg.a(lib_a-lock.o)
                0x080078f0                __retarget_lock_acquire_recursive
 .text.__retarget_lock_release_recursive
                0x080078f4        0x4 c:/progra~2/gnuarm~1/102021~1.10/bin/../lib/gcc/arm-none-eabi/10.3.1/../../../../arm-none-eabi/lib/thumb/v7-m/nofp\libg.a(lib_a-lock.o)
                0x080078f4                __retarget_lock_release_recursive
 .text.__smakebuf_r
                0x080078f8       0xe0 c:/progra~2/gnuarm~1/102021~1.10/bin/../lib/gcc/arm-none-eabi/10.3.1/../../../../arm-none-eabi/lib/thumb/v7-m/nofp\libg.a(lib_a-makebuf.o)
                0x080078f8                __smakebuf_r
 .text.__swhatbuf_r
                0x080079d8       0x60 c:/progra~2/gnuarm~1/102021~1.10/bin/../lib/gcc/arm-none-eabi/10.3.1/../../../../arm-none-eabi/lib/thumb/v7-m/nofp\libg.a(lib_a-makebuf.o)
                0x080079d8                __swhatbuf_r
 .text.malloc   0x08007a38       0x10 c:/progra~2/gnuarm~1/102021~1.10/bin/../lib/gcc/arm-none-eabi/10.3.1/../../../../arm-none-eabi/lib/thumb/v7-m/nofp\libg.a(lib_a-malloc.o)
                0x08007a38                malloc
 .text._malloc_r
                0x08007a48      0x558 c:/progra~2/gnuarm~1/102021~1.10/bin/../lib/gcc/arm-none-eabi/10.3.1/../../../../arm-none-eabi/lib/thumb/v7-m/nofp\libg.a(lib_a-mallocr.o)
                0x08007a48                _malloc_r
 .text.memchr   0x08007fa0       0x90 c:/progra~2/gnuarm~1/102021~1.10/bin/../lib/gcc/arm-none-eabi/10.3.1/../../../../arm-none-eabi/lib/thumb/v7-m/nofp\libg.a(lib_a-memchr-stub.o)
                0x08007fa0                memchr
 .text.__malloc_lock
                0x08008030        0xc c:/progra~2/gnuarm~1/102021~1.10/bin/../lib/gcc/arm-none-eabi/10.3.1/../../../../arm-none-eabi/lib/thumb/v7-m/nofp\libg.a(lib_a-mlock.o)
                0x08008030                __malloc_lock
 .text.__malloc_unlock
                0x0800803c        0xc c:/progra~2/gnuarm~1/102021~1.10/bin/../lib/gcc/arm-none-eabi/10.3.1/../../../../arm-none-eabi/lib/thumb/v7-m/nofp\libg.a(lib_a-mlock.o)
                0x0800803c                __malloc_unlock
 .text._Balloc  0x08008048       0x4c c:/progra~2/gnuarm~1/102021~1.10/bin/../lib/gcc/arm-none-eabi/10.3.1/../../../../arm-none-eabi/lib/thumb/v7-m/nofp\libg.a(lib_a-mprec.o)
                0x08008048                _Balloc
 .text._Bfree   0x08008094       0x14 c:/progra~2/gnuarm~1/102021~1.10/bin/../lib/gcc/arm-none-eabi/10.3.1/../../../../arm-none-eabi/lib/thumb/v7-m/nofp\libg.a(lib_a-mprec.o)
                0x08008094                _Bfree
 .text.__multadd
                0x080080a8       0xa4 c:/progra~2/gnuarm~1/102021~1.10/bin/../lib/gcc/arm-none-eabi/10.3.1/../../../../arm-none-eabi/lib/thumb/v7-m/nofp\libg.a(lib_a-mprec.o)
                0x080080a8                __multadd
 .text.__hi0bits
                0x0800814c       0x40 c:/progra~2/gnuarm~1/102021~1.10/bin/../lib/gcc/arm-none-eabi/10.3.1/../../../../arm-none-eabi/lib/thumb/v7-m/nofp\libg.a(lib_a-mprec.o)
                0x0800814c                __hi0bits
 .text.__lo0bits
                0x0800818c       0x58 c:/progra~2/gnuarm~1/102021~1.10/bin/../lib/gcc/arm-none-eabi/10.3.1/../../../../arm-none-eabi/lib/thumb/v7-m/nofp\libg.a(lib_a-mprec.o)
                0x0800818c                __lo0bits
 .text.__i2b    0x080081e4       0x5c c:/progra~2/gnuarm~1/102021~1.10/bin/../lib/gcc/arm-none-eabi/10.3.1/../../../../arm-none-eabi/lib/thumb/v7-m/nofp\libg.a(lib_a-mprec.o)
                0x080081e4                __i2b
 .text.__multiply
                0x08008240      0x15c c:/progra~2/gnuarm~1/102021~1.10/bin/../lib/gcc/arm-none-eabi/10.3.1/../../../../arm-none-eabi/lib/thumb/v7-m/nofp\libg.a(lib_a-mprec.o)
                0x08008240                __multiply
 .text.__pow5mult
                0x0800839c       0xb8 c:/progra~2/gnuarm~1/102021~1.10/bin/../lib/gcc/arm-none-eabi/10.3.1/../../../../arm-none-eabi/lib/thumb/v7-m/nofp\libg.a(lib_a-mprec.o)
                0x0800839c                __pow5mult
 .text.__lshift
                0x08008454       0xec c:/progra~2/gnuarm~1/102021~1.10/bin/../lib/gcc/arm-none-eabi/10.3.1/../../../../arm-none-eabi/lib/thumb/v7-m/nofp\libg.a(lib_a-mprec.o)
                0x08008454                __lshift
 .text.__mcmp   0x08008540       0x40 c:/progra~2/gnuarm~1/102021~1.10/bin/../lib/gcc/arm-none-eabi/10.3.1/../../../../arm-none-eabi/lib/thumb/v7-m/nofp\libg.a(lib_a-mprec.o)
                0x08008540                __mcmp
 .text.__mdiff  0x08008580      0x14c c:/progra~2/gnuarm~1/102021~1.10/bin/../lib/gcc/arm-none-eabi/10.3.1/../../../../arm-none-eabi/lib/thumb/v7-m/nofp\libg.a(lib_a-mprec.o)
                0x08008580                __mdiff
 .text.__d2b    0x080086cc       0xc4 c:/progra~2/gnuarm~1/102021~1.10/bin/../lib/gcc/arm-none-eabi/10.3.1/../../../../arm-none-eabi/lib/thumb/v7-m/nofp\libg.a(lib_a-mprec.o)
                0x080086cc                __d2b
 .text.frexp    0x08008790       0x70 c:/progra~2/gnuarm~1/102021~1.10/bin/../lib/gcc/arm-none-eabi/10.3.1/../../../../arm-none-eabi/lib/thumb/v7-m/nofp\libg.a(lib_a-s_frexp.o)
                0x08008790                frexp
 .text._sbrk_r  0x08008800       0x24 c:/progra~2/gnuarm~1/102021~1.10/bin/../lib/gcc/arm-none-eabi/10.3.1/../../../../arm-none-eabi/lib/thumb/v7-m/nofp\libg.a(lib_a-sbrkr.o)
                0x08008800                _sbrk_r
 .text.__sread  0x08008824       0x24 c:/progra~2/gnuarm~1/102021~1.10/bin/../lib/gcc/arm-none-eabi/10.3.1/../../../../arm-none-eabi/lib/thumb/v7-m/nofp\libg.a(lib_a-stdio.o)
                0x08008824                __sread
 .text.__swrite
                0x08008848       0x40 c:/progra~2/gnuarm~1/102021~1.10/bin/../lib/gcc/arm-none-eabi/10.3.1/../../../../arm-none-eabi/lib/thumb/v7-m/nofp\libg.a(lib_a-stdio.o)
                0x08008848                __swrite
 .text.__sseek  0x08008888       0x20 c:/progra~2/gnuarm~1/102021~1.10/bin/../lib/gcc/arm-none-eabi/10.3.1/../../../../arm-none-eabi/lib/thumb/v7-m/nofp\libg.a(lib_a-stdio.o)
                0x08008888                __sseek
 .text.__sclose
                0x080088a8        0x8 c:/progra~2/gnuarm~1/102021~1.10/bin/../lib/gcc/arm-none-eabi/10.3.1/../../../../arm-none-eabi/lib/thumb/v7-m/nofp\libg.a(lib_a-stdio.o)
                0x080088a8                __sclose
 .text.strlen   0x080088b0       0x5c c:/progra~2/gnuarm~1/102021~1.10/bin/../lib/gcc/arm-none-eabi/10.3.1/../../../../arm-none-eabi/lib/thumb/v7-m/nofp\libg.a(lib_a-strlen-stub.o)
                0x080088b0                strlen
 .text.strncpy  0x0800890c       0x68 c:/progra~2/gnuarm~1/102021~1.10/bin/../lib/gcc/arm-none-eabi/10.3.1/../../../../arm-none-eabi/lib/thumb/v7-m/nofp\libg.a(lib_a-strncpy.o)
                0x0800890c                strncpy
 .text.__sprint_r.part.0
                0x08008974       0x78 c:/progra~2/gnuarm~1/102021~1.10/bin/../lib/gcc/arm-none-eabi/10.3.1/../../../../arm-none-eabi/lib/thumb/v7-m/nofp\libg.a(lib_a-vfiprintf.o)
 .text.__sprint_r
                0x080089ec       0x14 c:/progra~2/gnuarm~1/102021~1.10/bin/../lib/gcc/arm-none-eabi/10.3.1/../../../../arm-none-eabi/lib/thumb/v7-m/nofp\libg.a(lib_a-vfiprintf.o)
                0x080089ec                __sprint_r
 .text._vfiprintf_r
                0x08008a00      0xd98 c:/progra~2/gnuarm~1/102021~1.10/bin/../lib/gcc/arm-none-eabi/10.3.1/../../../../arm-none-eabi/lib/thumb/v7-m/nofp\libg.a(lib_a-vfiprintf.o)
                0x08008a00                _vfiprintf_r
 .text.__sbprintf
                0x08009798       0x84 c:/progra~2/gnuarm~1/102021~1.10/bin/../lib/gcc/arm-none-eabi/10.3.1/../../../../arm-none-eabi/lib/thumb/v7-m/nofp\libg.a(lib_a-vfiprintf.o)
 .text._write_r
                0x0800981c       0x2c c:/progra~2/gnuarm~1/102021~1.10/bin/../lib/gcc/arm-none-eabi/10.3.1/../../../../arm-none-eabi/lib/thumb/v7-m/nofp\libg.a(lib_a-writer.o)
                0x0800981c                _write_r
 .text.__register_exitproc
                0x08009848       0x8c c:/progra~2/gnuarm~1/102021~1.10/bin/../lib/gcc/arm-none-eabi/10.3.1/../../../../arm-none-eabi/lib/thumb/v7-m/nofp\libg.a(lib_a-__atexit.o)
                0x08009848                __register_exitproc
 .text.__assert_func
                0x080098d4       0x40 c:/progra~2/gnuarm~1/102021~1.10/bin/../lib/gcc/arm-none-eabi/10.3.1/../../../../arm-none-eabi/lib/thumb/v7-m/nofp\libg.a(lib_a-assert.o)
                0x080098d4                __assert_func
 .text._calloc_r
                0x08009914       0x78 c:/progra~2/gnuarm~1/102021~1.10/bin/../lib/gcc/arm-none-eabi/10.3.1/../../../../arm-none-eabi/lib/thumb/v7-m/nofp\libg.a(lib_a-callocr.o)
                0x08009914                _calloc_r
 .text._close_r
                0x0800998c       0x24 c:/progra~2/gnuarm~1/102021~1.10/bin/../lib/gcc/arm-none-eabi/10.3.1/../../../../arm-none-eabi/lib/thumb/v7-m/nofp\libg.a(lib_a-closer.o)
                0x0800998c                _close_r
 .text._fclose_r
                0x080099b0       0xcc c:/progra~2/gnuarm~1/102021~1.10/bin/../lib/gcc/arm-none-eabi/10.3.1/../../../../arm-none-eabi/lib/thumb/v7-m/nofp\libg.a(lib_a-fclose.o)
                0x080099b0                _fclose_r
 .text.fiprintf
                0x08009a7c       0x28 c:/progra~2/gnuarm~1/102021~1.10/bin/../lib/gcc/arm-none-eabi/10.3.1/../../../../arm-none-eabi/lib/thumb/v7-m/nofp\libg.a(lib_a-fiprintf.o)
                0x08009a7c                fiprintf
 .text.__fputwc
                0x08009aa4       0xa0 c:/progra~2/gnuarm~1/102021~1.10/bin/../lib/gcc/arm-none-eabi/10.3.1/../../../../arm-none-eabi/lib/thumb/v7-m/nofp\libg.a(lib_a-fputwc.o)
                0x08009aa4                __fputwc
 .text._fputwc_r
                0x08009b44       0x68 c:/progra~2/gnuarm~1/102021~1.10/bin/../lib/gcc/arm-none-eabi/10.3.1/../../../../arm-none-eabi/lib/thumb/v7-m/nofp\libg.a(lib_a-fputwc.o)
                0x08009b44                _fputwc_r
 .text._fstat_r
                0x08009bac       0x28 c:/progra~2/gnuarm~1/102021~1.10/bin/../lib/gcc/arm-none-eabi/10.3.1/../../../../arm-none-eabi/lib/thumb/v7-m/nofp\libg.a(lib_a-fstatr.o)
                0x08009bac                _fstat_r
 .text.__sfvwrite_r
                0x08009bd4      0x2f0 c:/progra~2/gnuarm~1/102021~1.10/bin/../lib/gcc/arm-none-eabi/10.3.1/../../../../arm-none-eabi/lib/thumb/v7-m/nofp\libg.a(lib_a-fvwrite.o)
                0x08009bd4                __sfvwrite_r
 .text._isatty_r
                0x08009ec4       0x24 c:/progra~2/gnuarm~1/102021~1.10/bin/../lib/gcc/arm-none-eabi/10.3.1/../../../../arm-none-eabi/lib/thumb/v7-m/nofp\libg.a(lib_a-isattyr.o)
                0x08009ec4                _isatty_r
 .text.__locale_mb_cur_max
                0x08009ee8        0xc c:/progra~2/gnuarm~1/102021~1.10/bin/../lib/gcc/arm-none-eabi/10.3.1/../../../../arm-none-eabi/lib/thumb/v7-m/nofp\libg.a(lib_a-locale.o)
                0x08009ee8                __locale_mb_cur_max
 .text._lseek_r
                0x08009ef4       0x2c c:/progra~2/gnuarm~1/102021~1.10/bin/../lib/gcc/arm-none-eabi/10.3.1/../../../../arm-none-eabi/lib/thumb/v7-m/nofp\libg.a(lib_a-lseekr.o)
                0x08009ef4                _lseek_r
 .text.__ascii_mbtowc
                0x08009f20       0x2c c:/progra~2/gnuarm~1/102021~1.10/bin/../lib/gcc/arm-none-eabi/10.3.1/../../../../arm-none-eabi/lib/thumb/v7-m/nofp\libg.a(lib_a-mbtowc_r.o)
                0x08009f20                __ascii_mbtowc
 .text.memmove  0x08009f4c       0xf8 c:/progra~2/gnuarm~1/102021~1.10/bin/../lib/gcc/arm-none-eabi/10.3.1/../../../../arm-none-eabi/lib/thumb/v7-m/nofp\libg.a(lib_a-memmove.o)
                0x08009f4c                memmove
 .text._read_r  0x0800a044       0x2c c:/progra~2/gnuarm~1/102021~1.10/bin/../lib/gcc/arm-none-eabi/10.3.1/../../../../arm-none-eabi/lib/thumb/v7-m/nofp\libg.a(lib_a-readr.o)
                0x0800a044                _read_r
 .text._realloc_r
                0x0800a070      0x3dc c:/progra~2/gnuarm~1/102021~1.10/bin/../lib/gcc/arm-none-eabi/10.3.1/../../../../arm-none-eabi/lib/thumb/v7-m/nofp\libg.a(lib_a-reallocr.o)
                0x0800a070                _realloc_r
 .text.__swbuf_r
                0x0800a44c       0xb0 c:/progra~2/gnuarm~1/102021~1.10/bin/../lib/gcc/arm-none-eabi/10.3.1/../../../../arm-none-eabi/lib/thumb/v7-m/nofp\libg.a(lib_a-wbuf.o)
                0x0800a44c                __swbuf_r
 .text._wcrtomb_r
                0x0800a4fc       0x3c c:/progra~2/gnuarm~1/102021~1.10/bin/../lib/gcc/arm-none-eabi/10.3.1/../../../../arm-none-eabi/lib/thumb/v7-m/nofp\libg.a(lib_a-wcrtomb.o)
                0x0800a4fc                _wcrtomb_r
 .text.__ascii_wctomb
                0x0800a538       0x1c c:/progra~2/gnuarm~1/102021~1.10/bin/../lib/gcc/arm-none-eabi/10.3.1/../../../../arm-none-eabi/lib/thumb/v7-m/nofp\libg.a(lib_a-wctomb_r.o)
                0x0800a538                __ascii_wctomb
 .text.abort    0x0800a554       0x10 c:/progra~2/gnuarm~1/102021~1.10/bin/../lib/gcc/arm-none-eabi/10.3.1/../../../../arm-none-eabi/lib/thumb/v7-m/nofp\libg.a(lib_a-abort.o)
                0x0800a554                abort
 .text.raise    0x0800a564       0x5c c:/progra~2/gnuarm~1/102021~1.10/bin/../lib/gcc/arm-none-eabi/10.3.1/../../../../arm-none-eabi/lib/thumb/v7-m/nofp\libg.a(lib_a-signal.o)
                0x0800a564                raise
 .text._kill_r  0x0800a5c0       0x28 c:/progra~2/gnuarm~1/102021~1.10/bin/../lib/gcc/arm-none-eabi/10.3.1/../../../../arm-none-eabi/lib/thumb/v7-m/nofp\libg.a(lib_a-signalr.o)
                0x0800a5c0                _kill_r
 .text._getpid_r
                0x0800a5e8        0x4 c:/progra~2/gnuarm~1/102021~1.10/bin/../lib/gcc/arm-none-eabi/10.3.1/../../../../arm-none-eabi/lib/thumb/v7-m/nofp\libg.a(lib_a-signalr.o)
                0x0800a5e8                _getpid_r
 *(.glue_7)
 .glue_7        0x0800a5ec        0x0 linker stubs
 *(.glue_7t)
 .glue_7t       0x0800a5ec        0x0 linker stubs
 *(.eh_frame)
 .eh_frame      0x0800a5ec        0x0 c:/progra~2/gnuarm~1/102021~1.10/bin/../lib/gcc/arm-none-eabi/10.3.1/thumb/v7-m/nofp/crtbegin.o
 *(.init)
 .init          0x0800a5ec        0x4 c:/progra~2/gnuarm~1/102021~1.10/bin/../lib/gcc/arm-none-eabi/10.3.1/thumb/v7-m/nofp/crti.o
                0x0800a5ec                _init
 .init          0x0800a5f0        0x8 c:/progra~2/gnuarm~1/102021~1.10/bin/../lib/gcc/arm-none-eabi/10.3.1/thumb/v7-m/nofp/crtn.o
 *(.fini)
 .fini          0x0800a5f8        0x4 c:/progra~2/gnuarm~1/102021~1.10/bin/../lib/gcc/arm-none-eabi/10.3.1/thumb/v7-m/nofp/crti.o
                0x0800a5f8                _fini
 .fini          0x0800a5fc        0x8 c:/progra~2/gnuarm~1/102021~1.10/bin/../lib/gcc/arm-none-eabi/10.3.1/thumb/v7-m/nofp/crtn.o
                0x0800a604                . = ALIGN (0x4)
                0x0800a604                _etext = .

.vfp11_veneer   0x0800a604        0x0
 .vfp11_veneer  0x0800a604        0x0 linker stubs

.v4_bx          0x0800a604        0x0
 .v4_bx         0x0800a604        0x0 linker stubs

.iplt           0x0800a604        0x0
 .iplt          0x0800a604        0x0 c:/progra~2/gnuarm~1/102021~1.10/bin/../lib/gcc/arm-none-eabi/10.3.1/thumb/v7-m/nofp/crtbegin.o

.rodata         0x0800a608      0x5e0
                0x0800a608                . = ALIGN (0x4)
 *(.rodata)
 .rodata        0x0800a608       0x50 CMakeFiles/RTOS_TEST.elf.dir/Core/Src/freertos.c.obj
 *(.rodata*)
 .rodata.str1.4
                0x0800a658       0x27 CMakeFiles/RTOS_TEST.elf.dir/Core/Src/freertos.c.obj
 *fill*         0x0800a67f        0x1 
 .rodata.AHBPrescTable
                0x0800a680       0x10 CMakeFiles/RTOS_TEST.elf.dir/Core/Src/system_stm32f1xx.c.obj
                0x0800a680                AHBPrescTable
 .rodata.APBPrescTable
                0x0800a690        0x8 CMakeFiles/RTOS_TEST.elf.dir/Core/Src/system_stm32f1xx.c.obj
                0x0800a690                APBPrescTable
 .rodata.HAL_RCC_GetSysClockFreq.str1.4
                0x0800a698       0x11 CMakeFiles/RTOS_TEST.elf.dir/Drivers/STM32F1xx_HAL_Driver/Src/stm32f1xx_hal_rcc.c.obj
 *fill*         0x0800a6a9        0x3 
 .rodata.prvTaskExitError.str1.4
                0x0800a6ac       0x76 CMakeFiles/RTOS_TEST.elf.dir/Middlewares/Third_Party/FreeRTOS/Source/portable/GCC/ARM_CM3/port.c.obj
 *fill*         0x0800a722        0x2 
 .rodata.pvPortMalloc.str1.4
                0x0800a724       0x66 CMakeFiles/RTOS_TEST.elf.dir/Middlewares/Third_Party/FreeRTOS/Source/portable/MemMang/heap_4.c.obj
                                 0x76 (size before relaxing)
 *fill*         0x0800a78a        0x2 
 .rodata.prvTaskIsTaskSuspended.str1.4
                0x0800a78c       0x54 CMakeFiles/RTOS_TEST.elf.dir/Middlewares/Third_Party/FreeRTOS/Source/tasks.c.obj
                                 0x62 (size before relaxing)
 .rodata.vTaskStartScheduler.str1.4
                0x0800a7e0        0x5 CMakeFiles/RTOS_TEST.elf.dir/Middlewares/Third_Party/FreeRTOS/Source/tasks.c.obj
 *fill*         0x0800a7e5        0x3 
 .rodata._global_impure_ptr
                0x0800a7e8        0x4 c:/progra~2/gnuarm~1/102021~1.10/bin/../lib/gcc/arm-none-eabi/10.3.1/../../../../arm-none-eabi/lib/thumb/v7-m/nofp\libg.a(lib_a-impure.o)
                0x0800a7e8                _global_impure_ptr
 .rodata._vfprintf_r.str1.4
                0x0800a7ec       0x42 c:/progra~2/gnuarm~1/102021~1.10/bin/../lib/gcc/arm-none-eabi/10.3.1/../../../../arm-none-eabi/lib/thumb/v7-m/nofp\libg.a(lib_a-vfprintf.o)
 *fill*         0x0800a82e        0x2 
 .rodata.blanks.1
                0x0800a830       0x10 c:/progra~2/gnuarm~1/102021~1.10/bin/../lib/gcc/arm-none-eabi/10.3.1/../../../../arm-none-eabi/lib/thumb/v7-m/nofp\libg.a(lib_a-vfprintf.o)
 .rodata.zeroes.0
                0x0800a840       0x10 c:/progra~2/gnuarm~1/102021~1.10/bin/../lib/gcc/arm-none-eabi/10.3.1/../../../../arm-none-eabi/lib/thumb/v7-m/nofp\libg.a(lib_a-vfprintf.o)
 .rodata._dtoa_r.str1.4
                0x0800a850       0xa2 c:/progra~2/gnuarm~1/102021~1.10/bin/../lib/gcc/arm-none-eabi/10.3.1/../../../../arm-none-eabi/lib/thumb/v7-m/nofp\libg.a(lib_a-dtoa.o)
                                 0xa6 (size before relaxing)
 *fill*         0x0800a8f2        0x2 
 .rodata.__multadd.str1.4
                0x0800a8f4       0x7f c:/progra~2/gnuarm~1/102021~1.10/bin/../lib/gcc/arm-none-eabi/10.3.1/../../../../arm-none-eabi/lib/thumb/v7-m/nofp\libg.a(lib_a-mprec.o)
                                 0x93 (size before relaxing)
 *fill*         0x0800a973        0x5 
 .rodata.__mprec_bigtens
                0x0800a978       0x28 c:/progra~2/gnuarm~1/102021~1.10/bin/../lib/gcc/arm-none-eabi/10.3.1/../../../../arm-none-eabi/lib/thumb/v7-m/nofp\libg.a(lib_a-mprec.o)
                0x0800a978                __mprec_bigtens
 .rodata.__mprec_tens
                0x0800a9a0       0xc8 c:/progra~2/gnuarm~1/102021~1.10/bin/../lib/gcc/arm-none-eabi/10.3.1/../../../../arm-none-eabi/lib/thumb/v7-m/nofp\libg.a(lib_a-mprec.o)
                0x0800a9a0                __mprec_tens
 .rodata.p05.0  0x0800aa68        0xc c:/progra~2/gnuarm~1/102021~1.10/bin/../lib/gcc/arm-none-eabi/10.3.1/../../../../arm-none-eabi/lib/thumb/v7-m/nofp\libg.a(lib_a-mprec.o)
 .rodata._vfiprintf_r.str1.4
                0x0800aa74       0x2f c:/progra~2/gnuarm~1/102021~1.10/bin/../lib/gcc/arm-none-eabi/10.3.1/../../../../arm-none-eabi/lib/thumb/v7-m/nofp\libg.a(lib_a-vfiprintf.o)
 .rodata.blanks.1
                0x0800aa74       0x10 c:/progra~2/gnuarm~1/102021~1.10/bin/../lib/gcc/arm-none-eabi/10.3.1/../../../../arm-none-eabi/lib/thumb/v7-m/nofp\libg.a(lib_a-vfiprintf.o)
 .rodata.zeroes.0
                0x0800aa84       0x10 c:/progra~2/gnuarm~1/102021~1.10/bin/../lib/gcc/arm-none-eabi/10.3.1/../../../../arm-none-eabi/lib/thumb/v7-m/nofp\libg.a(lib_a-vfiprintf.o)
 .rodata.__assert_func.str1.4
                0x0800aa94       0x3f c:/progra~2/gnuarm~1/102021~1.10/bin/../lib/gcc/arm-none-eabi/10.3.1/../../../../arm-none-eabi/lib/thumb/v7-m/nofp\libg.a(lib_a-assert.o)
                                 0x43 (size before relaxing)
 *fill*         0x0800aad3        0x1 
 .rodata._setlocale_r.str1.4
                0x0800aad4        0xa c:/progra~2/gnuarm~1/102021~1.10/bin/../lib/gcc/arm-none-eabi/10.3.1/../../../../arm-none-eabi/lib/thumb/v7-m/nofp\libg.a(lib_a-locale.o)
                                  0xd (size before relaxing)
 *fill*         0x0800aade        0x2 
 .rodata.str1.4
                0x0800aae0        0x2 c:/progra~2/gnuarm~1/102021~1.10/bin/../lib/gcc/arm-none-eabi/10.3.1/../../../../arm-none-eabi/lib/thumb/v7-m/nofp\libg.a(lib_a-locale.o)
 *fill*         0x0800aae2        0x2 
 .rodata._ctype_
                0x0800aae4      0x101 c:/progra~2/gnuarm~1/102021~1.10/bin/../lib/gcc/arm-none-eabi/10.3.1/../../../../arm-none-eabi/lib/thumb/v7-m/nofp\libg.a(lib_a-ctype_.o)
                0x0800aae4                _ctype_
                0x0800abe8                . = ALIGN (0x4)
 *fill*         0x0800abe5        0x3 

.ARM.extab
 *(.ARM.extab* .gnu.linkonce.armextab.*)

.ARM            0x0800abe8        0x8
                0x0800abe8                __exidx_start = .
 *(.ARM.exidx*)
 .ARM.exidx     0x0800abe8        0x8 c:/progra~2/gnuarm~1/102021~1.10/bin/../lib/gcc/arm-none-eabi/10.3.1/thumb/v7-m/nofp\libgcc.a(_udivmoddi4.o)
                0x0800abf0                __exidx_end = .

.rel.dyn        0x0800abf0        0x0
 .rel.iplt      0x0800abf0        0x0 c:/progra~2/gnuarm~1/102021~1.10/bin/../lib/gcc/arm-none-eabi/10.3.1/thumb/v7-m/nofp/crtbegin.o

.preinit_array  0x0800abf0        0x0
                0x0800abf0                PROVIDE (__preinit_array_start = .)
 *(.preinit_array*)
                0x0800abf0                PROVIDE (__preinit_array_end = .)

.init_array     0x0800abf0        0x8
                0x0800abf0                PROVIDE (__init_array_start = .)
 *(SORT_BY_NAME(.init_array.*))
 .init_array.00000
                0x0800abf0        0x4 c:/progra~2/gnuarm~1/102021~1.10/bin/../lib/gcc/arm-none-eabi/10.3.1/../../../../arm-none-eabi/lib/thumb/v7-m/nofp\libg.a(lib_a-__call_atexit.o)
 *(.init_array*)
 .init_array    0x0800abf4        0x4 c:/progra~2/gnuarm~1/102021~1.10/bin/../lib/gcc/arm-none-eabi/10.3.1/thumb/v7-m/nofp/crtbegin.o
                0x0800abf8                PROVIDE (__init_array_end = .)

.fini_array     0x0800abf8        0x4
                0x0800abf8                PROVIDE (__fini_array_start = .)
 *(SORT_BY_NAME(.fini_array.*))
 *(.fini_array*)
 .fini_array    0x0800abf8        0x4 c:/progra~2/gnuarm~1/102021~1.10/bin/../lib/gcc/arm-none-eabi/10.3.1/thumb/v7-m/nofp/crtbegin.o
                0x0800abfc                PROVIDE (__fini_array_end = .)
                0x0800abfc                _sidata = LOADADDR (.data)

.data           0x20000000      0x9c0 load address 0x0800abfc
                0x20000000                . = ALIGN (0x4)
                0x20000000                _sdata = .
 *(.data)
 *(.data*)
 .data.SystemCoreClock
                0x20000000        0x4 CMakeFiles/RTOS_TEST.elf.dir/Core/Src/system_stm32f1xx.c.obj
                0x20000000                SystemCoreClock
 .data.uwTickFreq
                0x20000004        0x1 CMakeFiles/RTOS_TEST.elf.dir/Drivers/STM32F1xx_HAL_Driver/Src/stm32f1xx_hal.c.obj
                0x20000004                uwTickFreq
 *fill*         0x20000005        0x3 
 .data.uwTickPrio
                0x20000008        0x4 CMakeFiles/RTOS_TEST.elf.dir/Drivers/STM32F1xx_HAL_Driver/Src/stm32f1xx_hal.c.obj
                0x20000008                uwTickPrio
 .data.uxCriticalNesting
                0x2000000c        0x4 CMakeFiles/RTOS_TEST.elf.dir/Middlewares/Third_Party/FreeRTOS/Source/portable/GCC/ARM_CM3/port.c.obj
 .data._impure_ptr
                0x20000010        0x4 c:/progra~2/gnuarm~1/102021~1.10/bin/../lib/gcc/arm-none-eabi/10.3.1/../../../../arm-none-eabi/lib/thumb/v7-m/nofp\libg.a(lib_a-impure.o)
                0x20000010                _impure_ptr
 *fill*         0x20000014        0x4 
 .data.impure_data
                0x20000018      0x428 c:/progra~2/gnuarm~1/102021~1.10/bin/../lib/gcc/arm-none-eabi/10.3.1/../../../../arm-none-eabi/lib/thumb/v7-m/nofp\libg.a(lib_a-impure.o)
 .data.__atexit_recursive_mutex
                0x20000440        0x4 c:/progra~2/gnuarm~1/102021~1.10/bin/../lib/gcc/arm-none-eabi/10.3.1/../../../../arm-none-eabi/lib/thumb/v7-m/nofp\libg.a(lib_a-__call_atexit.o)
                0x20000440                __atexit_recursive_mutex
 .data.__malloc_av_
                0x20000444      0x408 c:/progra~2/gnuarm~1/102021~1.10/bin/../lib/gcc/arm-none-eabi/10.3.1/../../../../arm-none-eabi/lib/thumb/v7-m/nofp\libg.a(lib_a-mallocr.o)
                0x20000444                __malloc_av_
 .data.__malloc_sbrk_base
                0x2000084c        0x4 c:/progra~2/gnuarm~1/102021~1.10/bin/../lib/gcc/arm-none-eabi/10.3.1/../../../../arm-none-eabi/lib/thumb/v7-m/nofp\libg.a(lib_a-mallocr.o)
                0x2000084c                __malloc_sbrk_base
 .data.__malloc_trim_threshold
                0x20000850        0x4 c:/progra~2/gnuarm~1/102021~1.10/bin/../lib/gcc/arm-none-eabi/10.3.1/../../../../arm-none-eabi/lib/thumb/v7-m/nofp\libg.a(lib_a-mallocr.o)
                0x20000850                __malloc_trim_threshold
 .data.__global_locale
                0x20000854      0x16c c:/progra~2/gnuarm~1/102021~1.10/bin/../lib/gcc/arm-none-eabi/10.3.1/../../../../arm-none-eabi/lib/thumb/v7-m/nofp\libg.a(lib_a-locale.o)
                0x20000854                __global_locale
                0x200009c0                . = ALIGN (0x4)
                0x200009c0                _edata = .

.igot.plt       0x200009c0        0x0 load address 0x0800b5bc
 .igot.plt      0x200009c0        0x0 c:/progra~2/gnuarm~1/102021~1.10/bin/../lib/gcc/arm-none-eabi/10.3.1/thumb/v7-m/nofp/crtbegin.o
                0x200009c0                . = ALIGN (0x4)

.bss            0x200009c0     0x10b4 load address 0x0800b5bc
                0x200009c0                _sbss = .
                0x200009c0                __bss_start__ = _sbss
 *(.bss)
 .bss           0x200009c0       0x1c c:/progra~2/gnuarm~1/102021~1.10/bin/../lib/gcc/arm-none-eabi/10.3.1/thumb/v7-m/nofp/crtbegin.o
 *(.bss*)
 .bss.RX_BUF_6050
                0x200009dc       0x32 CMakeFiles/RTOS_TEST.elf.dir/Core/SYSTEM/usart/usart.c.obj
                0x200009dc                RX_BUF_6050
 *fill*         0x20000a0e        0x2 
 .bss.UART1_Handler
                0x20000a10       0x44 CMakeFiles/RTOS_TEST.elf.dir/Core/SYSTEM/usart/usart.c.obj
                0x20000a10                UART1_Handler
 .bss.UART2_Handler
                0x20000a54       0x44 CMakeFiles/RTOS_TEST.elf.dir/Core/SYSTEM/usart/usart.c.obj
                0x20000a54                UART2_Handler
 .bss.USART_RX_BUF
                0x20000a98       0xc8 CMakeFiles/RTOS_TEST.elf.dir/Core/SYSTEM/usart/usart.c.obj
                0x20000a98                USART_RX_BUF
 .bss.USART_RX_STA
                0x20000b60        0x2 CMakeFiles/RTOS_TEST.elf.dir/Core/SYSTEM/usart/usart.c.obj
                0x20000b60                USART_RX_STA
 *fill*         0x20000b62        0x2 
 .bss.aRxBuffer
                0x20000b64        0x1 CMakeFiles/RTOS_TEST.elf.dir/Core/SYSTEM/usart/usart.c.obj
                0x20000b64                aRxBuffer
 *fill*         0x20000b65        0x3 
 .bss.bRxBuffer
                0x20000b68        0x1 CMakeFiles/RTOS_TEST.elf.dir/Core/SYSTEM/usart/usart.c.obj
                0x20000b68                bRxBuffer
 *fill*         0x20000b69        0x3 
 .bss.hdma_usart1_rx
                0x20000b6c       0x44 CMakeFiles/RTOS_TEST.elf.dir/Core/SYSTEM/usart/usart.c.obj
                0x20000b6c                hdma_usart1_rx
 .bss.hdma_usart1_tx
                0x20000bb0       0x44 CMakeFiles/RTOS_TEST.elf.dir/Core/SYSTEM/usart/usart.c.obj
                0x20000bb0                hdma_usart1_tx
 .bss.i.1       0x20000bf4        0x1 CMakeFiles/RTOS_TEST.elf.dir/Core/SYSTEM/usart/usart.c.obj
 *fill*         0x20000bf5        0x3 
 .bss.rebuf.0   0x20000bf8        0xd CMakeFiles/RTOS_TEST.elf.dir/Core/SYSTEM/usart/usart.c.obj
 .bss.stata_6050
                0x20000c05        0x1 CMakeFiles/RTOS_TEST.elf.dir/Core/SYSTEM/usart/usart.c.obj
                0x20000c05                stata_6050
 *fill*         0x20000c06        0x2 
 .bss.hadc1     0x20000c08       0x30 CMakeFiles/RTOS_TEST.elf.dir/Core/Src/adc.c.obj
                0x20000c08                hadc1
 .bss.hdma_adc1
                0x20000c38       0x44 CMakeFiles/RTOS_TEST.elf.dir/Core/Src/adc.c.obj
                0x20000c38                hdma_adc1
 .bss.adcTaskHandle
                0x20000c7c        0x4 CMakeFiles/RTOS_TEST.elf.dir/Core/Src/freertos.c.obj
                0x20000c7c                adcTaskHandle
 .bss.defaultTaskHandle
                0x20000c80        0x4 CMakeFiles/RTOS_TEST.elf.dir/Core/Src/freertos.c.obj
                0x20000c80                defaultTaskHandle
 .bss.ledTaskHandle
                0x20000c84        0x4 CMakeFiles/RTOS_TEST.elf.dir/Core/Src/freertos.c.obj
                0x20000c84                ledTaskHandle
 .bss.uartRxTaskHandle
                0x20000c88        0x4 CMakeFiles/RTOS_TEST.elf.dir/Core/Src/freertos.c.obj
                0x20000c88                uartRxTaskHandle
 .bss.gHuart    0x20000c8c        0x4 CMakeFiles/RTOS_TEST.elf.dir/Core/Src/retarget.c.obj
                0x20000c8c                gHuart
 .bss.heap_end.0
                0x20000c90        0x4 CMakeFiles/RTOS_TEST.elf.dir/Core/Src/syscalls.c.obj
 .bss.htim2     0x20000c94       0x48 CMakeFiles/RTOS_TEST.elf.dir/Core/Src/tim.c.obj
                0x20000c94                htim2
 .bss.uwTick    0x20000cdc        0x4 CMakeFiles/RTOS_TEST.elf.dir/Drivers/STM32F1xx_HAL_Driver/Src/stm32f1xx_hal.c.obj
                0x20000cdc                uwTick
 .bss.ucMaxSysCallPriority
                0x20000ce0        0x1 CMakeFiles/RTOS_TEST.elf.dir/Middlewares/Third_Party/FreeRTOS/Source/portable/GCC/ARM_CM3/port.c.obj
 *fill*         0x20000ce1        0x3 
 .bss.ulMaxPRIGROUPValue
                0x20000ce4        0x4 CMakeFiles/RTOS_TEST.elf.dir/Middlewares/Third_Party/FreeRTOS/Source/portable/GCC/ARM_CM3/port.c.obj
 .bss.pxEnd     0x20000ce8        0x4 CMakeFiles/RTOS_TEST.elf.dir/Middlewares/Third_Party/FreeRTOS/Source/portable/MemMang/heap_4.c.obj
 .bss.ucHeap    0x20000cec      0xc00 CMakeFiles/RTOS_TEST.elf.dir/Middlewares/Third_Party/FreeRTOS/Source/portable/MemMang/heap_4.c.obj
 .bss.xBlockAllocatedBit
                0x200018ec        0x4 CMakeFiles/RTOS_TEST.elf.dir/Middlewares/Third_Party/FreeRTOS/Source/portable/MemMang/heap_4.c.obj
 .bss.xFreeBytesRemaining
                0x200018f0        0x4 CMakeFiles/RTOS_TEST.elf.dir/Middlewares/Third_Party/FreeRTOS/Source/portable/MemMang/heap_4.c.obj
 .bss.xMinimumEverFreeBytesRemaining
                0x200018f4        0x4 CMakeFiles/RTOS_TEST.elf.dir/Middlewares/Third_Party/FreeRTOS/Source/portable/MemMang/heap_4.c.obj
 .bss.xStart    0x200018f8        0x8 CMakeFiles/RTOS_TEST.elf.dir/Middlewares/Third_Party/FreeRTOS/Source/portable/MemMang/heap_4.c.obj
 .bss.pxCurrentTCB
                0x20001900        0x4 CMakeFiles/RTOS_TEST.elf.dir/Middlewares/Third_Party/FreeRTOS/Source/tasks.c.obj
                0x20001900                pxCurrentTCB
 .bss.pxDelayedTaskList
                0x20001904        0x4 CMakeFiles/RTOS_TEST.elf.dir/Middlewares/Third_Party/FreeRTOS/Source/tasks.c.obj
 .bss.pxOverflowDelayedTaskList
                0x20001908        0x4 CMakeFiles/RTOS_TEST.elf.dir/Middlewares/Third_Party/FreeRTOS/Source/tasks.c.obj
 .bss.pxReadyTasksLists
                0x2000190c       0x8c CMakeFiles/RTOS_TEST.elf.dir/Middlewares/Third_Party/FreeRTOS/Source/tasks.c.obj
 .bss.uxCurrentNumberOfTasks
                0x20001998        0x4 CMakeFiles/RTOS_TEST.elf.dir/Middlewares/Third_Party/FreeRTOS/Source/tasks.c.obj
 .bss.uxDeletedTasksWaitingCleanUp
                0x2000199c        0x4 CMakeFiles/RTOS_TEST.elf.dir/Middlewares/Third_Party/FreeRTOS/Source/tasks.c.obj
 .bss.uxPendedTicks
                0x200019a0        0x4 CMakeFiles/RTOS_TEST.elf.dir/Middlewares/Third_Party/FreeRTOS/Source/tasks.c.obj
 .bss.uxSchedulerSuspended
                0x200019a4        0x4 CMakeFiles/RTOS_TEST.elf.dir/Middlewares/Third_Party/FreeRTOS/Source/tasks.c.obj
 .bss.uxTaskNumber
                0x200019a8        0x4 CMakeFiles/RTOS_TEST.elf.dir/Middlewares/Third_Party/FreeRTOS/Source/tasks.c.obj
 .bss.uxTopReadyPriority
                0x200019ac        0x4 CMakeFiles/RTOS_TEST.elf.dir/Middlewares/Third_Party/FreeRTOS/Source/tasks.c.obj
 .bss.xDelayedTaskList1
                0x200019b0       0x14 CMakeFiles/RTOS_TEST.elf.dir/Middlewares/Third_Party/FreeRTOS/Source/tasks.c.obj
 .bss.xDelayedTaskList2
                0x200019c4       0x14 CMakeFiles/RTOS_TEST.elf.dir/Middlewares/Third_Party/FreeRTOS/Source/tasks.c.obj
 .bss.xIdleTaskHandle
                0x200019d8        0x4 CMakeFiles/RTOS_TEST.elf.dir/Middlewares/Third_Party/FreeRTOS/Source/tasks.c.obj
 .bss.xNextTaskUnblockTime
                0x200019dc        0x4 CMakeFiles/RTOS_TEST.elf.dir/Middlewares/Third_Party/FreeRTOS/Source/tasks.c.obj
 .bss.xNumOfOverflows
                0x200019e0        0x4 CMakeFiles/RTOS_TEST.elf.dir/Middlewares/Third_Party/FreeRTOS/Source/tasks.c.obj
 .bss.xPendingReadyList
                0x200019e4       0x14 CMakeFiles/RTOS_TEST.elf.dir/Middlewares/Third_Party/FreeRTOS/Source/tasks.c.obj
 .bss.xSchedulerRunning
                0x200019f8        0x4 CMakeFiles/RTOS_TEST.elf.dir/Middlewares/Third_Party/FreeRTOS/Source/tasks.c.obj
 .bss.xSuspendedTaskList
                0x200019fc       0x14 CMakeFiles/RTOS_TEST.elf.dir/Middlewares/Third_Party/FreeRTOS/Source/tasks.c.obj
 .bss.xTasksWaitingTermination
                0x20001a10       0x14 CMakeFiles/RTOS_TEST.elf.dir/Middlewares/Third_Party/FreeRTOS/Source/tasks.c.obj
 .bss.xTickCount
                0x20001a24        0x4 CMakeFiles/RTOS_TEST.elf.dir/Middlewares/Third_Party/FreeRTOS/Source/tasks.c.obj
 .bss.xYieldPending
                0x20001a28        0x4 CMakeFiles/RTOS_TEST.elf.dir/Middlewares/Third_Party/FreeRTOS/Source/tasks.c.obj
 .bss.__lock___atexit_recursive_mutex
                0x20001a2c        0x1 c:/progra~2/gnuarm~1/102021~1.10/bin/../lib/gcc/arm-none-eabi/10.3.1/../../../../arm-none-eabi/lib/thumb/v7-m/nofp\libg.a(lib_a-lock.o)
                0x20001a2c                __lock___atexit_recursive_mutex
 *fill*         0x20001a2d        0x3 
 .bss.__lock___malloc_recursive_mutex
                0x20001a30        0x1 c:/progra~2/gnuarm~1/102021~1.10/bin/../lib/gcc/arm-none-eabi/10.3.1/../../../../arm-none-eabi/lib/thumb/v7-m/nofp\libg.a(lib_a-lock.o)
                0x20001a30                __lock___malloc_recursive_mutex
 *fill*         0x20001a31        0x3 
 .bss.__lock___sfp_recursive_mutex
                0x20001a34        0x1 c:/progra~2/gnuarm~1/102021~1.10/bin/../lib/gcc/arm-none-eabi/10.3.1/../../../../arm-none-eabi/lib/thumb/v7-m/nofp\libg.a(lib_a-lock.o)
                0x20001a34                __lock___sfp_recursive_mutex
 *fill*         0x20001a35        0x3 
 .bss.__lock___sinit_recursive_mutex
                0x20001a38        0x1 c:/progra~2/gnuarm~1/102021~1.10/bin/../lib/gcc/arm-none-eabi/10.3.1/../../../../arm-none-eabi/lib/thumb/v7-m/nofp\libg.a(lib_a-lock.o)
                0x20001a38                __lock___sinit_recursive_mutex
 *fill*         0x20001a39        0x3 
 .bss.__malloc_current_mallinfo
                0x20001a3c       0x28 c:/progra~2/gnuarm~1/102021~1.10/bin/../lib/gcc/arm-none-eabi/10.3.1/../../../../arm-none-eabi/lib/thumb/v7-m/nofp\libg.a(lib_a-mallocr.o)
                0x20001a3c                __malloc_current_mallinfo
 .bss.__malloc_max_sbrked_mem
                0x20001a64        0x4 c:/progra~2/gnuarm~1/102021~1.10/bin/../lib/gcc/arm-none-eabi/10.3.1/../../../../arm-none-eabi/lib/thumb/v7-m/nofp\libg.a(lib_a-mallocr.o)
                0x20001a64                __malloc_max_sbrked_mem
 .bss.__malloc_max_total_mem
                0x20001a68        0x4 c:/progra~2/gnuarm~1/102021~1.10/bin/../lib/gcc/arm-none-eabi/10.3.1/../../../../arm-none-eabi/lib/thumb/v7-m/nofp\libg.a(lib_a-mallocr.o)
                0x20001a68                __malloc_max_total_mem
 .bss.__malloc_top_pad
                0x20001a6c        0x4 c:/progra~2/gnuarm~1/102021~1.10/bin/../lib/gcc/arm-none-eabi/10.3.1/../../../../arm-none-eabi/lib/thumb/v7-m/nofp\libg.a(lib_a-mallocr.o)
                0x20001a6c                __malloc_top_pad
 .bss.errno     0x20001a70        0x4 c:/progra~2/gnuarm~1/102021~1.10/bin/../lib/gcc/arm-none-eabi/10.3.1/../../../../arm-none-eabi/lib/thumb/v7-m/nofp\libg.a(lib_a-reent.o)
                0x20001a70                errno
 *(COMMON)
                0x20001a74                . = ALIGN (0x4)
                0x20001a74                _ebss = .
                0x20001a74                __bss_end__ = _ebss

._user_heap_stack
                0x20001a74      0x604 load address 0x0800b5bc
                0x20001a78                . = ALIGN (0x8)
 *fill*         0x20001a74        0x4 
                0x20001a78                PROVIDE (end = .)
                [!provide]                PROVIDE (_end = .)
                0x20001c78                . = (. + _Min_Heap_Size)
 *fill*         0x20001a78      0x200 
                0x20002078                . = (. + _Min_Stack_Size)
 *fill*         0x20001c78      0x400 
                0x20002078                . = ALIGN (0x8)

/DISCARD/
 libc.a(*)
 libm.a(*)
 libgcc.a(*)

.ARM.attributes
                0x00000000       0x29
 *(.ARM.attributes)
 .ARM.attributes
                0x00000000       0x1d c:/progra~2/gnuarm~1/102021~1.10/bin/../lib/gcc/arm-none-eabi/10.3.1/thumb/v7-m/nofp/crti.o
 .ARM.attributes
                0x0000001d       0x2d c:/progra~2/gnuarm~1/102021~1.10/bin/../lib/gcc/arm-none-eabi/10.3.1/thumb/v7-m/nofp/crtbegin.o
 .ARM.attributes
                0x0000004a       0x2d CMakeFiles/RTOS_TEST.elf.dir/Core/SYSTEM/usart/usart.c.obj
 .ARM.attributes
                0x00000077       0x2d CMakeFiles/RTOS_TEST.elf.dir/Core/Src/adc.c.obj
 .ARM.attributes
                0x000000a4       0x2d CMakeFiles/RTOS_TEST.elf.dir/Core/Src/dma.c.obj
 .ARM.attributes
                0x000000d1       0x2d CMakeFiles/RTOS_TEST.elf.dir/Core/Src/freertos.c.obj
 .ARM.attributes
                0x000000fe       0x2d CMakeFiles/RTOS_TEST.elf.dir/Core/Src/gpio.c.obj
 .ARM.attributes
                0x0000012b       0x2d CMakeFiles/RTOS_TEST.elf.dir/Core/Src/main.c.obj
 .ARM.attributes
                0x00000158       0x2d CMakeFiles/RTOS_TEST.elf.dir/Core/Src/retarget.c.obj
 .ARM.attributes
                0x00000185       0x2d CMakeFiles/RTOS_TEST.elf.dir/Core/Src/stm32f1xx_hal_msp.c.obj
 .ARM.attributes
                0x000001b2       0x2d CMakeFiles/RTOS_TEST.elf.dir/Core/Src/stm32f1xx_it.c.obj
 .ARM.attributes
                0x000001df       0x2d CMakeFiles/RTOS_TEST.elf.dir/Core/Src/syscalls.c.obj
 .ARM.attributes
                0x0000020c       0x2d CMakeFiles/RTOS_TEST.elf.dir/Core/Src/system_stm32f1xx.c.obj
 .ARM.attributes
                0x00000239       0x2d CMakeFiles/RTOS_TEST.elf.dir/Core/Src/tim.c.obj
 .ARM.attributes
                0x00000266       0x2d CMakeFiles/RTOS_TEST.elf.dir/Drivers/STM32F1xx_HAL_Driver/Src/stm32f1xx_hal.c.obj
 .ARM.attributes
                0x00000293       0x2d CMakeFiles/RTOS_TEST.elf.dir/Drivers/STM32F1xx_HAL_Driver/Src/stm32f1xx_hal_adc.c.obj
 .ARM.attributes
                0x000002c0       0x2d CMakeFiles/RTOS_TEST.elf.dir/Drivers/STM32F1xx_HAL_Driver/Src/stm32f1xx_hal_adc_ex.c.obj
 .ARM.attributes
                0x000002ed       0x2d CMakeFiles/RTOS_TEST.elf.dir/Drivers/STM32F1xx_HAL_Driver/Src/stm32f1xx_hal_cortex.c.obj
 .ARM.attributes
                0x0000031a       0x2d CMakeFiles/RTOS_TEST.elf.dir/Drivers/STM32F1xx_HAL_Driver/Src/stm32f1xx_hal_dma.c.obj
 .ARM.attributes
                0x00000347       0x2d CMakeFiles/RTOS_TEST.elf.dir/Drivers/STM32F1xx_HAL_Driver/Src/stm32f1xx_hal_gpio.c.obj
 .ARM.attributes
                0x00000374       0x2d CMakeFiles/RTOS_TEST.elf.dir/Drivers/STM32F1xx_HAL_Driver/Src/stm32f1xx_hal_rcc.c.obj
 .ARM.attributes
                0x000003a1       0x2d CMakeFiles/RTOS_TEST.elf.dir/Drivers/STM32F1xx_HAL_Driver/Src/stm32f1xx_hal_rcc_ex.c.obj
 .ARM.attributes
                0x000003ce       0x2d CMakeFiles/RTOS_TEST.elf.dir/Drivers/STM32F1xx_HAL_Driver/Src/stm32f1xx_hal_tim.c.obj
 .ARM.attributes
                0x000003fb       0x2d CMakeFiles/RTOS_TEST.elf.dir/Drivers/STM32F1xx_HAL_Driver/Src/stm32f1xx_hal_tim_ex.c.obj
 .ARM.attributes
                0x00000428       0x2d CMakeFiles/RTOS_TEST.elf.dir/Drivers/STM32F1xx_HAL_Driver/Src/stm32f1xx_hal_uart.c.obj
 .ARM.attributes
                0x00000455       0x2d CMakeFiles/RTOS_TEST.elf.dir/Middlewares/Third_Party/FreeRTOS/Source/CMSIS_RTOS/cmsis_os.c.obj
 .ARM.attributes
                0x00000482       0x2d CMakeFiles/RTOS_TEST.elf.dir/Middlewares/Third_Party/FreeRTOS/Source/list.c.obj
 .ARM.attributes
                0x000004af       0x2d CMakeFiles/RTOS_TEST.elf.dir/Middlewares/Third_Party/FreeRTOS/Source/portable/GCC/ARM_CM3/port.c.obj
 .ARM.attributes
                0x000004dc       0x2d CMakeFiles/RTOS_TEST.elf.dir/Middlewares/Third_Party/FreeRTOS/Source/portable/MemMang/heap_4.c.obj
 .ARM.attributes
                0x00000509       0x2d CMakeFiles/RTOS_TEST.elf.dir/Middlewares/Third_Party/FreeRTOS/Source/tasks.c.obj
 .ARM.attributes
                0x00000536       0x21 CMakeFiles/RTOS_TEST.elf.dir/startup/startup_stm32f103xb.s.obj
 .ARM.attributes
                0x00000557       0x2d c:/progra~2/gnuarm~1/102021~1.10/bin/../lib/gcc/arm-none-eabi/10.3.1/../../../../arm-none-eabi/lib/thumb/v7-m/nofp\libg.a(lib_a-errno.o)
 .ARM.attributes
                0x00000584       0x2d c:/progra~2/gnuarm~1/102021~1.10/bin/../lib/gcc/arm-none-eabi/10.3.1/../../../../arm-none-eabi/lib/thumb/v7-m/nofp\libg.a(lib_a-impure.o)
 .ARM.attributes
                0x000005b1       0x2d c:/progra~2/gnuarm~1/102021~1.10/bin/../lib/gcc/arm-none-eabi/10.3.1/../../../../arm-none-eabi/lib/thumb/v7-m/nofp\libg.a(lib_a-init.o)
 .ARM.attributes
                0x000005de       0x1b c:/progra~2/gnuarm~1/102021~1.10/bin/../lib/gcc/arm-none-eabi/10.3.1/../../../../arm-none-eabi/lib/thumb/v7-m/nofp\libg.a(lib_a-memcpy.o)
 .ARM.attributes
                0x000005f9       0x2d c:/progra~2/gnuarm~1/102021~1.10/bin/../lib/gcc/arm-none-eabi/10.3.1/../../../../arm-none-eabi/lib/thumb/v7-m/nofp\libg.a(lib_a-memset.o)
 .ARM.attributes
                0x00000626       0x2d c:/progra~2/gnuarm~1/102021~1.10/bin/../lib/gcc/arm-none-eabi/10.3.1/../../../../arm-none-eabi/lib/thumb/v7-m/nofp\libg.a(lib_a-printf.o)
 .ARM.attributes
                0x00000653       0x2d c:/progra~2/gnuarm~1/102021~1.10/bin/../lib/gcc/arm-none-eabi/10.3.1/../../../../arm-none-eabi/lib/thumb/v7-m/nofp\libg.a(lib_a-setvbuf.o)
 .ARM.attributes
                0x00000680       0x2d c:/progra~2/gnuarm~1/102021~1.10/bin/../lib/gcc/arm-none-eabi/10.3.1/../../../../arm-none-eabi/lib/thumb/v7-m/nofp\libg.a(lib_a-vfprintf.o)
 .ARM.attributes
                0x000006ad       0x2d c:/progra~2/gnuarm~1/102021~1.10/bin/../lib/gcc/arm-none-eabi/10.3.1/../../../../arm-none-eabi/lib/thumb/v7-m/nofp\libg.a(lib_a-wsetup.o)
 .ARM.attributes
                0x000006da       0x2d c:/progra~2/gnuarm~1/102021~1.10/bin/../lib/gcc/arm-none-eabi/10.3.1/../../../../arm-none-eabi/lib/thumb/v7-m/nofp\libg.a(lib_a-__call_atexit.o)
 .ARM.attributes
                0x00000707       0x2d c:/progra~2/gnuarm~1/102021~1.10/bin/../lib/gcc/arm-none-eabi/10.3.1/../../../../arm-none-eabi/lib/thumb/v7-m/nofp\libg.a(lib_a-atexit.o)
 .ARM.attributes
                0x00000734       0x2d c:/progra~2/gnuarm~1/102021~1.10/bin/../lib/gcc/arm-none-eabi/10.3.1/../../../../arm-none-eabi/lib/thumb/v7-m/nofp\libg.a(lib_a-dtoa.o)
 .ARM.attributes
                0x00000761       0x2d c:/progra~2/gnuarm~1/102021~1.10/bin/../lib/gcc/arm-none-eabi/10.3.1/../../../../arm-none-eabi/lib/thumb/v7-m/nofp\libg.a(lib_a-fflush.o)
 .ARM.attributes
                0x0000078e       0x2d c:/progra~2/gnuarm~1/102021~1.10/bin/../lib/gcc/arm-none-eabi/10.3.1/../../../../arm-none-eabi/lib/thumb/v7-m/nofp\libg.a(lib_a-findfp.o)
 .ARM.attributes
                0x000007bb       0x2d c:/progra~2/gnuarm~1/102021~1.10/bin/../lib/gcc/arm-none-eabi/10.3.1/../../../../arm-none-eabi/lib/thumb/v7-m/nofp\libg.a(lib_a-fini.o)
 .ARM.attributes
                0x000007e8       0x2d c:/progra~2/gnuarm~1/102021~1.10/bin/../lib/gcc/arm-none-eabi/10.3.1/../../../../arm-none-eabi/lib/thumb/v7-m/nofp\libg.a(lib_a-freer.o)
 .ARM.attributes
                0x00000815       0x2d c:/progra~2/gnuarm~1/102021~1.10/bin/../lib/gcc/arm-none-eabi/10.3.1/../../../../arm-none-eabi/lib/thumb/v7-m/nofp\libg.a(lib_a-fwalk.o)
 .ARM.attributes
                0x00000842       0x2d c:/progra~2/gnuarm~1/102021~1.10/bin/../lib/gcc/arm-none-eabi/10.3.1/../../../../arm-none-eabi/lib/thumb/v7-m/nofp\libg.a(lib_a-localeconv.o)
 .ARM.attributes
                0x0000086f       0x2d c:/progra~2/gnuarm~1/102021~1.10/bin/../lib/gcc/arm-none-eabi/10.3.1/../../../../arm-none-eabi/lib/thumb/v7-m/nofp\libg.a(lib_a-lock.o)
 .ARM.attributes
                0x0000089c       0x2d c:/progra~2/gnuarm~1/102021~1.10/bin/../lib/gcc/arm-none-eabi/10.3.1/../../../../arm-none-eabi/lib/thumb/v7-m/nofp\libg.a(lib_a-makebuf.o)
 .ARM.attributes
                0x000008c9       0x2d c:/progra~2/gnuarm~1/102021~1.10/bin/../lib/gcc/arm-none-eabi/10.3.1/../../../../arm-none-eabi/lib/thumb/v7-m/nofp\libg.a(lib_a-malloc.o)
 .ARM.attributes
                0x000008f6       0x2d c:/progra~2/gnuarm~1/102021~1.10/bin/../lib/gcc/arm-none-eabi/10.3.1/../../../../arm-none-eabi/lib/thumb/v7-m/nofp\libg.a(lib_a-mallocr.o)
 .ARM.attributes
                0x00000923       0x2d c:/progra~2/gnuarm~1/102021~1.10/bin/../lib/gcc/arm-none-eabi/10.3.1/../../../../arm-none-eabi/lib/thumb/v7-m/nofp\libg.a(lib_a-memchr-stub.o)
 .ARM.attributes
                0x00000950       0x2d c:/progra~2/gnuarm~1/102021~1.10/bin/../lib/gcc/arm-none-eabi/10.3.1/../../../../arm-none-eabi/lib/thumb/v7-m/nofp\libg.a(lib_a-mlock.o)
 .ARM.attributes
                0x0000097d       0x2d c:/progra~2/gnuarm~1/102021~1.10/bin/../lib/gcc/arm-none-eabi/10.3.1/../../../../arm-none-eabi/lib/thumb/v7-m/nofp\libg.a(lib_a-mprec.o)
 .ARM.attributes
                0x000009aa       0x2d c:/progra~2/gnuarm~1/102021~1.10/bin/../lib/gcc/arm-none-eabi/10.3.1/../../../../arm-none-eabi/lib/thumb/v7-m/nofp\libg.a(lib_a-s_frexp.o)
 .ARM.attributes
                0x000009d7       0x2d c:/progra~2/gnuarm~1/102021~1.10/bin/../lib/gcc/arm-none-eabi/10.3.1/../../../../arm-none-eabi/lib/thumb/v7-m/nofp\libg.a(lib_a-sbrkr.o)
 .ARM.attributes
                0x00000a04       0x2d c:/progra~2/gnuarm~1/102021~1.10/bin/../lib/gcc/arm-none-eabi/10.3.1/../../../../arm-none-eabi/lib/thumb/v7-m/nofp\libg.a(lib_a-stdio.o)
 .ARM.attributes
                0x00000a31       0x2d c:/progra~2/gnuarm~1/102021~1.10/bin/../lib/gcc/arm-none-eabi/10.3.1/../../../../arm-none-eabi/lib/thumb/v7-m/nofp\libg.a(lib_a-strlen-stub.o)
 .ARM.attributes
                0x00000a5e       0x2d c:/progra~2/gnuarm~1/102021~1.10/bin/../lib/gcc/arm-none-eabi/10.3.1/../../../../arm-none-eabi/lib/thumb/v7-m/nofp\libg.a(lib_a-strncpy.o)
 .ARM.attributes
                0x00000a8b       0x2d c:/progra~2/gnuarm~1/102021~1.10/bin/../lib/gcc/arm-none-eabi/10.3.1/../../../../arm-none-eabi/lib/thumb/v7-m/nofp\libg.a(lib_a-vfiprintf.o)
 .ARM.attributes
                0x00000ab8       0x2d c:/progra~2/gnuarm~1/102021~1.10/bin/../lib/gcc/arm-none-eabi/10.3.1/../../../../arm-none-eabi/lib/thumb/v7-m/nofp\libg.a(lib_a-writer.o)
 .ARM.attributes
                0x00000ae5       0x2d c:/progra~2/gnuarm~1/102021~1.10/bin/../lib/gcc/arm-none-eabi/10.3.1/../../../../arm-none-eabi/lib/thumb/v7-m/nofp\libg.a(lib_a-__atexit.o)
 .ARM.attributes
                0x00000b12       0x2d c:/progra~2/gnuarm~1/102021~1.10/bin/../lib/gcc/arm-none-eabi/10.3.1/../../../../arm-none-eabi/lib/thumb/v7-m/nofp\libg.a(lib_a-assert.o)
 .ARM.attributes
                0x00000b3f       0x2d c:/progra~2/gnuarm~1/102021~1.10/bin/../lib/gcc/arm-none-eabi/10.3.1/../../../../arm-none-eabi/lib/thumb/v7-m/nofp\libg.a(lib_a-callocr.o)
 .ARM.attributes
                0x00000b6c       0x2d c:/progra~2/gnuarm~1/102021~1.10/bin/../lib/gcc/arm-none-eabi/10.3.1/../../../../arm-none-eabi/lib/thumb/v7-m/nofp\libg.a(lib_a-closer.o)
 .ARM.attributes
                0x00000b99       0x2d c:/progra~2/gnuarm~1/102021~1.10/bin/../lib/gcc/arm-none-eabi/10.3.1/../../../../arm-none-eabi/lib/thumb/v7-m/nofp\libg.a(lib_a-fclose.o)
 .ARM.attributes
                0x00000bc6       0x2d c:/progra~2/gnuarm~1/102021~1.10/bin/../lib/gcc/arm-none-eabi/10.3.1/../../../../arm-none-eabi/lib/thumb/v7-m/nofp\libg.a(lib_a-fiprintf.o)
 .ARM.attributes
                0x00000bf3       0x2d c:/progra~2/gnuarm~1/102021~1.10/bin/../lib/gcc/arm-none-eabi/10.3.1/../../../../arm-none-eabi/lib/thumb/v7-m/nofp\libg.a(lib_a-fputwc.o)
 .ARM.attributes